###############################################################################
#
# IAR ELF Linker V8.32.1.169/W32 for ARM                  03/Aug/2020  00:34:54
# Copyright 2007-2018 IAR Systems AB.
#
#    Output file  =  
#        D:\Longer\智能车赛\my_programs\MAX&FFT_K66\project\Debug\Exe\template.out
#    Map file     =  
#        D:\Longer\智能车赛\my_programs\MAX&FFT_K66\project\Debug\List\template.map
#    Command line =  
#        -f C:\Users\37157\AppData\Local\Temp\EW7A60.tmp
#        (D:\Longer\智能车赛\my_programs\MAX&FFT_K66\project\Debug\Obj\ADC&DMA.o
#        D:\Longer\智能车赛\my_programs\MAX&FFT_K66\project\Debug\Obj\ANO_DT.o
#        D:\Longer\智能车赛\my_programs\MAX&FFT_K66\project\Debug\Obj\FFT.o
#        D:\Longer\智能车赛\my_programs\MAX&FFT_K66\project\Debug\Obj\fsl_clock.o
#        D:\Longer\智能车赛\my_programs\MAX&FFT_K66\project\Debug\Obj\fsl_common.o
#        D:\Longer\智能车赛\my_programs\MAX&FFT_K66\project\Debug\Obj\IRQ_Handler.o
#        D:\Longer\智能车赛\my_programs\MAX&FFT_K66\project\Debug\Obj\LG_EncTPM.o
#        D:\Longer\智能车赛\my_programs\MAX&FFT_K66\project\Debug\Obj\Longer_motor.o
#        D:\Longer\智能车赛\my_programs\MAX&FFT_K66\project\Debug\Obj\LQ_LED.o
#        D:\Longer\智能车赛\my_programs\MAX&FFT_K66\project\Debug\Obj\main.o
#        D:\Longer\智能车赛\my_programs\MAX&FFT_K66\project\Debug\Obj\MK60_ADC.o
#        D:\Longer\智能车赛\my_programs\MAX&FFT_K66\project\Debug\Obj\MK60_CMT.o
#        D:\Longer\智能车赛\my_programs\MAX&FFT_K66\project\Debug\Obj\MK60_DMA.o
#        D:\Longer\智能车赛\my_programs\MAX&FFT_K66\project\Debug\Obj\MK60_FLASH.o
#        D:\Longer\智能车赛\my_programs\MAX&FFT_K66\project\Debug\Obj\MK60_FTM.o
#        D:\Longer\智能车赛\my_programs\MAX&FFT_K66\project\Debug\Obj\MK60_GPIO.o
#        D:\Longer\智能车赛\my_programs\MAX&FFT_K66\project\Debug\Obj\MK60_IIC.o
#        D:\Longer\智能车赛\my_programs\MAX&FFT_K66\project\Debug\Obj\MK60_LPTMR.o
#        D:\Longer\智能车赛\my_programs\MAX&FFT_K66\project\Debug\Obj\MK60_PIT.o
#        D:\Longer\智能车赛\my_programs\MAX&FFT_K66\project\Debug\Obj\MK60_PLL.o
#        D:\Longer\智能车赛\my_programs\MAX&FFT_K66\project\Debug\Obj\MK60_SYSTICK.o
#        D:\Longer\智能车赛\my_programs\MAX&FFT_K66\project\Debug\Obj\MK60_UART.o
#        D:\Longer\智能车赛\my_programs\MAX&FFT_K66\project\Debug\Obj\MK60_WDOG.o
#        D:\Longer\智能车赛\my_programs\MAX&FFT_K66\project\Debug\Obj\MK66_TPM.o
#        D:\Longer\智能车赛\my_programs\MAX&FFT_K66\project\Debug\Obj\PID.o
#        D:\Longer\智能车赛\my_programs\MAX&FFT_K66\project\Debug\Obj\Slide_average_filter.o
#        D:\Longer\智能车赛\my_programs\MAX&FFT_K66\project\Debug\Obj\start.o
#        D:\Longer\智能车赛\my_programs\MAX&FFT_K66\project\Debug\Obj\startup_MK66F18.o
#        D:\Longer\智能车赛\my_programs\MAX&FFT_K66\project\Debug\Obj\task_scheduler.o
#        --no_out_extension -o
#        D:\Longer\智能车赛\my_programs\MAX&FFT_K66\project\Debug\Exe\template.out
#        --map
#        D:\Longer\智能车赛\my_programs\MAX&FFT_K66\project\Debug\List\template.map
#        --config D:\Longer\IAR_ARM\arm\config\linker\NXP\MK66xX1M_18.icf
#        --semihosting --entry __iar_program_start --vfe --text_out locale)
#
###############################################################################

*******************************************************************************
*** RUNTIME MODEL ATTRIBUTES
***

CppFlavor       = *
__Heap_Handler  = DLMalloc
__SystemLibrary = DLib
__dlib_version  = 6


*******************************************************************************
*** HEAP SELECTION
***

The advanced heap was selected because the application calls memory
allocation functions outside of system library functions, and there
are calls to deallocation functions in the application.


*******************************************************************************
*** PLACEMENT SUMMARY
***

"A0":  place at 0x0 { ro section .intvec };
"P1":  place in [from 0x400 to 0x40f] { section FlashConfig };
"P2":  place in [from 0x0 to 0x3ff] |
                [from 0x410 to 0xf'ffff] |
                [from 0x1000'0000 to 0x1003'ffff] { ro };
define block CSTACK with size = 4K, alignment = 8 { };
define block HEAP with size = 36K, alignment = 8 { };
"P3":  place in [from 0x1fff'0000 to 0x1fff'ffff] |
                [from 0x2000'0000 to 0x2002'ffff] {
          rw, block CSTACK, block HEAP };
initialize by copy { rw };

No sections matched the following patterns:

  section .flex_ram  in "P4"


  Section            Kind         Address     Size  Object
  -------            ----         -------     ----  ------
"A0":                                        0x400
  .intvec            ro code          0x0    0x400  startup_MK66F18.o [1]
                                  - 0x400    0x400

"P1":                                         0x10
  FlashConfig        ro code        0x400     0x10  startup_MK66F18.o [1]
                                  - 0x410     0x10

"P2":                                       0x5210
  .text              ro code        0x410    0xc16  xprintflarge_nomb.o [2]
  .text              ro code       0x1026     0x3a  zero_init3.o [4]
  .text              ro code       0x1060     0x16  strchr.o [4]
  .text              ro code       0x1076      0x2  startup_MK66F18.o [1]
  .text              ro code       0x1078     0x40  xfail_s.o [2]
  .text              ro code       0x10b8     0x36  strlen.o [4]
  .text              ro code       0x10ee      0x2  startup_MK66F18.o [1]
  .text              ro code       0x10f0     0x58  memchr.o [4]
  .text              ro code       0x1148    0x230  I64DivMod.o [4]
  .text              ro code       0x1378    0x1a2  DblMul.o [3]
  .text              ro code       0x151a      0x2  startup_MK66F18.o [1]
  .text              ro code       0x151c     0xa6  ABImemcpy.o [4]
  .text              ro code       0x15c2      0x2  startup_MK66F18.o [1]
  .text              ro code       0x15c4     0x70  frexp.o [3]
  .text              ro code       0x1634    0x246  DblDiv.o [3]
  .text              ro code       0x187a      0x2  startup_MK66F18.o [1]
  .text              ro code       0x187c     0x28  DblToU32.o [3]
  .text              ro code       0x18a4     0x1a  U32ToDbl.o [3]
  .text              ro code       0x18be      0x2  startup_MK66F18.o [1]
  .text              ro code       0x18c0     0xe2  DblSub.o [3]
  .text              ro code       0x19a2      0x2  startup_MK66F18.o [1]
  .text              ro code       0x19a4      0x8  xlocale_c.o [2]
  .text              ro code       0x19ac      0x6  abort.o [2]
  .text              ro code       0x19b4      0x2  I64DivZer.o [4]
  .text              ro code       0x19b8    0x17a  DblAdd.o [3]
  .text              ro code       0x1b34     0x14  exit.o [5]
  .text              ro code       0x1b48    0x7b4  LG_EncTPM.o [1]
  .text              ro code       0x22fc    0x214  MK66_TPM.o [1]
  .text              ro code       0x2510     0x6c  MK60_PIT.o [1]
  .text              ro code       0x257c    0x480  PID.o [1]
  .text              ro code       0x29fc    0x120  MK60_GPIO.o [1]
  .text              ro code       0x2b1c    0x344  MK60_FTM.o [1]
  .text              ro code       0x2e60    0x13c  ANO_DT.o [1]
  .text              ro code       0x2f9c     0x24  ABIassert.o [5]
  .text              ro code       0x2fc0     0x66  ABImemset.o [4]
  .text              ro code       0x3028     0x48  FltToDbl.o [3]
  .text              ro code       0x3070     0x2e  DblCmpGe.o [3]
  .text              ro code       0x30a0     0x22  S32ToDbl.o [3]
  .text              ro code       0x30c4     0x16  math_wrappers64.o [3]
  .text              ro code       0x30dc     0x68  DblToFlt.o [3]
  .text              ro code       0x3144     0x28  printf.o [2]
  .text              ro code       0x316c    0x1fc  MK60_UART.o [1]
  .text              ro code       0x3368    0x700  pow64.o [3]
  .text              ro code       0x3a68     0x20  DblCmpEq.o [3]
  .text              ro code       0x3a88     0x2e  DblCmpLe.o [3]
  .text              ro code       0x3ab8     0x3a  DblToS32.o [3]
  .text              ro code       0x3af4    0x3e8  iar_Exp64.o [3]
  .text              ro code       0x3edc    0x13a  ldexp.o [3]
  .text              ro code       0x4018    0x504  ADC&DMA.o [1]
  .text              ro code       0x451c     0x4c  MK60_ADC.o [1]
  .rodata            const         0x4568    0x420  pow64.o [3]
  .text              ro code       0x4988    0x168  main.o [1]
  .text              ro code       0x4af0    0x148  MK60_PLL.o [1]
  .text              ro code       0x4c38    0x144  LQ_LED.o [1]
  .text              ro code       0x4d7c     0x68  Longer_motor.o [1]
  .text              ro code       0x4de4     0xe4  task_scheduler.o [1]
  .text              ro code       0x4ec8    0x164  IRQ_Handler.o [1]
  .text              ro code       0x502c    0x118  MK60_SYSTICK.o [1]
  .rodata            const         0x5144     0x50  MK66_TPM.o [1]
  .rodata            const         0x5194     0x3c  PID.o [1]
  .text              ro code       0x51d0     0x30  MK60_WDOG.o [1]
  .text              ro code       0x5200     0x2c  copy_init3.o [4]
  .text              ro code       0x522c     0x28  startup_MK66F18.o [1]
  .text              ro code       0x5254     0x28  data_init.o [4]
  .text              ro code       0x527c     0x22  fpinit_M.o [3]
  .iar.init_table    const         0x52a0     0x24  - Linker created -
  .text              ro code       0x52c4     0x1e  cmain.o [4]
  .text              ro code       0x52e2      0x4  low_level_init.o [2]
  .text              ro code       0x52e6      0x4  exit.o [2]
  .text              ro code       0x52ec      0xa  cexit.o [4]
  .rodata            const         0x52f8     0x1c  MK66_TPM.o [1]
  .text              ro code       0x5314     0x1a  start.o [1]
  .text              ro code       0x532e     0x16  xprout.o [2]
  .text              ro code       0x5344      0xc  putchar.o [2]
  .rodata            const         0x5350     0x14  MK66_TPM.o [1]
  .rodata            const         0x5364     0x14  MK66_TPM.o [1]
  .rodata            const         0x5378      0xc  MK66_TPM.o [1]
  .rodata            const         0x5384      0xc  MK66_TPM.o [1]
  .text              ro code       0x5390      0xc  cstartup_M.o [4]
  .rodata            const         0x539c      0x8  MK66_TPM.o [1]
  .text              ro code       0x53a4      0x8  startup_MK66F18.o [1]
  .text              ro code       0x53ac      0x8  startup_MK66F18.o [1]
  .text              ro code       0x53b4      0x8  startup_MK66F18.o [1]
  .text              ro code       0x53bc      0x8  startup_MK66F18.o [1]
  .text              ro code       0x53c4      0x8  startup_MK66F18.o [1]
  .text              ro code       0x53cc      0x8  startup_MK66F18.o [1]
  .text              ro code       0x53d4      0x8  startup_MK66F18.o [1]
  .text              ro code       0x53dc      0x8  startup_MK66F18.o [1]
  .text              ro code       0x53e4      0x8  startup_MK66F18.o [1]
  .text              ro code       0x53ec      0x8  startup_MK66F18.o [1]
  .text              ro code       0x53f4      0x8  startup_MK66F18.o [1]
  .text              ro code       0x53fc      0x8  startup_MK66F18.o [1]
  .text              ro code       0x5404      0x8  startup_MK66F18.o [1]
  .text              ro code       0x540c      0x8  startup_MK66F18.o [1]
  .text              ro code       0x5414      0x8  startup_MK66F18.o [1]
  .text              ro code       0x541c      0x8  startup_MK66F18.o [1]
  .text              ro code       0x5424      0x8  startup_MK66F18.o [1]
  .text              ro code       0x542c      0x8  startup_MK66F18.o [1]
  .text              ro code       0x5434      0x8  startup_MK66F18.o [1]
  .text              ro code       0x543c      0x8  startup_MK66F18.o [1]
  .text              ro code       0x5444      0x8  startup_MK66F18.o [1]
  .text              ro code       0x544c      0x8  startup_MK66F18.o [1]
  .text              ro code       0x5454      0x8  startup_MK66F18.o [1]
  .text              ro code       0x545c      0x8  startup_MK66F18.o [1]
  .text              ro code       0x5464      0x8  startup_MK66F18.o [1]
  .text              ro code       0x546c      0x8  startup_MK66F18.o [1]
  .text              ro code       0x5474      0x8  startup_MK66F18.o [1]
  .text              ro code       0x547c      0x8  startup_MK66F18.o [1]
  .text              ro code       0x5484      0x8  startup_MK66F18.o [1]
  .text              ro code       0x548c      0x8  startup_MK66F18.o [1]
  .text              ro code       0x5494      0x8  startup_MK66F18.o [1]
  .text              ro code       0x549c      0x8  startup_MK66F18.o [1]
  .text              ro code       0x54a4      0x8  startup_MK66F18.o [1]
  .text              ro code       0x54ac      0x8  startup_MK66F18.o [1]
  .text              ro code       0x54b4      0x8  startup_MK66F18.o [1]
  .text              ro code       0x54bc      0x8  startup_MK66F18.o [1]
  .text              ro code       0x54c4      0x8  startup_MK66F18.o [1]
  .text              ro code       0x54cc      0x8  startup_MK66F18.o [1]
  .text              ro code       0x54d4      0x8  startup_MK66F18.o [1]
  .text              ro code       0x54dc      0x8  startup_MK66F18.o [1]
  .text              ro code       0x54e4      0x8  startup_MK66F18.o [1]
  .text              ro code       0x54ec      0x8  startup_MK66F18.o [1]
  .text              ro code       0x54f4      0x8  startup_MK66F18.o [1]
  .text              ro code       0x54fc      0x8  startup_MK66F18.o [1]
  .text              ro code       0x5504      0x8  startup_MK66F18.o [1]
  .text              ro code       0x550c      0x8  startup_MK66F18.o [1]
  .text              ro code       0x5514      0x8  startup_MK66F18.o [1]
  .text              ro code       0x551c      0x8  startup_MK66F18.o [1]
  .text              ro code       0x5524      0x8  startup_MK66F18.o [1]
  .rodata            const         0x552c      0x4  xlocale_c.o [2]
  .text              ro code       0x5530      0x4  startup_MK66F18.o [1]
  .rodata            const         0x5534      0x0  zero_init3.o [4]
  .rodata            const         0x5534      0x0  copy_init3.o [4]
  Initializer bytes  const         0x5534     0xec  <for P3 s0>
                                 - 0x5620   0x5210

"P3", part 1 of 3:                            0xec
  P3 s0                       0x2000'0000     0xec  <Init block>
    .data            inited   0x2000'0000     0x48  xfiles.o [2]
    .data            inited   0x2000'0048     0x38  xlocale_c.o [2]
    .data            inited   0x2000'0080     0x14  MK60_GPIO.o [1]
    .data            inited   0x2000'0094     0x14  MK60_GPIO.o [1]
    .data            inited   0x2000'00a8     0x14  MK60_SYSTICK.o [1]
    .data            inited   0x2000'00bc     0x14  MK60_UART.o [1]
    .data            inited   0x2000'00d0     0x14  task_scheduler.o [1]
    .data            inited   0x2000'00e4      0x2  ADC&DMA.o [1]
    .data            inited   0x2000'00e6      0x2  ADC&DMA.o [1]
    .data            inited   0x2000'00e8      0x1  LG_EncTPM.o [1]
    .data            inited   0x2000'00e9      0x1  LG_EncTPM.o [1]
    .data            inited   0x2000'00ea      0x1  LG_EncTPM.o [1]
                            - 0x2000'00ec     0xec

"P3", part 2 of 3:                         0x10184
  .bss               zero     0x2000'00ec   0x8000  FFT.o [1]
  .bss               zero     0x2000'80ec   0x8000  FFT.o [1]
  .bss               zero     0x2001'00ec     0x90  PID.o [1]
  .bss               zero     0x2001'017c     0x50  xfiles.o [2]
  .bss               zero     0x2001'01cc     0x34  ANO_DT.o [1]
  .bss               zero     0x2001'0200      0x4  LG_EncTPM.o [1]
  .bss               zero     0x2001'0208     0x20  MK60_SYSTICK.o [1]
  .bss               zero     0x2001'0228     0x10  MK60_FTM.o [1]
  .bss               zero     0x2001'0238      0x8  LQ_LED.o [1]
  .bss               zero     0x2001'0240      0x4  LG_EncTPM.o [1]
  .bss               zero     0x2001'0244      0x4  LG_EncTPM.o [1]
  .bss               zero     0x2001'0248      0x4  LG_EncTPM.o [1]
  .bss               zero     0x2001'024c      0x4  LG_EncTPM.o [1]
  .bss               zero     0x2001'0250      0x4  LG_EncTPM.o [1]
  .bss               zero     0x2001'0254      0x4  LG_EncTPM.o [1]
  .bss               zero     0x2001'0258      0x4  LG_EncTPM.o [1]
  .bss               zero     0x2001'025c      0x4  PID.o [1]
  .bss               zero     0x2001'0260      0x4  xfail_s.o [2]
  .bss               zero     0x2001'0264      0x2  LG_EncTPM.o [1]
  .bss               zero     0x2001'0266      0x2  LG_EncTPM.o [1]
  .bss               zero     0x2001'0268      0x1  ADC&DMA.o [1]
  .bss               zero     0x2001'0269      0x1  ADC&DMA.o [1]
  .bss               zero     0x2001'026a      0x1  LG_EncTPM.o [1]
  .bss               zero     0x2001'026b      0x1  MK60_PLL.o [1]
  .bss               zero     0x2001'026c      0x1  MK60_PLL.o [1]
  .bss               zero     0x2001'026d      0x1  task_scheduler.o [1]
                            - 0x2001'026e  0x10182

"P3", part 3 of 3:                          0x1000
  CSTACK                      0x2001'0270   0x1000  <Block>
    CSTACK           uninit   0x2001'0270   0x1000  <Block tail>
                            - 0x2001'1270   0x1000

Unused ranges:

         From           To      Size
         ----           --      ----
       0x5620     0xf'ffff  0xf'a9e0
  0x1000'0000  0x1003'ffff  0x4'0000
  0x1fff'0000  0x1fff'ffff  0x1'0000
  0x2001'1270  0x2002'ffff  0x1'ed90


*******************************************************************************
*** INIT TABLE
***

          Address      Size
          -------      ----
Zero (__iar_zero_init3)
    1 destination range, total size 0x10182:
          0x2000'00ec  0x10182

Copy (__iar_copy_init3)
    1 source range, total size 0xec (100% of destination):
               0x5534     0xec
    1 destination range, total size 0xeb:
          0x2000'0000     0xeb



*******************************************************************************
*** MODULE SUMMARY
***

    Module               ro code  ro data  rw data
    ------               -------  -------  -------
command line/config:
    ----------------------------------------------
    Total:

D:\Longer\智能车赛\my_programs\MAX&FFT_K66\project\Debug\Obj: [1]
    ADC&DMA.o              1 284        4        6
    ANO_DT.o                 316                52
    FFT.o                                   65 536
    IRQ_Handler.o            356
    LG_EncTPM.o            1 972        3       40
    LQ_LED.o                 324                 8
    Longer_motor.o           104
    MK60_ADC.o                76
    MK60_FTM.o               836                16
    MK60_GPIO.o              288       40       40
    MK60_PIT.o               108
    MK60_PLL.o               328                 2
    MK60_SYSTICK.o           280       20       52
    MK60_UART.o              508       20       20
    MK60_WDOG.o               48
    MK66_TPM.o               532      180
    PID.o                  1 152       60      148
    main.o                   360
    start.o                   26
    startup_MK66F18.o      1 490
    task_scheduler.o         228       20       21
    ----------------------------------------------
    Total:                10 616      347   65 941

dl7M_tlf.a: [2]
    abort.o                    6
    exit.o                     4
    low_level_init.o           4
    printf.o                  40
    putchar.o                 12
    xfail_s.o                 64                 4
    xfiles.o                           72      152
    xlocale_c.o                8       60       56
    xprintflarge_nomb.o    3 094
    xprout.o                  22
    ----------------------------------------------
    Total:                 3 254      132      212

m7M_tls.a: [3]
    DblAdd.o                 378
    DblCmpEq.o                32
    DblCmpGe.o                46
    DblCmpLe.o                46
    DblDiv.o                 582
    DblMul.o                 418
    DblSub.o                 226
    DblToFlt.o               104
    DblToS32.o                58
    DblToU32.o                40
    FltToDbl.o                72
    S32ToDbl.o                34
    U32ToDbl.o                26
    fpinit_M.o                34
    frexp.o                  112
    iar_Exp64.o            1 000
    ldexp.o                  314
    math_wrappers64.o         22
    pow64.o                1 792    1 056
    ----------------------------------------------
    Total:                 5 336    1 056

rt7M_tl.a: [4]
    ABImemcpy.o              166
    ABImemset.o              102
    I64DivMod.o              560
    I64DivZer.o                2
    cexit.o                   10
    cmain.o                   30
    copy_init3.o              44
    cstartup_M.o              12
    data_init.o               40
    memchr.o                  88
    strchr.o                  22
    strlen.o                  54
    zero_init3.o              58
    ----------------------------------------------
    Total:                 1 188

shb_l.a: [5]
    ABIassert.o               36
    exit.o                    20
    ----------------------------------------------
    Total:                    56

    Gaps                      22        4        4
    Linker created                     37    4 096
--------------------------------------------------
    Grand Total:          20 472    1 576   70 253


*******************************************************************************
*** ENTRY LIST
***

Entry                       Address    Size  Type      Object
-----                       -------    ----  ----      ------
.iar.init_table$$Base        0x52a0           --   Gb  - Linker created -
.iar.init_table$$Limit       0x52c4           --   Gb  - Linker created -
?main                        0x52c5          Code  Gb  cmain.o [4]
ADC0_IRQHandler              0x5021     0xa  Code  Gb  IRQ_Handler.o [1]
ADC1_IRQHandler              0x502b     0x2  Code  Gb  IRQ_Handler.o [1]
ADC_Init                     0x451d    0x3a  Code  Gb  MK60_ADC.o [1]
ADC_conf_for_DMA             0x4443    0x6a  Code  Lc  ADC&DMA.o [1]
ADC_in_DMA_mode_Init         0x419f    0x3e  Code  Gb  ADC&DMA.o [1]
ADC_in_DMA_mode_instance_conf
                             0x402f   0x170  Code  Gb  ADC&DMA.o [1]
ANO_DT_Send_Data             0x2e61    0x12  Code  Gb  ANO_DT.o [1]
ANO_DT_send_int16            0x2e73   0x120  Code  Gb  ANO_DT.o [1]
CLOCK_EnableClock            0x1bcf    0x16  Code  Lc  LG_EncTPM.o [1]
CLOCK_EnableClock            0x22fd    0x16  Code  Lc  MK66_TPM.o [1]
CLOCK_SetPllFllSelClock
                             0x1bf3    0x24  Code  Lc  LG_EncTPM.o [1]
CLOCK_SetTpmClock            0x1be5     0xe  Code  Lc  LG_EncTPM.o [1]
CSTACK$$Base            0x2001'0270           --   Gb  - Linker created -
CSTACK$$Limit           0x2001'1270           --   Gb  - Linker created -
DMA0_DMA16_IRQHandler        0x4f1d    0x2e  Code  Gb  IRQ_Handler.o [1]
DMA1_DMA17_IRQHandler        0x4f4b     0xc  Code  Gb  IRQ_Handler.o [1]
DMA2_DMA18_IRQHandler        0x4f57    0x2e  Code  Gb  IRQ_Handler.o [1]
DMA3_DMA19_IRQHandler        0x4f85     0xc  Code  Gb  IRQ_Handler.o [1]
DMA4_IRQHandler              0x4f91    0x16  Code  Gb  IRQ_Handler.o [1]
DMA_Init_for_ADC             0x4221   0x116  Code  Lc  ADC&DMA.o [1]
DMA_set_channel_link         0x4337   0x10c  Code  Lc  ADC&DMA.o [1]
Enc_TPM12_Init               0x1c43    0xe2  Code  Gb  LG_EncTPM.o [1]
FTM_GetNum                   0x2c0f    0x2c  Code  Gb  MK60_FTM.o [1]
FTM_PinInit                  0x2c3b   0x1ae  Code  Lc  MK60_FTM.o [1]
FTM_PwmDuty                  0x2bdf    0x30  Code  Gb  MK60_FTM.o [1]
FTM_PwmInit                  0x2b1d    0xc2  Code  Gb  MK60_FTM.o [1]
GPIOX                   0x2000'0080    0x14  Data  Gb  MK60_GPIO.o [1]
GPIO_PinInit                 0x29fd   0x114  Code  Gb  MK60_GPIO.o [1]
LED_Init                     0x4c39    0x40  Code  Gb  LQ_LED.o [1]
LED_OFF                      0x4cdd    0x64  Code  Gb  LQ_LED.o [1]
LED_ON                       0x4c79    0x64  Code  Gb  LQ_LED.o [1]
LED_Reverse                  0x4d41    0x36  Code  Gb  LQ_LED.o [1]
LED_Reverse::led_state  0x2001'0238     0x8  Data  Lc  LQ_LED.o [1]
LPTMR0_IRQHandler            0x4fcd    0x14  Code  Gb  IRQ_Handler.o [1]
LPTMR_for_ADC_trigger        0x41dd    0x44  Code  Lc  ADC&DMA.o [1]
LoadInt                       0x5b5    0x7a  Code  Lc  xprintflarge_nomb.o [2]
NMI_Handler                  0x532d     0x2  Code  Gb  start.o [1]
NVIC_EnableIRQ               0x4019    0x16  Code  Lc  ADC&DMA.o [1]
NVIC_EnableIRQ               0x1b55    0x16  Code  Lc  LG_EncTPM.o [1]
NVIC_EnableIRQ               0x49ad    0x14  Code  Lc  main.o [1]
NVIC_EnableIRQ               0x4de5    0x16  Code  Lc  task_scheduler.o [1]
NVIC_EncodePriority          0x1b93    0x3c  Code  Lc  LG_EncTPM.o [1]
NVIC_EncodePriority          0x49e5    0x3c  Code  Lc  main.o [1]
NVIC_GetPriorityGrouping
                             0x1b49     0xc  Code  Lc  LG_EncTPM.o [1]
NVIC_GetPriorityGrouping
                             0x49a3     0xa  Code  Lc  main.o [1]
NVIC_SetPriority             0x1b6b    0x28  Code  Lc  LG_EncTPM.o [1]
NVIC_SetPriority             0x49c1    0x24  Code  Lc  main.o [1]
NVIC_SetPriority             0x502d    0x24  Code  Lc  MK60_SYSTICK.o [1]
NVIC_SetPriorityGrouping
                             0x4989    0x1a  Code  Lc  main.o [1]
PID_init                     0x257d    0xaa  Code  Gb  PID.o [1]
PID_realize                  0x266d    0xb2  Code  Gb  PID.o [1]
PID_realize::beta       0x2001'025c     0x4  Data  Lc  PID.o [1]
PIT0_IRQHandler              0x4ee1    0x12  Code  Gb  IRQ_Handler.o [1]
PIT1_IRQHandler              0x4ef3     0xc  Code  Gb  IRQ_Handler.o [1]
PIT2_IRQHandler              0x4eff    0x12  Code  Gb  IRQ_Handler.o [1]
PIT3_IRQHandler              0x4f11     0xc  Code  Gb  IRQ_Handler.o [1]
PIT_Init                     0x2511    0x5a  Code  Gb  MK60_PIT.o [1]
PIT_Init_For_IT              0x1d25    0x2c  Code  Gb  LG_EncTPM.o [1]
PLL_Init                     0x4af1   0x148  Code  Gb  MK60_PLL.o [1]
PORTA_IRQHandler             0x4ec9     0x2  Code  Gb  IRQ_Handler.o [1]
PORTB_IRQHandler             0x4ecb    0x16  Code  Gb  IRQ_Handler.o [1]
PORTX                   0x2000'0094    0x14  Data  Gb  MK60_GPIO.o [1]
PORT_SetPinMux               0x1c2b    0x18  Code  Lc  LG_EncTPM.o [1]
Region$$Table$$Base          0x52a0           --   Gb  - Linker created -
Region$$Table$$Limit         0x52c4           --   Gb  - Linker created -
Start                        0x5315    0x12  Code  Gb  start.o [1]
SysTick_Config               0x5051    0x30  Code  Lc  MK60_SYSTICK.o [1]
SysTick_Handler              0x50a9     0xc  Code  Gb  MK60_SYSTICK.o [1]
TPM_GetDefaultConfig         0x23d9    0x50  Code  Gb  MK66_TPM.o [1]
TPM_GetInstance              0x2313    0x34  Code  Lc  MK66_TPM.o [1]
TPM_Init                     0x2347    0x92  Code  Gb  MK66_TPM.o [1]
TPM_SetupQuadDecode          0x2429    0xc8  Code  Gb  MK66_TPM.o [1]
TPM_StartTimer               0x1c17    0x14  Code  Lc  LG_EncTPM.o [1]
UART4_RX_TX_IRQHandler       0x4fa7    0x26  Code  Gb  IRQ_Handler.o [1]
UARTN                   0x2000'00bc    0x14  Data  Gb  MK60_UART.o [1]
UART_GetChar                 0x32b7     0xa  Code  Gb  MK60_UART.o [1]
UART_GetNum                  0x32df    0x36  Code  Gb  MK60_UART.o [1]
UART_GetStr                  0x32c1    0x1e  Code  Gb  MK60_UART.o [1]
UART_Init                    0x317d   0x112  Code  Gb  MK60_UART.o [1]
UART_PutBuff                 0x3299    0x1e  Code  Gb  MK60_UART.o [1]
UART_PutChar                 0x328f     0xa  Code  Gb  MK60_UART.o [1]
WDOG_Disable                 0x51d1    0x14  Code  Gb  MK60_WDOG.o [1]
WDOG_Unlock                  0x51e5    0x14  Code  Gb  MK60_WDOG.o [1]
_GenldLargeNoMb               0xd45   0x24c  Code  Lc  xprintflarge_nomb.o [2]
_LdtobLargeNoMb               0xaeb   0x232  Code  Lc  xprintflarge_nomb.o [2]
_LitobLargeNoMb               0x99b   0x10a  Code  Lc  xprintflarge_nomb.o [2]
_Locale_lconv           0x2000'0048    0x38  Data  Lc  xlocale_c.o [2]
_PrintfLargeNoMb              0x411   0x19e  Code  Gb  xprintflarge_nomb.o [2]
_Prout                       0x532f    0x16  Code  Gb  xprout.o [2]
_PutcharsLargeNoMb            0xf91    0x2e  Code  Lc  xprintflarge_nomb.o [2]
_PutfldLargeNoMb              0x62f   0x260  Code  Lc  xprintflarge_nomb.o [2]
_PuttxtLargeNoMb              0x88f   0x10c  Code  Lc  xprintflarge_nomb.o [2]
__Vectors                       0x0           --   Gb  startup_MK66F18.o [1]
__Vectors_End                 0x400          Data  Gb  startup_MK66F18.o [1]
__Vectors_Size {Abs}          0x400           --   Gb  startup_MK66F18.o [1]
__aeabi_assert               0x2f9d    0x24  Code  Gb  ABIassert.o [5]
__aeabi_cdcmpeq              0x3a69          Code  Gb  DblCmpEq.o [3]
__aeabi_cdcmple              0x3a89          Code  Gb  DblCmpLe.o [3]
__aeabi_cdrcmple             0x3071          Code  Gb  DblCmpGe.o [3]
__aeabi_d2f                  0x30dd          Code  Gb  DblToFlt.o [3]
__aeabi_d2iz                 0x3ab9          Code  Gb  DblToS32.o [3]
__aeabi_d2uiz                0x187d          Code  Gb  DblToU32.o [3]
__aeabi_dadd                 0x19b9          Code  Gb  DblAdd.o [3]
__aeabi_ddiv                 0x1635          Code  Gb  DblDiv.o [3]
__aeabi_dmul                 0x1379          Code  Gb  DblMul.o [3]
__aeabi_dsub                 0x18c1          Code  Gb  DblSub.o [3]
__aeabi_f2d                  0x3029          Code  Gb  FltToDbl.o [3]
__aeabi_i2d                  0x30a1          Code  Gb  S32ToDbl.o [3]
__aeabi_ldiv0                0x19b5          Code  Gb  I64DivZer.o [4]
__aeabi_memcpy               0x151d          Code  Gb  ABImemcpy.o [4]
__aeabi_memcpy4              0x153d          Code  Gb  ABImemcpy.o [4]
__aeabi_memcpy8              0x153d          Code  Gb  ABImemcpy.o [4]
__aeabi_memset               0x2fc1          Code  Gb  ABImemset.o [4]
__aeabi_ui2d                 0x18a5          Code  Gb  U32ToDbl.o [3]
__aeabi_uldivmod             0x1149          Code  Gb  I64DivMod.o [4]
__cmain                      0x52c5          Code  Gb  cmain.o [4]
__exit                       0x1b35    0x14  Code  Gb  exit.o [5]
__iar_Exp64                  0x3af5   0x388  Code  Gb  iar_Exp64.o [3]
__iar_Fail_s                 0x1079    0x1c  Code  Gb  xfail_s.o [2]
__iar_Memchr                 0x10f1          Code  Gb  memchr.o [4]
__iar_Memset                 0x2fc1          Code  Gb  ABImemset.o [4]
__iar_Memset_word            0x2fc9          Code  Gb  ABImemset.o [4]
__iar_Pow64                  0x3369   0x654  Code  Lc  pow64.o [3]
__iar_Stdout            0x2000'0000    0x48  Data  Gb  xfiles.o [2]
__iar_Strchr                 0x1061          Code  Gb  strchr.o [4]
__iar_copy_init3             0x5201    0x2c  Code  Gb  copy_init3.o [4]
__iar_dadd                   0x18d1          Code  Gb  DblSub.o [3]
__iar_data_init3             0x5255    0x28  Code  Gb  data_init.o [4]
__iar_dsub                   0x19c9          Code  Gb  DblAdd.o [3]
__iar_dsubStart              0x19db          Code  Gb  DblAdd.o [3]
__iar_frexp                  0x15d1          Code  Gb  frexp.o [3]
__iar_frexpl                 0x15d1          Code  Gb  frexp.o [3]
__iar_init_vfp               0x527d          Code  Gb  fpinit_M.o [3]
__iar_ldexp64                0x3edd          Code  Gb  ldexp.o [3]
__iar_pow64                  0x3a55    0x14  Code  Gb  pow64.o [3]
__iar_pow_medium             0x3a55    0x14  Code  Gb  pow64.o [3]
__iar_pow_medium64           0x3a55    0x14  Code  Gb  pow64.o [3]
__iar_pow_mediuml            0x3a55    0x14  Code  Gb  pow64.o [3]
__iar_program_start          0x5391          Code  Gb  cstartup_M.o [4]
__iar_scalbln64              0x3edd          Code  Gb  ldexp.o [3]
__iar_scalbn64               0x3edd          Code  Gb  ldexp.o [3]
__iar_softfp___iar_frexp64
                             0x15c5          Code  Gb  frexp.o [3]
__iar_softfp_frexp           0x15c5          Code  Gb  frexp.o [3]
__iar_softfp_frexpl          0x15c5          Code  Gb  frexp.o [3]
__iar_vfp_pow                0x30cb    0x10  Code  Gb  math_wrappers64.o [3]
__iar_zero_init3             0x1027    0x3a  Code  Gb  zero_init3.o [4]
__low_level_init             0x52e3     0x4  Code  Gb  low_level_init.o [2]
__vector_table                  0x0          Data  Gb  startup_MK66F18.o [1]
__vector_table_0x1c            0x1c          Data  Gb  startup_MK66F18.o [1]
_call_main                   0x52d1          Code  Gb  cmain.o [4]
_exit                        0x52ed          Code  Gb  cexit.o [4]
_main                        0x52df          Code  Gb  cmain.o [4]
abort                        0x19ad     0x6  Code  Gb  abort.o [2]
active_task_num         0x2001'026d     0x1  Data  Lc  task_scheduler.o [1]
beta_generation              0x2629    0x42  Code  Lc  PID.o [1]
bus_clk                 0x2001'026c     0x1  Data  Gb  MK60_PLL.o [1]
core_clk                0x2001'026b     0x1  Data  Gb  MK60_PLL.o [1]
data_to_send            0x2001'01cc    0x34  Data  Gb  ANO_DT.o [1]
delay_ms                     0x5113    0x12  Code  Lc  MK60_SYSTICK.o [1]
delay_us                     0x50eb    0x28  Code  Lc  MK60_SYSTICK.o [1]
exit                         0x52e7     0x4  Code  Gb  exit.o [2]
fputc                        0x316d    0x10  Code  Gb  MK60_UART.o [1]
ftm_period              0x2001'0228    0x10  Data  Lc  MK60_FTM.o [1]
g_ADC0_mux              0x2000'00e4     0x2  Data  Gb  ADC&DMA.o [1]
g_ADC1_mux              0x2000'00e6     0x2  Data  Gb  ADC&DMA.o [1]
get_current_time_ms          0x50b5    0x12  Code  Lc  MK60_SYSTICK.o [1]
get_current_time_us          0x50c7    0x24  Code  Lc  MK60_SYSTICK.o [1]
get_speed_and_control        0x1e21   0x44c  Code  Gb  LG_EncTPM.o [1]
get_speed_and_control::count_1
                        0x2001'0264     0x2  Data  Lc  LG_EncTPM.o [1]
get_speed_and_control::count_2
                        0x2001'0266     0x2  Data  Lc  LG_EncTPM.o [1]
get_speed_and_control::dir_flag_1
                        0x2000'00e9     0x1  Data  Lc  LG_EncTPM.o [1]
get_speed_and_control::dir_flag_2
                        0x2000'00ea     0x1  Data  Lc  LG_EncTPM.o [1]
get_speed_and_control::rps1_set
                        0x2001'024c     0x4  Data  Lc  LG_EncTPM.o [1]
get_speed_and_control::rps2_set
                        0x2001'0250     0x4  Data  Lc  LG_EncTPM.o [1]
get_speed_and_control::rps3_set
                        0x2001'0254     0x4  Data  Lc  LG_EncTPM.o [1]
get_speed_and_control::rps4_set
                        0x2001'0258     0x4  Data  Lc  LG_EncTPM.o [1]
get_speed_and_control::rps_1
                        0x2001'0200     0x4  Data  Lc  LG_EncTPM.o [1]
get_speed_and_control::rps_2
                        0x2001'0240     0x4  Data  Lc  LG_EncTPM.o [1]
get_speed_and_control::rps_3
                        0x2001'0244     0x4  Data  Lc  LG_EncTPM.o [1]
get_speed_and_control::rps_4
                        0x2001'0248     0x4  Data  Lc  LG_EncTPM.o [1]
get_speed_and_control::tpm_flag
                        0x2001'026a     0x1  Data  Lc  LG_EncTPM.o [1]
ldexp                        0x3edd          Code  Gb  ldexp.o [3]
ldexpl                       0x3edd          Code  Gb  ldexp.o [3]
lnbias                       0x4568   0x420  Data  Lc  pow64.o [3]
localeconv                   0x19a5     0x4  Code  Gb  xlocale_c.o [2]
main                         0x4a21    0xaa  Code  Gb  main.o [1]
memchr                       0x10f1          Code  Gb  memchr.o [4]
motor_init                   0x4d7d    0x64  Code  Gb  Longer_motor.o [1]
obuf                    0x2001'017c    0x50  Data  Lc  xfiles.o [2]
pid                     0x2001'00ec    0x90  Data  Gb  PID.o [1]
pid_param_adjust             0x2725   0x2ac  Code  Gb  PID.o [1]
pin_turn                     0x1d51    0xce  Code  Gb  LG_EncTPM.o [1]
pin_turn::tpm_flag      0x2000'00e8     0x1  Data  Lc  LG_EncTPM.o [1]
pow                          0x3a55    0x14  Code  Gb  pow64.o [3]
powl                         0x3a55    0x14  Code  Gb  pow64.o [3]
printf                       0x3145    0x28  Code  Gb  printf.o [2]
putchar                      0x5345     0xc  Code  Gb  putchar.o [2]
s_tpmBases                   0x539c     0x8  Data  Lc  MK66_TPM.o [1]
s_tpmClocks                  0x5384     0xc  Data  Lc  MK66_TPM.o [1]
sample_sx               0x2000'00ec  0x8000  Data  Gb  FFT.o [1]
sample_sy               0x2000'80ec  0x8000  Data  Gb  FFT.o [1]
scalbln                      0x3edd          Code  Gb  ldexp.o [3]
scalblnl                     0x3edd          Code  Gb  ldexp.o [3]
scalbn                       0x3edd          Code  Gb  ldexp.o [3]
scalbnl                      0x3edd          Code  Gb  ldexp.o [3]
scale                         0xaa5    0x46  Code  Lc  xprintflarge_nomb.o [2]
sec_hand                0x2001'0260     0x4  Data  Lc  xfail_s.o [2]
strchr                       0x1061          Code  Gb  strchr.o [4]
strlen                       0x10b9          Code  Gb  strlen.o [4]
systime                 0x2000'00a8    0x14  Data  Gb  MK60_SYSTICK.o [1]
systime_init                 0x5081    0x28  Code  Lc  MK60_SYSTICK.o [1]
task0_entry                  0x4dfb     0xa  Code  Gb  task_scheduler.o [1]
task_process                 0x4e69    0x44  Code  Gb  task_scheduler.o [1]
task_rhythm                  0x4e05    0x5e  Code  Gb  task_scheduler.o [1]
task_rhythm_init             0x4ead    0x12  Code  Gb  task_scheduler.o [1]
tasks                   0x2000'00d0    0x14  Data  Lc  task_scheduler.o [1]
timer                   0x2001'0208    0x20  Data  Gb  MK60_SYSTICK.o [1]
x_ready_for_fft         0x2001'0268     0x1  Data  Gb  ADC&DMA.o [1]
y_ready_for_fft         0x2001'0269     0x1  Data  Gb  ADC&DMA.o [1]


[1] = D:\Longer\智能车赛\my_programs\MAX&FFT_K66\project\Debug\Obj
[2] = dl7M_tlf.a
[3] = m7M_tls.a
[4] = rt7M_tl.a
[5] = shb_l.a

  20 472 bytes of readonly  code memory
   1 576 bytes of readonly  data memory
  70 253 bytes of readwrite data memory

Errors: none
Warnings: none
