###############################################################################
#
# IAR ELF Linker V8.32.1.169/W32 for ARM                  12/Aug/2020  22:33:14
# Copyright 2007-2018 IAR Systems AB.
#
#    Output file  =  
#        D:\Longer\智能车赛\my_programs\MAX&FFT_K66\project\Debug\Exe\template.out
#    Map file     =  
#        D:\Longer\智能车赛\my_programs\MAX&FFT_K66\project\Debug\List\template.map
#    Command line =  
#        -f C:\Users\37157\AppData\Local\Temp\EW5AF1.tmp
#        (D:\Longer\智能车赛\my_programs\MAX&FFT_K66\project\Debug\Obj\ADC&DMA.o
#        D:\Longer\智能车赛\my_programs\MAX&FFT_K66\project\Debug\Obj\AHRS.o
#        D:\Longer\智能车赛\my_programs\MAX&FFT_K66\project\Debug\Obj\ANO_DT.o
#        D:\Longer\智能车赛\my_programs\MAX&FFT_K66\project\Debug\Obj\FFT.o
#        D:\Longer\智能车赛\my_programs\MAX&FFT_K66\project\Debug\Obj\fsl_clock.o
#        D:\Longer\智能车赛\my_programs\MAX&FFT_K66\project\Debug\Obj\fsl_common.o
#        D:\Longer\智能车赛\my_programs\MAX&FFT_K66\project\Debug\Obj\IRQ_Handler.o
#        D:\Longer\智能车赛\my_programs\MAX&FFT_K66\project\Debug\Obj\LG_EncTPM.o
#        D:\Longer\智能车赛\my_programs\MAX&FFT_K66\project\Debug\Obj\Longer_motor.o
#        D:\Longer\智能车赛\my_programs\MAX&FFT_K66\project\Debug\Obj\LQ_LED.o
#        D:\Longer\智能车赛\my_programs\MAX&FFT_K66\project\Debug\Obj\LQ_MPU6050.o
#        D:\Longer\智能车赛\my_programs\MAX&FFT_K66\project\Debug\Obj\main.o
#        D:\Longer\智能车赛\my_programs\MAX&FFT_K66\project\Debug\Obj\MK60_ADC.o
#        D:\Longer\智能车赛\my_programs\MAX&FFT_K66\project\Debug\Obj\MK60_CMT.o
#        D:\Longer\智能车赛\my_programs\MAX&FFT_K66\project\Debug\Obj\MK60_DMA.o
#        D:\Longer\智能车赛\my_programs\MAX&FFT_K66\project\Debug\Obj\MK60_FLASH.o
#        D:\Longer\智能车赛\my_programs\MAX&FFT_K66\project\Debug\Obj\MK60_FTM.o
#        D:\Longer\智能车赛\my_programs\MAX&FFT_K66\project\Debug\Obj\MK60_GPIO.o
#        D:\Longer\智能车赛\my_programs\MAX&FFT_K66\project\Debug\Obj\MK60_IIC.o
#        D:\Longer\智能车赛\my_programs\MAX&FFT_K66\project\Debug\Obj\MK60_LPTMR.o
#        D:\Longer\智能车赛\my_programs\MAX&FFT_K66\project\Debug\Obj\MK60_PIT.o
#        D:\Longer\智能车赛\my_programs\MAX&FFT_K66\project\Debug\Obj\MK60_PLL.o
#        D:\Longer\智能车赛\my_programs\MAX&FFT_K66\project\Debug\Obj\MK60_SYSTICK.o
#        D:\Longer\智能车赛\my_programs\MAX&FFT_K66\project\Debug\Obj\MK60_UART.o
#        D:\Longer\智能车赛\my_programs\MAX&FFT_K66\project\Debug\Obj\MK60_WDOG.o
#        D:\Longer\智能车赛\my_programs\MAX&FFT_K66\project\Debug\Obj\MK66_TPM.o
#        D:\Longer\智能车赛\my_programs\MAX&FFT_K66\project\Debug\Obj\OPENMV.o
#        D:\Longer\智能车赛\my_programs\MAX&FFT_K66\project\Debug\Obj\PID.o
#        D:\Longer\智能车赛\my_programs\MAX&FFT_K66\project\Debug\Obj\Slide_average_filter.o
#        D:\Longer\智能车赛\my_programs\MAX&FFT_K66\project\Debug\Obj\start.o
#        D:\Longer\智能车赛\my_programs\MAX&FFT_K66\project\Debug\Obj\startup_MK66F18.o
#        D:\Longer\智能车赛\my_programs\MAX&FFT_K66\project\Debug\Obj\task_scheduler.o
#        --no_out_extension -o
#        D:\Longer\智能车赛\my_programs\MAX&FFT_K66\project\Debug\Exe\template.out
#        --map
#        D:\Longer\智能车赛\my_programs\MAX&FFT_K66\project\Debug\List\template.map
#        --config D:\Longer\IAR_ARM\arm\config\linker\NXP\MK66xX1M_18.icf
#        --semihosting --entry __iar_program_start --vfe --text_out locale)
#
###############################################################################

*******************************************************************************
*** RUNTIME MODEL ATTRIBUTES
***

CppFlavor       = *
__Heap_Handler  = DLMalloc
__SystemLibrary = DLib
__dlib_version  = 6


*******************************************************************************
*** HEAP SELECTION
***

The advanced heap was selected because the application calls memory
allocation functions outside of system library functions, and there
are calls to deallocation functions in the application.


*******************************************************************************
*** PLACEMENT SUMMARY
***

"A0":  place at 0x0 { ro section .intvec };
"P1":  place in [from 0x400 to 0x40f] { section FlashConfig };
"P2":  place in [from 0x0 to 0x3ff] |
                [from 0x410 to 0xf'ffff] |
                [from 0x1000'0000 to 0x1003'ffff] { ro };
define block CSTACK with size = 4K, alignment = 8 { };
define block HEAP with size = 36K, alignment = 8 { };
"P3":  place in [from 0x1fff'0000 to 0x1fff'ffff] |
                [from 0x2000'0000 to 0x2002'ffff] {
          rw, block CSTACK, block HEAP };
initialize by copy { rw };

No sections matched the following patterns:

  section .flex_ram  in "P4"


  Section            Kind         Address     Size  Object
  -------            ----         -------     ----  ------
"A0":                                        0x400
  .intvec            ro code          0x0    0x400  startup_MK66F18.o [1]
                                  - 0x400    0x400

"P1":                                         0x10
  FlashConfig        ro code        0x400     0x10  startup_MK66F18.o [1]
                                  - 0x410     0x10

"P2":                                      0x1918c
  .rodata            const          0x410   0x8000  FFT.o [1]
  .rodata            const         0x8410   0x8000  FFT.o [1]
  .text              ro code     0x1'0410   0x14e0  dlmalloc.o [2]
  .text              ro code     0x1'18f0      0x6  abort.o [2]
  .text              ro code     0x1'18f6     0x3a  zero_init3.o [4]
  .text              ro code     0x1'1930     0x2c  xgetmemchunk.o [2]
  .text              ro code     0x1'195c     0x14  exit.o [5]
  .text              ro code     0x1'1970    0xc16  xprintflarge_nomb.o [2]
  .text              ro code     0x1'2586      0x2  startup_MK66F18.o [1]
  .text              ro code     0x1'2588     0x16  strchr.o [4]
  .text              ro code     0x1'259e      0x2  startup_MK66F18.o [1]
  .text              ro code     0x1'25a0     0x40  xfail_s.o [2]
  .text              ro code     0x1'25e0     0x36  strlen.o [4]
  .text              ro code     0x1'2616      0x2  startup_MK66F18.o [1]
  .text              ro code     0x1'2618     0x58  memchr.o [4]
  .text              ro code     0x1'2670    0x230  I64DivMod.o [4]
  .text              ro code     0x1'28a0    0x1a2  DblMul.o [3]
  .text              ro code     0x1'2a42      0x2  startup_MK66F18.o [1]
  .text              ro code     0x1'2a44     0xa6  ABImemcpy.o [4]
  .text              ro code     0x1'2aea      0x2  startup_MK66F18.o [1]
  .text              ro code     0x1'2aec     0x70  frexp.o [3]
  .text              ro code     0x1'2b5c    0x246  DblDiv.o [3]
  .text              ro code     0x1'2da2      0x2  startup_MK66F18.o [1]
  .text              ro code     0x1'2da4     0x28  DblToU32.o [3]
  .text              ro code     0x1'2dcc     0x1a  U32ToDbl.o [3]
  .text              ro code     0x1'2de6      0x2  startup_MK66F18.o [1]
  .text              ro code     0x1'2de8     0xe2  DblSub.o [3]
  .text              ro code     0x1'2ecc      0x8  xlocale_c.o [2]
  .text              ro code     0x1'2ed4      0x2  I64DivZer.o [4]
  .text              ro code     0x1'2ed8    0x17a  DblAdd.o [3]
  .text              ro code     0x1'3054    0x9c4  FFT.o [1]
  .text              ro code     0x1'3a18     0x22  S32ToDbl.o [3]
  .text              ro code     0x1'3a3c     0x62  math_wrappers64.o [3]
  .text              ro code     0x1'3aa0     0x3a  DblToS32.o [3]
  .text              ro code     0x1'3ada     0x16  vla_alloc.o [2]
  .text              ro code     0x1'3af0     0x48  FltToDbl.o [3]
  .text              ro code     0x1'3b38     0x68  DblToFlt.o [3]
  .text              ro code     0x1'3ba0     0xc8  acos64.o [3]
  .text              ro code     0x1'3c68     0xec  asin64.o [3]
  .text              ro code     0x1'3d54    0x13c  atan2_64.o [3]
  .text              ro code     0x1'3e90    0x31e  logx64.o [3]
  .text              ro code     0x1'41b0    0x700  pow64.o [3]
  .text              ro code     0x1'48b0    0x444  cos_sin64.o [3]
  .text              ro code     0x1'4cf4      0x4  heaptramp0.o [2]
  .text              ro code     0x1'4cf8     0xf2  sqrt.o [3]
  .text              ro code     0x1'4dec     0x2e  DblCmpLe.o [3]
  .text              ro code     0x1'4e1c    0x1d0  iar_Atan64.o [3]
  .text              ro code     0x1'4fec     0x20  DblCmpEq.o [3]
  .text              ro code     0x1'500c     0x2e  DblCmpGe.o [3]
  .text              ro code     0x1'503c    0x3e8  iar_Exp64.o [3]
  .text              ro code     0x1'5424    0x13a  ldexp.o [3]
  .text              ro code     0x1'5560    0x738  PID.o [1]
  .text              ro code     0x1'5c98    0x4d8  LG_EncTPM.o [1]
  .text              ro code     0x1'6170    0x5f0  AHRS.o [1]
  .text              ro code     0x1'6760     0x28  printf.o [2]
  .text              ro code     0x1'6788    0x214  MK66_TPM.o [1]
  .text              ro code     0x1'699c     0x6c  MK60_PIT.o [1]
  .text              ro code     0x1'6a08    0x22e  LQ_MPU6050.o [1]
  .text              ro code     0x1'6c38     0xc0  ANO_DT.o [1]
  .text              ro code     0x1'6cf8     0x24  ABIassert.o [5]
  .text              ro code     0x1'6d1c     0x66  ABImemset.o [4]
  .text              ro code     0x1'6d84    0x3a8  MK60_IIC.o [1]
  .text              ro code     0x1'712c     0x54  MK60_LPTMR.o [1]
  .text              ro code     0x1'7180    0x1fc  MK60_UART.o [1]
  .text              ro code     0x1'737c    0x174  MK60_GPIO.o [1]
  .text              ro code     0x1'74f0    0x598  ADC&DMA.o [1]
  .text              ro code     0x1'7a88     0x4c  MK60_ADC.o [1]
  .text              ro code     0x1'7ad4     0x2c  copy_init3.o [4]
  .rodata            const       0x1'7b00    0x420  pow64.o [3]
  .text              ro code     0x1'7f20    0x37c  main.o [1]
  .text              ro code     0x1'829c    0x148  MK60_PLL.o [1]
  .text              ro code     0x1'83e4    0x144  LQ_LED.o [1]
  .text              ro code     0x1'8528    0x2ac  Longer_motor.o [1]
  .text              ro code     0x1'87d4    0x14a  task_scheduler.o [1]
  .text              ro code     0x1'8920    0x344  MK60_FTM.o [1]
  .text              ro code     0x1'8c64    0x180  IRQ_Handler.o [1]
  .text              ro code     0x1'8de4     0xd4  OPENMV.o [1]
  .text              ro code     0x1'8eb8    0x118  MK60_SYSTICK.o [1]
  .rodata            const       0x1'8fd0     0x80  PID.o [1]
  .rodata            const       0x1'9050     0x50  MK66_TPM.o [1]
  .rodata            const       0x1'90a0     0x40  iar_Atan64.o [3]
  .text              ro code     0x1'90e0     0x30  MK60_WDOG.o [1]
  .text              ro code     0x1'9110     0x28  startup_MK66F18.o [1]
  .text              ro code     0x1'9138     0x28  data_init.o [4]
  .text              ro code     0x1'9160     0x22  fpinit_M.o [3]
  .iar.init_table    const       0x1'9184     0x34  - Linker created -
  .text              ro code     0x1'91b8     0x1e  cmain.o [4]
  .text              ro code     0x1'91d6      0x4  low_level_init.o [2]
  .text              ro code     0x1'91da      0x4  exit.o [2]
  .text              ro code     0x1'91e0      0xa  cexit.o [4]
  .rodata            const       0x1'91ec     0x1c  MK66_TPM.o [1]
  .text              ro code     0x1'9208     0x1a  start.o [1]
  .text              ro code     0x1'9222     0x16  xprout.o [2]
  .text              ro code     0x1'9238      0xc  putchar.o [2]
  .rodata            const       0x1'9244     0x14  LQ_MPU6050.o [1]
  .rodata            const       0x1'9258     0x14  MK66_TPM.o [1]
  .rodata            const       0x1'926c     0x14  MK66_TPM.o [1]
  .rodata            const       0x1'9280     0x10  LQ_MPU6050.o [1]
  .rodata            const       0x1'9290     0x10  LQ_MPU6050.o [1]
  .rodata            const       0x1'92a0      0xc  LQ_MPU6050.o [1]
  .rodata            const       0x1'92ac      0xc  MK66_TPM.o [1]
  .rodata            const       0x1'92b8      0xc  MK66_TPM.o [1]
  .rodata            const       0x1'92c4      0xc  OPENMV.o [1]
  .text              ro code     0x1'92d0      0xc  cstartup_M.o [4]
  .rodata            const       0x1'92dc      0x8  MK66_TPM.o [1]
  .text              ro code     0x1'92e4      0x8  startup_MK66F18.o [1]
  .text              ro code     0x1'92ec      0x8  startup_MK66F18.o [1]
  .text              ro code     0x1'92f4      0x8  startup_MK66F18.o [1]
  .text              ro code     0x1'92fc      0x8  startup_MK66F18.o [1]
  .text              ro code     0x1'9304      0x8  startup_MK66F18.o [1]
  .text              ro code     0x1'930c      0x8  startup_MK66F18.o [1]
  .text              ro code     0x1'9314      0x8  startup_MK66F18.o [1]
  .text              ro code     0x1'931c      0x8  startup_MK66F18.o [1]
  .text              ro code     0x1'9324      0x8  startup_MK66F18.o [1]
  .text              ro code     0x1'932c      0x8  startup_MK66F18.o [1]
  .text              ro code     0x1'9334      0x8  startup_MK66F18.o [1]
  .text              ro code     0x1'933c      0x8  startup_MK66F18.o [1]
  .text              ro code     0x1'9344      0x8  startup_MK66F18.o [1]
  .text              ro code     0x1'934c      0x8  startup_MK66F18.o [1]
  .text              ro code     0x1'9354      0x8  startup_MK66F18.o [1]
  .text              ro code     0x1'935c      0x8  startup_MK66F18.o [1]
  .text              ro code     0x1'9364      0x8  startup_MK66F18.o [1]
  .text              ro code     0x1'936c      0x8  startup_MK66F18.o [1]
  .text              ro code     0x1'9374      0x8  startup_MK66F18.o [1]
  .text              ro code     0x1'937c      0x8  startup_MK66F18.o [1]
  .text              ro code     0x1'9384      0x8  startup_MK66F18.o [1]
  .text              ro code     0x1'938c      0x8  startup_MK66F18.o [1]
  .text              ro code     0x1'9394      0x8  startup_MK66F18.o [1]
  .text              ro code     0x1'939c      0x8  startup_MK66F18.o [1]
  .text              ro code     0x1'93a4      0x8  startup_MK66F18.o [1]
  .text              ro code     0x1'93ac      0x8  startup_MK66F18.o [1]
  .text              ro code     0x1'93b4      0x8  startup_MK66F18.o [1]
  .text              ro code     0x1'93bc      0x8  startup_MK66F18.o [1]
  .text              ro code     0x1'93c4      0x8  startup_MK66F18.o [1]
  .text              ro code     0x1'93cc      0x8  startup_MK66F18.o [1]
  .text              ro code     0x1'93d4      0x8  startup_MK66F18.o [1]
  .text              ro code     0x1'93dc      0x8  startup_MK66F18.o [1]
  .text              ro code     0x1'93e4      0x8  startup_MK66F18.o [1]
  .text              ro code     0x1'93ec      0x8  startup_MK66F18.o [1]
  .text              ro code     0x1'93f4      0x8  startup_MK66F18.o [1]
  .text              ro code     0x1'93fc      0x8  startup_MK66F18.o [1]
  .text              ro code     0x1'9404      0x8  startup_MK66F18.o [1]
  .text              ro code     0x1'940c      0x8  startup_MK66F18.o [1]
  .text              ro code     0x1'9414      0x8  startup_MK66F18.o [1]
  .text              ro code     0x1'941c      0x8  startup_MK66F18.o [1]
  .text              ro code     0x1'9424      0x8  startup_MK66F18.o [1]
  .text              ro code     0x1'942c      0x8  startup_MK66F18.o [1]
  .text              ro code     0x1'9434      0x8  startup_MK66F18.o [1]
  .text              ro code     0x1'943c      0x8  startup_MK66F18.o [1]
  .text              ro code     0x1'9444      0x8  startup_MK66F18.o [1]
  .text              ro code     0x1'944c      0x8  startup_MK66F18.o [1]
  .text              ro code     0x1'9454      0x8  startup_MK66F18.o [1]
  .text              ro code     0x1'945c      0x8  startup_MK66F18.o [1]
  .rodata            const       0x1'9464      0x4  AHRS.o [1]
  .rodata            const       0x1'9468      0x4  AHRS.o [1]
  .rodata            const       0x1'946c      0x4  xlocale_c.o [2]
  .text              ro code     0x1'9470      0x4  startup_MK66F18.o [1]
  .rodata            const       0x1'9474      0x0  zero_init3.o [4]
  .rodata            const       0x1'9474      0x0  copy_init3.o [4]
  Initializer bytes  const       0x1'9474    0x128  <for P3 s0>
                               - 0x1'959c  0x1918c

"P3", part 1 of 5:                           0x128
  P3 s0                       0x1fff'0000    0x128  <Init block>
    .data            inited   0x1fff'0000     0x48  xfiles.o [2]
    .data            inited   0x1fff'0048     0x3c  task_scheduler.o [1]
    .data            inited   0x1fff'0084     0x38  xlocale_c.o [2]
    .data            inited   0x1fff'00bc     0x14  MK60_GPIO.o [1]
    .data            inited   0x1fff'00d0     0x14  MK60_GPIO.o [1]
    .data            inited   0x1fff'00e4     0x14  MK60_SYSTICK.o [1]
    .data            inited   0x1fff'00f8     0x14  MK60_UART.o [1]
    .data            inited   0x1fff'010c     0x10  AHRS.o [1]
    .data            inited   0x1fff'011c      0x4  FFT.o [1]
    .data            inited   0x1fff'0120      0x2  ADC&DMA.o [1]
    .data            inited   0x1fff'0122      0x2  ADC&DMA.o [1]
    .data            inited   0x1fff'0124      0x1  LG_EncTPM.o [1]
    .data            inited   0x1fff'0125      0x1  LG_EncTPM.o [1]
    .data            inited   0x1fff'0126      0x1  LG_EncTPM.o [1]
                            - 0x1fff'0128    0x128

"P3", part 2 of 5:                           0x530
  .bss               zero     0x1fff'0128    0x1d8  dlmalloc.o [2]
  .bss               zero     0x1fff'0300     0x90  PID.o [1]
  .bss               zero     0x1fff'0390     0x50  xfiles.o [2]
  .bss               zero     0x1fff'03e0     0x40  FFT.o [1]
  .bss               zero     0x1fff'0420     0x40  FFT.o [1]
  .bss               zero     0x1fff'0460     0x34  ANO_DT.o [1]
  .bss               zero     0x1fff'0494     0x24  FFT.o [1]
  .bss               zero     0x1fff'04b8     0x24  PID.o [1]
  .bss               zero     0x1fff'04dc     0x24  PID.o [1]
  .bss               zero     0x1fff'0500     0x20  MK60_SYSTICK.o [1]
  .bss               zero     0x1fff'0520     0x18  AHRS.o [1]
  .bss               zero     0x1fff'0538     0x18  dlmalloc.o [2]
  .bss               zero     0x1fff'0550     0x14  FFT.o [1]
  .bss               zero     0x1fff'0564     0x14  FFT.o [1]
  .bss               zero     0x1fff'0578     0x10  main.o [1]
  .bss               zero     0x1fff'0588     0x10  MK60_FTM.o [1]
  .bss               zero     0x1fff'0598      0xc  AHRS.o [1]
  .bss               zero     0x1fff'05a4      0xc  AHRS.o [1]
  .bss               zero     0x1fff'05b0      0x8  AHRS.o [1]
  .bss               zero     0x1fff'05b8      0x8  AHRS.o [1]
  .bss               zero     0x1fff'05c0      0x8  LQ_LED.o [1]
  .bss               zero     0x1fff'05c8      0x4  AHRS.o [1]
  .bss               zero     0x1fff'05cc      0x4  AHRS.o [1]
  .bss               zero     0x1fff'05d0      0x4  AHRS.o [1]
  .bss               zero     0x1fff'05d4      0x4  AHRS.o [1]
  .bss               zero     0x1fff'05d8      0x4  FFT.o [1]
  .bss               zero     0x1fff'05dc      0x4  FFT.o [1]
  .bss               zero     0x1fff'05e0      0x4  FFT.o [1]
  .bss               zero     0x1fff'05e4      0x4  FFT.o [1]
  .bss               zero     0x1fff'05e8      0x4  FFT.o [1]
  .bss               zero     0x1fff'05ec      0x4  FFT.o [1]
  .bss               zero     0x1fff'05f0      0x4  FFT.o [1]
  .bss               zero     0x1fff'05f4      0x4  FFT.o [1]
  .bss               zero     0x1fff'05f8      0x4  FFT.o [1]
  .bss               zero     0x1fff'05fc      0x4  LG_EncTPM.o [1]
  .bss               zero     0x1fff'0600      0x4  LG_EncTPM.o [1]
  .bss               zero     0x1fff'0604      0x4  LG_EncTPM.o [1]
  .bss               zero     0x1fff'0608      0x4  LG_EncTPM.o [1]
  .bss               zero     0x1fff'060c      0x4  LG_EncTPM.o [1]
  .bss               zero     0x1fff'0610      0x4  LG_EncTPM.o [1]
  .bss               zero     0x1fff'0614      0x4  LG_EncTPM.o [1]
  .bss               zero     0x1fff'0618      0x4  LG_EncTPM.o [1]
  .bss               zero     0x1fff'061c      0x4  main.o [1]
  .bss               zero     0x1fff'0620      0x4  main.o [1]
  .bss               zero     0x1fff'0624      0x4  main.o [1]
  .bss               zero     0x1fff'0628      0x4  OPENMV.o [1]
  .bss               zero     0x1fff'062c      0x4  OPENMV.o [1]
  .bss               zero     0x1fff'0630      0x4  PID.o [1]
  .bss               zero     0x1fff'0634      0x4  xgetmemchunk.o [2]
  .bss               zero     0x1fff'0638      0x4  xfail_s.o [2]
  .bss               zero     0x1fff'063c      0x2  FFT.o [1]
  .bss               zero     0x1fff'063e      0x2  FFT.o [1]
  .bss               zero     0x1fff'0640      0x2  LG_EncTPM.o [1]
  .bss               zero     0x1fff'0642      0x2  LG_EncTPM.o [1]
  .bss               zero     0x1fff'0644      0x2  task_scheduler.o [1]
  .bss               zero     0x1fff'0646      0x2  task_scheduler.o [1]
  .bss               zero     0x1fff'0648      0x1  ADC&DMA.o [1]
  .bss               zero     0x1fff'0649      0x1  ADC&DMA.o [1]
  .bss               zero     0x1fff'064a      0x1  LG_EncTPM.o [1]
  .bss               zero     0x1fff'064b      0x1  Longer_motor.o [1]
  .bss               zero     0x1fff'064c      0x1  Longer_motor.o [1]
  .bss               zero     0x1fff'064d      0x1  main.o [1]
  .bss               zero     0x1fff'064e      0x1  main.o [1]
  .bss               zero     0x1fff'064f      0x1  main.o [1]
  .bss               zero     0x1fff'0650      0x1  main.o [1]
  .bss               zero     0x1fff'0651      0x1  MK60_PLL.o [1]
  .bss               zero     0x1fff'0652      0x1  MK60_PLL.o [1]
  .bss               zero     0x1fff'0653      0x1  OPENMV.o [1]
  .bss               zero     0x1fff'0654      0x1  task_scheduler.o [1]
                            - 0x1fff'0655    0x52d

"P3", part 3 of 5:                          0xa000
  CSTACK                      0x1fff'0658   0x1000  <Block>
    CSTACK           uninit   0x1fff'0658   0x1000  <Block tail>
  HEAP                        0x1fff'1658   0x9000  <Block>
    HEAP             uninit   0x1fff'1658   0x9000  <Block tail>
                            - 0x1fff'a658   0xa000

"P3", part 4 of 5:                         0x28000
  .bss               zero     0x2000'0000   0x8000  FFT.o [1]
  .bss               zero     0x2000'8000   0x8000  FFT.o [1]
  .bss               zero     0x2001'0000   0x8000  FFT.o [1]
  .bss               zero     0x2001'8000   0x8000  FFT.o [1]
  .bss               zero     0x2002'0000   0x8000  FFT.o [1]
                            - 0x2002'8000  0x28000

"P3", part 5 of 5:                          0x8000
  .bss               zero     0x2002'8000   0x8000  FFT.o [1]
                            - 0x2003'0000   0x8000

Unused ranges:

         From           To      Size
         ----           --      ----
     0x1'959c     0xf'ffff  0xe'6a64
  0x1000'0000  0x1003'ffff  0x4'0000
  0x1fff'a658  0x1fff'ffff    0x59a8


*******************************************************************************
*** INIT TABLE
***

          Address      Size
          -------      ----
Zero (__iar_zero_init3)
    3 destination ranges, total size 0x3052d:
          0x1fff'0128    0x52d
          0x2000'0000  0x28000
          0x2002'8000   0x8000

Copy (__iar_copy_init3)
    1 source range, total size 0x128 (100% of destination):
             0x1'9474    0x128
    1 destination range, total size 0x127:
          0x1fff'0000    0x127



*******************************************************************************
*** MODULE SUMMARY
***

    Module               ro code  ro data  rw data
    ------               -------  -------  -------
command line/config:
    ----------------------------------------------
    Total:

D:\Longer\智能车赛\my_programs\MAX&FFT_K66\project\Debug\Obj: [1]
    ADC&DMA.o              1 432        4        6
    AHRS.o                 1 520       24       96
    ANO_DT.o                 192                52
    FFT.o                  2 500   65 540  196 856
    IRQ_Handler.o            384
    LG_EncTPM.o            1 240        3       40
    LQ_LED.o                 324                 8
    LQ_MPU6050.o             558       64
    Longer_motor.o           684                 2
    MK60_ADC.o                76
    MK60_FTM.o               836                16
    MK60_GPIO.o              372       40       40
    MK60_IIC.o               936
    MK60_LPTMR.o              84
    MK60_PIT.o               108
    MK60_PLL.o               328                 2
    MK60_SYSTICK.o           280       20       52
    MK60_UART.o              508       20       20
    MK60_WDOG.o               48
    MK66_TPM.o               532      180
    OPENMV.o                 212       12        9
    PID.o                  1 848      128      220
    main.o                   892                32
    start.o                   26
    startup_MK66F18.o      1 482
    task_scheduler.o         330       60       65
    ----------------------------------------------
    Total:                17 732   66 095  197 516

dl7M_tlf.a: [2]
    abort.o                    6
    dlmalloc.o             5 344               496
    exit.o                     4
    heaptramp0.o               4
    low_level_init.o           4
    printf.o                  40
    putchar.o                 12
    vla_alloc.o               22
    xfail_s.o                 64                 4
    xfiles.o                           72      152
    xgetmemchunk.o            44                 4
    xlocale_c.o                8       60       56
    xprintflarge_nomb.o    3 094
    xprout.o                  22
    ----------------------------------------------
    Total:                 8 668      132      712

m7M_tls.a: [3]
    DblAdd.o                 378
    DblCmpEq.o                32
    DblCmpGe.o                46
    DblCmpLe.o                46
    DblDiv.o                 582
    DblMul.o                 418
    DblSub.o                 226
    DblToFlt.o               104
    DblToS32.o                58
    DblToU32.o                40
    FltToDbl.o                72
    S32ToDbl.o                34
    U32ToDbl.o                26
    acos64.o                 200
    asin64.o                 236
    atan2_64.o               316
    cos_sin64.o            1 092
    fpinit_M.o                34
    frexp.o                  112
    iar_Atan64.o             464       64
    iar_Exp64.o            1 000
    ldexp.o                  314
    logx64.o                 798
    math_wrappers64.o         98
    pow64.o                1 792    1 056
    sqrt.o                   242
    ----------------------------------------------
    Total:                 8 760    1 120

rt7M_tl.a: [4]
    ABImemcpy.o              166
    ABImemset.o              102
    I64DivMod.o              560
    I64DivZer.o                2
    cexit.o                   10
    cmain.o                   30
    copy_init3.o              44
    cstartup_M.o              12
    data_init.o               40
    memchr.o                  88
    strchr.o                  22
    strlen.o                  54
    zero_init3.o              58
    ----------------------------------------------
    Total:                 1 188

shb_l.a: [5]
    ABIassert.o               36
    exit.o                    20
    ----------------------------------------------
    Total:                    56

    Gaps                      28        4
    Linker created                     53   40 960
--------------------------------------------------
    Grand Total:          36 432   67 404  239 188


*******************************************************************************
*** ENTRY LIST
***

Entry                       Address    Size  Type      Object
-----                       -------    ----  ----      ------
.iar.init_table$$Base      0x1'9184           --   Gb  - Linker created -
.iar.init_table$$Limit     0x1'91b8           --   Gb  - Linker created -
?main                      0x1'91b9          Code  Gb  cmain.o [4]
ADC0_IRQHandler            0x1'8dd9     0xa  Code  Gb  IRQ_Handler.o [1]
ADC1_IRQHandler            0x1'8de3     0x2  Code  Gb  IRQ_Handler.o [1]
ADC_Init                   0x1'7a89    0x3a  Code  Gb  MK60_ADC.o [1]
ADC_conf_for_DMA           0x1'79b1    0x6a  Code  Lc  ADC&DMA.o [1]
ADC_in_DMA_mode_Init       0x1'770d    0x3e  Code  Gb  ADC&DMA.o [1]
ADC_in_DMA_mode_instance_conf
                           0x1'7507   0x170  Code  Gb  ADC&DMA.o [1]
ANO_DT_Send_Data           0x1'6c39    0x12  Code  Gb  ANO_DT.o [1]
ANO_DT_send_status_int16
                           0x1'6c4b    0xa4  Code  Gb  ANO_DT.o [1]
CLOCK_EnableClock          0x1'5d1f    0x16  Code  Lc  LG_EncTPM.o [1]
CLOCK_EnableClock          0x1'6789    0x16  Code  Lc  MK66_TPM.o [1]
CLOCK_SetPllFllSelClock
                           0x1'5d43    0x24  Code  Lc  LG_EncTPM.o [1]
CLOCK_SetTpmClock          0x1'5d35     0xe  Code  Lc  LG_EncTPM.o [1]
CSTACK$$Base            0x1fff'0658           --   Gb  - Linker created -
CSTACK$$Limit           0x1fff'1658           --   Gb  - Linker created -
DMA0_DMA16_IRQHandler      0x1'8cc1    0x2e  Code  Gb  IRQ_Handler.o [1]
DMA1_DMA17_IRQHandler      0x1'8cef     0xc  Code  Gb  IRQ_Handler.o [1]
DMA2_DMA18_IRQHandler      0x1'8cfb    0x2e  Code  Gb  IRQ_Handler.o [1]
DMA3_DMA19_IRQHandler      0x1'8d29     0xc  Code  Gb  IRQ_Handler.o [1]
DMA4_IRQHandler            0x1'8d35    0x16  Code  Gb  IRQ_Handler.o [1]
DMA_Init_for_ADC           0x1'778f   0x116  Code  Lc  ADC&DMA.o [1]
DMA_set_channel_link       0x1'78a5   0x10c  Code  Lc  ADC&DMA.o [1]
Enc_TPM12_Init             0x1'5d93    0xcc  Code  Gb  LG_EncTPM.o [1]
EulerianAngles_update      0x1'619d    0x9c  Code  Gb  AHRS.o [1]
EulerianAngles_update::accelval
                        0x1fff'05b0     0x8  Data  Lc  AHRS.o [1]
EulerianAngles_update::gyroval
                        0x1fff'05b8     0x8  Data  Lc  AHRS.o [1]
FFT                        0x1'3157    0xcc  Code  Gb  FFT.o [1]
FTM_GetNum                 0x1'8a13    0x2c  Code  Gb  MK60_FTM.o [1]
FTM_PinInit                0x1'8a3f   0x1ae  Code  Lc  MK60_FTM.o [1]
FTM_PwmDuty                0x1'89e3    0x30  Code  Gb  MK60_FTM.o [1]
FTM_PwmInit                0x1'8921    0xc2  Code  Gb  MK60_FTM.o [1]
GPIOX                   0x1fff'00bc    0x14  Data  Gb  MK60_GPIO.o [1]
GPIO_PinInit               0x1'737d   0x114  Code  Gb  MK60_GPIO.o [1]
GPIO_PinSetDir             0x1'7491    0x52  Code  Gb  MK60_GPIO.o [1]
HEAP$$Base              0x1fff'1658           --   Gb  - Linker created -
HEAP$$Limit             0x1fff'a658           --   Gb  - Linker created -
IFFT                       0x1'32ef    0x4e  Code  Gb  FFT.o [1]
IIC_Ack                    0x1'6ecf    0x3a  Code  Gb  MK60_IIC.o [1]
IIC_Init                   0x1'6d93    0x74  Code  Gb  MK60_IIC.o [1]
IIC_NAck                   0x1'6f09    0x3a  Code  Gb  MK60_IIC.o [1]
IIC_ReadByte               0x1'6f9d    0x60  Code  Gb  MK60_IIC.o [1]
IIC_ReadByteFromSlave      0x1'7009    0x52  Code  Gb  MK60_IIC.o [1]
IIC_ReadMultByteFromSlave
                           0x1'70ab    0x82  Code  Gb  MK60_IIC.o [1]
IIC_SendByte               0x1'6f43    0x5a  Code  Gb  MK60_IIC.o [1]
IIC_Start                  0x1'6e07    0x3a  Code  Gb  MK60_IIC.o [1]
IIC_Stop                   0x1'6e41    0x3a  Code  Gb  MK60_IIC.o [1]
IIC_WaitAck                0x1'6e7b    0x54  Code  Gb  MK60_IIC.o [1]
IIC_WriteByteToSlave       0x1'705b    0x50  Code  Gb  MK60_IIC.o [1]
IMU_AHRSupdate_noMagnetic
                           0x1'63cd   0x1c8  Code  Lc  AHRS.o [1]
IMU_getValues              0x1'62b1    0xe8  Code  Lc  AHRS.o [1]
IMU_getValues::lastaccel
                        0x1fff'05a4     0xc  Data  Lc  AHRS.o [1]
IMU_quaterToEulerianAngles
                           0x1'65a9   0x150  Code  Lc  AHRS.o [1]
I_ex                    0x1fff'05c8     0x4  Data  Lc  AHRS.o [1]
I_ey                    0x1fff'05cc     0x4  Data  Lc  AHRS.o [1]
I_ez                    0x1fff'05d0     0x4  Data  Lc  AHRS.o [1]
InvSqrt                    0x1'30bd    0x30  Code  Gb  FFT.o [1]
LED_Init                   0x1'83e5    0x40  Code  Gb  LQ_LED.o [1]
LED_OFF                    0x1'8489    0x64  Code  Gb  LQ_LED.o [1]
LED_ON                     0x1'8425    0x64  Code  Gb  LQ_LED.o [1]
LED_Reverse                0x1'84ed    0x36  Code  Gb  LQ_LED.o [1]
LED_Reverse::led_state  0x1fff'05c0     0x8  Data  Lc  LQ_LED.o [1]
LPTMR0_IRQHandler          0x1'8d81    0x14  Code  Gb  IRQ_Handler.o [1]
LPTMR_Delayms              0x1'7137    0x38  Code  Gb  MK60_LPTMR.o [1]
LPTMR_for_ADC_trigger      0x1'774b    0x44  Code  Lc  ADC&DMA.o [1]
LoadInt                    0x1'1b15    0x7a  Code  Lc  xprintflarge_nomb.o [2]
MPU6050_Init               0x1'6a09    0xb8  Code  Gb  LQ_MPU6050.o [1]
MPU_Get_Raw_data           0x1'6b89    0x80  Code  Gb  LQ_MPU6050.o [1]
MPU_Read_Byte              0x1'6c25    0x12  Code  Gb  LQ_MPU6050.o [1]
MPU_Read_Len               0x1'6c09     0xe  Code  Gb  LQ_MPU6050.o [1]
MPU_Set_Accel_Fsr          0x1'6ad3    0x12  Code  Gb  LQ_MPU6050.o [1]
MPU_Set_Gyro_Fsr           0x1'6ac1    0x12  Code  Gb  LQ_MPU6050.o [1]
MPU_Set_LPF                0x1'6ae5    0x4c  Code  Gb  LQ_MPU6050.o [1]
MPU_Set_Rate               0x1'6b31    0x46  Code  Gb  LQ_MPU6050.o [1]
MPU_Write_Byte             0x1'6c17     0xe  Code  Gb  LQ_MPU6050.o [1]
NIFFT                      0x1'3223    0xcc  Code  Gb  FFT.o [1]
NMI_Handler                0x1'9221     0x2  Code  Gb  start.o [1]
NVIC_DisableIRQ            0x1'6187    0x16  Code  Lc  AHRS.o [1]
NVIC_DisableIRQ            0x1'5577    0x16  Code  Lc  PID.o [1]
NVIC_EnableIRQ             0x1'74f1    0x16  Code  Lc  ADC&DMA.o [1]
NVIC_EnableIRQ             0x1'6171    0x16  Code  Lc  AHRS.o [1]
NVIC_EnableIRQ             0x1'5ca5    0x16  Code  Lc  LG_EncTPM.o [1]
NVIC_EnableIRQ             0x1'7f45    0x14  Code  Lc  main.o [1]
NVIC_EnableIRQ             0x1'5561    0x16  Code  Lc  PID.o [1]
NVIC_EnableIRQ             0x1'87d5    0x14  Code  Lc  task_scheduler.o [1]
NVIC_EncodePriority        0x1'5ce3    0x3c  Code  Lc  LG_EncTPM.o [1]
NVIC_EncodePriority        0x1'7f7d    0x3c  Code  Lc  main.o [1]
NVIC_GetPriorityGrouping
                           0x1'5c99     0xc  Code  Lc  LG_EncTPM.o [1]
NVIC_GetPriorityGrouping
                           0x1'7f3b     0xa  Code  Lc  main.o [1]
NVIC_SetPriority           0x1'5cbb    0x28  Code  Lc  LG_EncTPM.o [1]
NVIC_SetPriority           0x1'7f59    0x24  Code  Lc  main.o [1]
NVIC_SetPriority           0x1'8eb9    0x24  Code  Lc  MK60_SYSTICK.o [1]
NVIC_SetPriorityGrouping
                           0x1'7f21    0x1a  Code  Lc  main.o [1]
PID_four_wheels_speed_control
                           0x1'578d    0x10  Code  Gb  PID.o [1]
PID_init                   0x1'558d   0x100  Code  Gb  PID.o [1]
PID_realize                0x1'56cf    0xba  Code  Gb  PID.o [1]
PID_realize::beta       0x1fff'0630     0x4  Data  Lc  PID.o [1]
PIT0_IRQHandler            0x1'8c7d    0x16  Code  Gb  IRQ_Handler.o [1]
PIT1_IRQHandler            0x1'8c93     0xc  Code  Gb  IRQ_Handler.o [1]
PIT2_IRQHandler            0x1'8c9f    0x16  Code  Gb  IRQ_Handler.o [1]
PIT3_IRQHandler            0x1'8cb5     0xc  Code  Gb  IRQ_Handler.o [1]
PIT_Init                   0x1'699d    0x5a  Code  Gb  MK60_PIT.o [1]
PIT_Init_For_IT            0x1'5e5f    0x2c  Code  Gb  LG_EncTPM.o [1]
PLL_Init                   0x1'829d   0x148  Code  Gb  MK60_PLL.o [1]
PORTA_IRQHandler           0x1'8c65     0x2  Code  Gb  IRQ_Handler.o [1]
PORTB_IRQHandler           0x1'8c67    0x16  Code  Gb  IRQ_Handler.o [1]
PORTX                   0x1fff'00d0    0x14  Data  Gb  MK60_GPIO.o [1]
PORT_SetPinMux             0x1'5d7b    0x18  Code  Lc  LG_EncTPM.o [1]
Q_info                  0x1fff'010c    0x10  Data  Lc  AHRS.o [1]
Region$$Table$$Base        0x1'9184           --   Gb  - Linker created -
Region$$Table$$Limit       0x1'91b8           --   Gb  - Linker created -
Start                      0x1'9209    0x12  Code  Gb  start.o [1]
SysTick_Config             0x1'8edd    0x30  Code  Lc  MK60_SYSTICK.o [1]
SysTick_Handler            0x1'8f35     0xc  Code  Gb  MK60_SYSTICK.o [1]
TPM_GetDefaultConfig       0x1'6865    0x50  Code  Gb  MK66_TPM.o [1]
TPM_GetInstance            0x1'679f    0x34  Code  Lc  MK66_TPM.o [1]
TPM_Init                   0x1'67d3    0x92  Code  Gb  MK66_TPM.o [1]
TPM_SetupQuadDecode        0x1'68b5    0xc8  Code  Gb  MK66_TPM.o [1]
TPM_StartTimer             0x1'5d67    0x14  Code  Lc  LG_EncTPM.o [1]
UART2_RX_TX_IRQHandler     0x1'8d71    0x10  Code  Gb  IRQ_Handler.o [1]
UART4_RX_TX_IRQHandler     0x1'8d4b    0x26  Code  Gb  IRQ_Handler.o [1]
UARTN                   0x1fff'00f8    0x14  Data  Gb  MK60_UART.o [1]
UART_GetChar               0x1'72cb     0xa  Code  Gb  MK60_UART.o [1]
UART_GetNum                0x1'72f3    0x36  Code  Gb  MK60_UART.o [1]
UART_GetStr                0x1'72d5    0x1e  Code  Gb  MK60_UART.o [1]
UART_Init                  0x1'7191   0x112  Code  Gb  MK60_UART.o [1]
UART_PutBuff               0x1'72ad    0x1e  Code  Gb  MK60_UART.o [1]
UART_PutChar               0x1'72a3     0xa  Code  Gb  MK60_UART.o [1]
WDOG_Disable               0x1'90e1    0x14  Code  Gb  MK60_WDOG.o [1]
WDOG_Unlock                0x1'90f5    0x14  Code  Gb  MK60_WDOG.o [1]
_GenldLargeNoMb            0x1'22a5   0x24c  Code  Lc  xprintflarge_nomb.o [2]
_LdtobLargeNoMb            0x1'204b   0x232  Code  Lc  xprintflarge_nomb.o [2]
_LitobLargeNoMb            0x1'1efb   0x10a  Code  Lc  xprintflarge_nomb.o [2]
_Locale_lconv           0x1fff'0084    0x38  Data  Lc  xlocale_c.o [2]
_PrintfLargeNoMb           0x1'1971   0x19e  Code  Gb  xprintflarge_nomb.o [2]
_Prout                     0x1'9223    0x16  Code  Gb  xprout.o [2]
_PutcharsLargeNoMb         0x1'24f1    0x2e  Code  Lc  xprintflarge_nomb.o [2]
_PutfldLargeNoMb           0x1'1b8f   0x260  Code  Lc  xprintflarge_nomb.o [2]
_PuttxtLargeNoMb           0x1'1def   0x10c  Code  Lc  xprintflarge_nomb.o [2]
__Vectors                       0x0           --   Gb  startup_MK66F18.o [1]
__Vectors_End                 0x400          Data  Gb  startup_MK66F18.o [1]
__Vectors_Size {Abs}          0x400           --   Gb  startup_MK66F18.o [1]
__aeabi_assert             0x1'6cf9    0x24  Code  Gb  ABIassert.o [5]
__aeabi_cdcmpeq            0x1'4fed          Code  Gb  DblCmpEq.o [3]
__aeabi_cdcmple            0x1'4ded          Code  Gb  DblCmpLe.o [3]
__aeabi_cdrcmple           0x1'500d          Code  Gb  DblCmpGe.o [3]
__aeabi_d2f                0x1'3b39          Code  Gb  DblToFlt.o [3]
__aeabi_d2iz               0x1'3aa1          Code  Gb  DblToS32.o [3]
__aeabi_d2uiz              0x1'2da5          Code  Gb  DblToU32.o [3]
__aeabi_dadd               0x1'2ed9          Code  Gb  DblAdd.o [3]
__aeabi_ddiv               0x1'2b5d          Code  Gb  DblDiv.o [3]
__aeabi_dmul               0x1'28a1          Code  Gb  DblMul.o [3]
__aeabi_dsub               0x1'2de9          Code  Gb  DblSub.o [3]
__aeabi_f2d                0x1'3af1          Code  Gb  FltToDbl.o [3]
__aeabi_i2d                0x1'3a19          Code  Gb  S32ToDbl.o [3]
__aeabi_ldiv0              0x1'2ed5          Code  Gb  I64DivZer.o [4]
__aeabi_memcpy             0x1'2a45          Code  Gb  ABImemcpy.o [4]
__aeabi_memcpy4            0x1'2a65          Code  Gb  ABImemcpy.o [4]
__aeabi_memcpy8            0x1'2a65          Code  Gb  ABImemcpy.o [4]
__aeabi_memset             0x1'6d1d          Code  Gb  ABImemset.o [4]
__aeabi_ui2d               0x1'2dcd          Code  Gb  U32ToDbl.o [3]
__aeabi_uldivmod           0x1'2671          Code  Gb  I64DivMod.o [4]
__cmain                    0x1'91b9          Code  Gb  cmain.o [4]
__data_GetMemChunk         0x1'1931    0x2c  Code  Gb  xgetmemchunk.o [2]
__data_GetMemChunk::start
                        0x1fff'0634     0x4  Data  Lc  xgetmemchunk.o [2]
__exit                     0x1'195d    0x14  Code  Gb  exit.o [5]
__iar_Atan64               0x1'4e1d   0x1d0  Code  Gb  iar_Atan64.o [3]
__iar_Exp64                0x1'503d   0x388  Code  Gb  iar_Exp64.o [3]
__iar_Fail_s               0x1'25a1    0x1c  Code  Gb  xfail_s.o [2]
__iar_Log64                0x1'3e91   0x280  Code  Lc  logx64.o [3]
__iar_Memchr               0x1'2619          Code  Gb  memchr.o [4]
__iar_Memset               0x1'6d1d          Code  Gb  ABImemset.o [4]
__iar_Memset_word          0x1'6d25          Code  Gb  ABImemset.o [4]
__iar_Pow64                0x1'41b1   0x654  Code  Lc  pow64.o [3]
__iar_Sin64                0x1'48b1   0x3aa  Code  Lc  cos_sin64.o [3]
__iar_Stdout            0x1fff'0000    0x48  Data  Gb  xfiles.o [2]
__iar_Strchr               0x1'2589          Code  Gb  strchr.o [4]
__iar_acos64               0x1'3ba1    0xc8  Code  Gb  acos64.o [3]
__iar_asin64               0x1'3c69    0xec  Code  Gb  asin64.o [3]
__iar_atan2_64             0x1'3d55   0x13c  Code  Gb  atan2_64.o [3]
__iar_copy_init3           0x1'7ad5    0x2c  Code  Gb  copy_init3.o [4]
__iar_cos64                0x1'4ced     0x4  Code  Gb  cos_sin64.o [3]
__iar_cos_medium           0x1'4ced     0x4  Code  Gb  cos_sin64.o [3]
__iar_cos_medium64         0x1'4ced     0x4  Code  Gb  cos_sin64.o [3]
__iar_cos_mediuml          0x1'4ced     0x4  Code  Gb  cos_sin64.o [3]
__iar_dadd                 0x1'2df9          Code  Gb  DblSub.o [3]
__iar_data_init3           0x1'9139    0x28  Code  Gb  data_init.o [4]
__iar_dlfree               0x1'13ef   0x4f6  Code  Gb  dlmalloc.o [2]
__iar_dlmalloc             0x1'1139   0x2b6  Code  Gb  dlmalloc.o [2]
__iar_dsub                 0x1'2ee9          Code  Gb  DblAdd.o [3]
__iar_dsubStart            0x1'2efb          Code  Gb  DblAdd.o [3]
__iar_frexp                0x1'2af9          Code  Gb  frexp.o [3]
__iar_frexpl               0x1'2af9          Code  Gb  frexp.o [3]
__iar_init_vfp             0x1'9161          Code  Gb  fpinit_M.o [3]
__iar_ldexp64              0x1'5425          Code  Gb  ldexp.o [3]
__iar_log2_64              0x1'41a9     0x6  Code  Gb  logx64.o [3]
__iar_log2_medium          0x1'41a9     0x6  Code  Gb  logx64.o [3]
__iar_log2_medium64        0x1'41a9     0x6  Code  Gb  logx64.o [3]
__iar_log2_mediuml         0x1'41a9     0x6  Code  Gb  logx64.o [3]
__iar_pow64                0x1'489d    0x14  Code  Gb  pow64.o [3]
__iar_pow_medium           0x1'489d    0x14  Code  Gb  pow64.o [3]
__iar_pow_medium64         0x1'489d    0x14  Code  Gb  pow64.o [3]
__iar_pow_mediuml          0x1'489d    0x14  Code  Gb  pow64.o [3]
__iar_program_start        0x1'92d1          Code  Gb  cstartup_M.o [4]
__iar_scalbln64            0x1'5425          Code  Gb  ldexp.o [3]
__iar_scalbn64             0x1'5425          Code  Gb  ldexp.o [3]
__iar_sin64                0x1'4cf1     0x4  Code  Gb  cos_sin64.o [3]
__iar_sin_medium           0x1'4cf1     0x4  Code  Gb  cos_sin64.o [3]
__iar_sin_medium64         0x1'4cf1     0x4  Code  Gb  cos_sin64.o [3]
__iar_sin_mediuml          0x1'4cf1     0x4  Code  Gb  cos_sin64.o [3]
__iar_softfp___iar_frexp64
                           0x1'2aed          Code  Gb  frexp.o [3]
__iar_softfp_frexp         0x1'2aed          Code  Gb  frexp.o [3]
__iar_softfp_frexpl        0x1'2aed          Code  Gb  frexp.o [3]
__iar_sqrt64               0x1'4cf9          Code  Gb  sqrt.o [3]
__iar_vfp_acos             0x1'3a43     0xc  Code  Gb  math_wrappers64.o [3]
__iar_vfp_asin             0x1'3a4f     0xc  Code  Gb  math_wrappers64.o [3]
__iar_vfp_atan2            0x1'3a5b    0x10  Code  Gb  math_wrappers64.o [3]
__iar_vfp_cos              0x1'3a87     0xc  Code  Gb  math_wrappers64.o [3]
__iar_vfp_log2             0x1'3a6b     0xc  Code  Gb  math_wrappers64.o [3]
__iar_vfp_pow              0x1'3a77    0x10  Code  Gb  math_wrappers64.o [3]
__iar_vfp_sin              0x1'3a93     0xc  Code  Gb  math_wrappers64.o [3]
__iar_vla_alloc2           0x1'3adb    0x12  Code  Gb  vla_alloc.o [2]
__iar_vla_dealloc2         0x1'3aed     0x4  Code  Gb  vla_alloc.o [2]
__iar_zero_init3           0x1'18f7    0x3a  Code  Gb  zero_init3.o [4]
__low_level_init           0x1'91d7     0x4  Code  Gb  low_level_init.o [2]
__vector_table                  0x0          Data  Gb  startup_MK66F18.o [1]
__vector_table_0x1c            0x1c          Data  Gb  startup_MK66F18.o [1]
_call_main                 0x1'91c5          Code  Gb  cmain.o [4]
_exit                      0x1'91e1          Code  Gb  cexit.o [4]
_gm_                    0x1fff'0128   0x1d8  Data  Lc  dlmalloc.o [2]
_main                      0x1'91d3          Code  Gb  cmain.o [4]
a                          0x1'90a0    0x40  Data  Lc  iar_Atan64.o [3]
abort                      0x1'18f1     0x6  Code  Gb  abort.o [2]
acos                       0x1'3ba1    0xc8  Code  Gb  acos64.o [3]
acosl                      0x1'3ba1    0xc8  Code  Gb  acos64.o [3]
active_task_num         0x1fff'0654     0x1  Data  Lc  task_scheduler.o [1]
add_segment                0x1'07d9   0x1f2  Code  Lc  dlmalloc.o [2]
amplitude               0x1fff'0550    0x14  Data  Gb  FFT.o [1]
amplitude_and_mean_process
                           0x1'333d   0x168  Code  Gb  FFT.o [1]
amplitude_and_mean_process::amplitude
                        0x1fff'05e0     0x4  Data  Lc  FFT.o [1]
amplitude_and_mean_process::max
                        0x1fff'03e0    0x40  Data  Lc  FFT.o [1]
amplitude_and_mean_process::mean_max
                        0x1fff'05d8     0x4  Data  Lc  FFT.o [1]
amplitude_and_mean_process::mean_min
                        0x1fff'05dc     0x4  Data  Lc  FFT.o [1]
amplitude_and_mean_process::mid
                        0x1fff'05e4     0x4  Data  Lc  FFT.o [1]
amplitude_and_mean_process::min
                        0x1fff'0420    0x40  Data  Lc  FFT.o [1]
asin                       0x1'3c69    0xec  Code  Gb  asin64.o [3]
asinl                      0x1'3c69    0xec  Code  Gb  asin64.o [3]
atan2                      0x1'3d55   0x13c  Code  Gb  atan2_64.o [3]
atan2l                     0x1'3d55   0x13c  Code  Gb  atan2_64.o [3]
beta_generation            0x1'568d    0x42  Code  Lc  PID.o [1]
bus_clk                 0x1fff'0652     0x1  Data  Gb  MK60_PLL.o [1]
car_go                     0x1'85c5   0x1ec  Code  Gb  Longer_motor.o [1]
car_status              0x1fff'064b     0x1  Data  Gb  Longer_motor.o [1]
complex_add                0x1'3067    0x1a  Code  Gb  FFT.o [1]
complex_build              0x1'3055    0x12  Code  Gb  FFT.o [1]
complex_minus              0x1'3081    0x1a  Code  Gb  FFT.o [1]
complex_mult               0x1'309b    0x22  Code  Gb  FFT.o [1]
core_clk                0x1fff'0651     0x1  Data  Gb  MK60_PLL.o [1]
cos                        0x1'4ced     0x4  Code  Gb  cos_sin64.o [3]
cosl                       0x1'4ced     0x4  Code  Gb  cos_sin64.o [3]
data_reprocess             0x1'76af    0x5e  Code  Gb  ADC&DMA.o [1]
data_to_send            0x1fff'0460    0x34  Data  Gb  ANO_DT.o [1]
data_type_trans            0x1'7677    0x38  Code  Gb  ADC&DMA.o [1]
delay_ms                   0x1'8f9f    0x12  Code  Lc  MK60_SYSTICK.o [1]
delay_us                   0x1'6d85     0xe  Code  Gb  MK60_IIC.o [1]
delay_us                   0x1'8f77    0x28  Code  Lc  MK60_SYSTICK.o [1]
delayms                    0x1'712d     0xa  Code  Gb  MK60_LPTMR.o [1]
distance_difference        0x1'374f    0x68  Code  Gb  FFT.o [1]
distance_difference::max_chosen
                        0x1fff'063e     0x2  Data  Lc  FFT.o [1]
distance_difference::max_now
                        0x1fff'063c     0x2  Data  Lc  FFT.o [1]
distance_difference::max_queue
                        0x1fff'0564    0x14  Data  Lc  FFT.o [1]
exit                       0x1'91db     0x4  Code  Gb  exit.o [2]
f_midst_filter             0x1'367f    0xd0  Code  Gb  FFT.o [1]
fputc                      0x1'7181    0x10  Code  Gb  MK60_UART.o [1]
free                       0x1'4cf5     0x4  Code  Gb  heaptramp0.o [2]
ftm_period              0x1fff'0588    0x10  Data  Lc  MK60_FTM.o [1]
g_ADC0_mux              0x1fff'0120     0x2  Data  Gb  ADC&DMA.o [1]
g_ADC1_mux              0x1fff'0122     0x2  Data  Gb  ADC&DMA.o [1]
g_eulerAngle            0x1fff'0598     0xc  Data  Gb  AHRS.o [1]
get_current_time_ms        0x1'8f41    0x12  Code  Lc  MK60_SYSTICK.o [1]
get_current_time_us        0x1'8f53    0x24  Code  Lc  MK60_SYSTICK.o [1]
get_omega_and_set_rotation_speed
                           0x1'6241    0x70  Code  Gb  AHRS.o [1]
get_omega_and_set_rotation_speed::omega_set
                        0x1fff'05d4     0x4  Data  Lc  AHRS.o [1]
get_speed_and_set_translation_speed
                           0x1'5f51   0x192  Code  Gb  LG_EncTPM.o [1]
get_speed_and_set_translation_speed::count_1
                        0x1fff'0640     0x2  Data  Lc  LG_EncTPM.o [1]
get_speed_and_set_translation_speed::count_2
                        0x1fff'0642     0x2  Data  Lc  LG_EncTPM.o [1]
get_speed_and_set_translation_speed::dir_flag_1
                        0x1fff'0125     0x1  Data  Lc  LG_EncTPM.o [1]
get_speed_and_set_translation_speed::dir_flag_2
                        0x1fff'0126     0x1  Data  Lc  LG_EncTPM.o [1]
get_speed_and_set_translation_speed::tpm_flag
                        0x1fff'064a     0x1  Data  Lc  LG_EncTPM.o [1]
get_theta                  0x1'37b9   0x1ea  Code  Gb  FFT.o [1]
get_theta::dx           0x1fff'05e8     0x4  Data  Lc  FFT.o [1]
get_theta::dy           0x1fff'05ec     0x4  Data  Lc  FFT.o [1]
get_theta::theta        0x1fff'05f0     0x4  Data  Lc  FFT.o [1]
get_theta::theta_queue  0x1fff'0494    0x24  Data  Lc  FFT.o [1]
get_theta::theta_xhat   0x1fff'05f4     0x4  Data  Lc  FFT.o [1]
get_theta::theta_yhat   0x1fff'05f8     0x4  Data  Lc  FFT.o [1]
get_yaw_and_set_omega      0x1'6239     0x8  Code  Gb  AHRS.o [1]
init_mparams               0x1'042b    0x32  Code  Lc  dlmalloc.o [2]
init_top                   0x1'045d    0x36  Code  Lc  dlmalloc.o [2]
invSqrt                    0x1'6399    0x30  Code  Lc  AHRS.o [1]
inver                      0x1'30ed    0x6a  Code  Lc  FFT.o [1]
kWnk_fft                      0x410  0x8000  Data  Gb  FFT.o [1]
kWnk_ifft                    0x8410  0x8000  Data  Gb  FFT.o [1]
last_car_status         0x1fff'064c     0x1  Data  Gb  Longer_motor.o [1]
last_car_status_record     0x1'858d    0x36  Code  Gb  Longer_motor.o [1]
ldexp                      0x1'5425          Code  Gb  ldexp.o [3]
ldexpl                     0x1'5425          Code  Gb  ldexp.o [3]
lnbias                     0x1'7b00   0x420  Data  Lc  pow64.o [3]
localeconv                 0x1'2ecd     0x4  Code  Gb  xlocale_c.o [2]
log2                       0x1'41a9     0x6  Code  Gb  logx64.o [3]
log2l                      0x1'41a9     0x6  Code  Gb  logx64.o [3]
main                       0x1'7fb9   0x25c  Code  Gb  main.o [1]
main{1}{2}::max_x       0x1fff'064d     0x1  Data  Lc  main.o [1]
main{1}{2}::max_y       0x1fff'064e     0x1  Data  Lc  main.o [1]
main{1}{2}::theta       0x1fff'061c     0x4  Data  Lc  main.o [1]
main{1}{2}::x_ready_for_theta
                        0x1fff'064f     0x1  Data  Lc  main.o [1]
main{1}{2}::y_ready_for_theta
                        0x1fff'0650     0x1  Data  Lc  main.o [1]
main{1}{2}{5}{6}::vx    0x1fff'0620     0x4  Data  Lc  main.o [1]
main{1}{2}{5}{6}::vy    0x1fff'0624     0x4  Data  Lc  main.o [1]
main{1}{2}{5}{6}::wheel_v
                        0x1fff'0578    0x10  Data  Lc  main.o [1]
memchr                     0x1'2619          Code  Gb  memchr.o [4]
midst_filter               0x1'35d5    0xaa  Code  Gb  FFT.o [1]
motor_init                 0x1'8529    0x64  Code  Gb  Longer_motor.o [1]
mparams                 0x1fff'0538    0x18  Data  Lc  dlmalloc.o [2]
obuf                    0x1fff'0390    0x50  Data  Lc  xfiles.o [2]
param_Ki                   0x1'9468     0x4  Data  Lc  AHRS.o [1]
param_Kp                   0x1'9464     0x4  Data  Lc  AHRS.o [1]
pid                     0x1fff'0300    0x90  Data  Gb  PID.o [1]
pid_omega               0x1fff'04b8    0x24  Data  Gb  PID.o [1]
pid_param_adjust           0x1'579d   0x4be  Code  Gb  PID.o [1]
pid_yaw                 0x1fff'04dc    0x24  Data  Gb  PID.o [1]
pin_turn                   0x1'5e8b    0xc4  Code  Gb  LG_EncTPM.o [1]
pin_turn::tpm_flag      0x1fff'0124     0x1  Data  Lc  LG_EncTPM.o [1]
pow                        0x1'489d    0x14  Code  Gb  pow64.o [3]
powl                       0x1'489d    0x14  Code  Gb  pow64.o [3]
prepend_alloc              0x1'0493   0x346  Code  Lc  dlmalloc.o [2]
printf                     0x1'6761    0x28  Code  Gb  printf.o [2]
putchar                    0x1'9239     0xc  Code  Gb  putchar.o [2]
recieve_decouder           0x1'8de5    0xd4  Code  Gb  OPENMV.o [1]
recieve_decouder::data_to_receive
                        0x1fff'062c     0x4  Data  Lc  OPENMV.o [1]
recieve_decouder::head_buff
                        0x1fff'0628     0x4  Data  Lc  OPENMV.o [1]
recieve_decouder::i     0x1fff'0653     0x1  Data  Lc  OPENMV.o [1]
rps1_set                0x1fff'060c     0x4  Data  Gb  LG_EncTPM.o [1]
rps2_set                0x1fff'0610     0x4  Data  Gb  LG_EncTPM.o [1]
rps3_set                0x1fff'0614     0x4  Data  Gb  LG_EncTPM.o [1]
rps4_set                0x1fff'0618     0x4  Data  Gb  LG_EncTPM.o [1]
rps_1                   0x1fff'05fc     0x4  Data  Gb  LG_EncTPM.o [1]
rps_2                   0x1fff'0600     0x4  Data  Gb  LG_EncTPM.o [1]
rps_3                   0x1fff'0604     0x4  Data  Gb  LG_EncTPM.o [1]
rps_4                   0x1fff'0608     0x4  Data  Gb  LG_EncTPM.o [1]
s_tpmBases                 0x1'92dc     0x8  Data  Lc  MK66_TPM.o [1]
s_tpmClocks                0x1'92b8     0xc  Data  Lc  MK66_TPM.o [1]
sample_dx               0x2000'8000  0x8000  Data  Gb  FFT.o [1]
sample_dy               0x2001'8000  0x8000  Data  Gb  FFT.o [1]
sample_sx               0x2000'0000  0x8000  Data  Gb  FFT.o [1]
sample_sy               0x2001'0000  0x8000  Data  Gb  FFT.o [1]
scalbln                    0x1'5425          Code  Gb  ldexp.o [3]
scalblnl                   0x1'5425          Code  Gb  ldexp.o [3]
scalbn                     0x1'5425          Code  Gb  ldexp.o [3]
scalbnl                    0x1'5425          Code  Gb  ldexp.o [3]
scale                      0x1'2005    0x46  Code  Lc  xprintflarge_nomb.o [2]
sec_hand                0x1fff'0638     0x4  Data  Lc  xfail_s.o [2]
segment_holding            0x1'0411    0x1a  Code  Lc  dlmalloc.o [2]
sin                        0x1'4cf1     0x4  Code  Gb  cos_sin64.o [3]
sinl                       0x1'4cf1     0x4  Code  Gb  cos_sin64.o [3]
sqrt                       0x1'4cf9          Code  Gb  sqrt.o [3]
sqrtl                      0x1'4cf9          Code  Gb  sqrt.o [3]
strchr                     0x1'2589          Code  Gb  strchr.o [4]
strlen                     0x1'25e1          Code  Gb  strlen.o [4]
sys_alloc                  0x1'09d1   0x164  Code  Lc  dlmalloc.o [2]
sys_trim                   0x1'0b35    0x64  Code  Lc  dlmalloc.o [2]
systime                 0x1fff'00e4    0x14  Data  Gb  MK60_SYSTICK.o [1]
systime_init               0x1'8f0d    0x28  Code  Lc  MK60_SYSTICK.o [1]
task0_entry                0x1'87e9     0xa  Code  Gb  task_scheduler.o [1]
task1_entry                0x1'87f3    0x34  Code  Gb  task_scheduler.o [1]
task1_entry::theta_sample_time_cnt
                        0x1fff'0644     0x2  Data  Lc  task_scheduler.o [1]
task2_entry                0x1'8827    0x28  Code  Gb  task_scheduler.o [1]
task2_entry::car_run_time_cnt
                        0x1fff'0646     0x2  Data  Lc  task_scheduler.o [1]
task_process               0x1'88ad    0x44  Code  Gb  task_scheduler.o [1]
task_rhythm                0x1'884f    0x5e  Code  Gb  task_scheduler.o [1]
task_rhythm_init           0x1'890d    0x12  Code  Gb  task_scheduler.o [1]
tasks                   0x1fff'0048    0x3c  Data  Lc  task_scheduler.o [1]
timer                   0x1fff'0500    0x20  Data  Gb  MK60_SYSTICK.o [1]
tmalloc_large              0x1'0ba5   0x386  Code  Lc  dlmalloc.o [2]
tmalloc_small              0x1'0f2b   0x200  Code  Lc  dlmalloc.o [2]
values                  0x1fff'0520    0x18  Data  Gb  AHRS.o [1]
x_ready_for_fft         0x1fff'0648     0x1  Data  Gb  ADC&DMA.o [1]
xcorr                      0x1'34a5   0x12c  Code  Gb  FFT.o [1]
xcorr{1}{2}{3}::A       0x1fff'011c     0x4  Data  Lc  FFT.o [1]
y_ready_for_fft         0x1fff'0649     0x1  Data  Gb  ADC&DMA.o [1]
z_x                     0x2002'0000  0x8000  Data  Gb  FFT.o [1]
z_y                     0x2002'8000  0x8000  Data  Gb  FFT.o [1]


[1] = D:\Longer\智能车赛\my_programs\MAX&FFT_K66\project\Debug\Obj
[2] = dl7M_tlf.a
[3] = m7M_tls.a
[4] = rt7M_tl.a
[5] = shb_l.a

   36 432 bytes of readonly  code memory
   67 404 bytes of readonly  data memory
  239 188 bytes of readwrite data memory

Errors: none
Warnings: none
