###############################################################################
#
# IAR ELF Linker V8.32.1.169/W32 for ARM                  19/Jul/2020  23:38:27
# Copyright 2007-2018 IAR Systems AB.
#
#    Output file  =  
#        D:\Longer\智能车赛\my_programs\MAX&FFT_K66\project\Debug\Exe\template.out
#    Map file     =  
#        D:\Longer\智能车赛\my_programs\MAX&FFT_K66\project\Debug\List\template.map
#    Command line =  
#        -f C:\Users\37157\AppData\Local\Temp\EWADBD.tmp
#        (D:\Longer\智能车赛\my_programs\MAX&FFT_K66\project\Debug\Obj\ADC&DMA.o
#        D:\Longer\智能车赛\my_programs\MAX&FFT_K66\project\Debug\Obj\ANO_DT.o
#        D:\Longer\智能车赛\my_programs\MAX&FFT_K66\project\Debug\Obj\FFT.o
#        D:\Longer\智能车赛\my_programs\MAX&FFT_K66\project\Debug\Obj\fsl_clock.o
#        D:\Longer\智能车赛\my_programs\MAX&FFT_K66\project\Debug\Obj\fsl_common.o
#        D:\Longer\智能车赛\my_programs\MAX&FFT_K66\project\Debug\Obj\IRQ_Handler.o
#        D:\Longer\智能车赛\my_programs\MAX&FFT_K66\project\Debug\Obj\LG_EncTPM.o
#        D:\Longer\智能车赛\my_programs\MAX&FFT_K66\project\Debug\Obj\Longer_motor.o
#        D:\Longer\智能车赛\my_programs\MAX&FFT_K66\project\Debug\Obj\LQ_LED.o
#        D:\Longer\智能车赛\my_programs\MAX&FFT_K66\project\Debug\Obj\main.o
#        D:\Longer\智能车赛\my_programs\MAX&FFT_K66\project\Debug\Obj\MK60_ADC.o
#        D:\Longer\智能车赛\my_programs\MAX&FFT_K66\project\Debug\Obj\MK60_CMT.o
#        D:\Longer\智能车赛\my_programs\MAX&FFT_K66\project\Debug\Obj\MK60_DMA.o
#        D:\Longer\智能车赛\my_programs\MAX&FFT_K66\project\Debug\Obj\MK60_FLASH.o
#        D:\Longer\智能车赛\my_programs\MAX&FFT_K66\project\Debug\Obj\MK60_FTM.o
#        D:\Longer\智能车赛\my_programs\MAX&FFT_K66\project\Debug\Obj\MK60_GPIO.o
#        D:\Longer\智能车赛\my_programs\MAX&FFT_K66\project\Debug\Obj\MK60_IIC.o
#        D:\Longer\智能车赛\my_programs\MAX&FFT_K66\project\Debug\Obj\MK60_LPTMR.o
#        D:\Longer\智能车赛\my_programs\MAX&FFT_K66\project\Debug\Obj\MK60_PIT.o
#        D:\Longer\智能车赛\my_programs\MAX&FFT_K66\project\Debug\Obj\MK60_PLL.o
#        D:\Longer\智能车赛\my_programs\MAX&FFT_K66\project\Debug\Obj\MK60_SYSTICK.o
#        D:\Longer\智能车赛\my_programs\MAX&FFT_K66\project\Debug\Obj\MK60_UART.o
#        D:\Longer\智能车赛\my_programs\MAX&FFT_K66\project\Debug\Obj\MK60_WDOG.o
#        D:\Longer\智能车赛\my_programs\MAX&FFT_K66\project\Debug\Obj\MK66_TPM.o
#        D:\Longer\智能车赛\my_programs\MAX&FFT_K66\project\Debug\Obj\Slide_average_filter.o
#        D:\Longer\智能车赛\my_programs\MAX&FFT_K66\project\Debug\Obj\start.o
#        D:\Longer\智能车赛\my_programs\MAX&FFT_K66\project\Debug\Obj\startup_MK66F18.o
#        --no_out_extension -o
#        D:\Longer\智能车赛\my_programs\MAX&FFT_K66\project\Debug\Exe\template.out
#        --map
#        D:\Longer\智能车赛\my_programs\MAX&FFT_K66\project\Debug\List\template.map
#        --config D:\Longer\IAR_ARM\arm\config\linker\NXP\MK66xX1M_18.icf
#        --semihosting --entry __iar_program_start --vfe --text_out locale)
#
###############################################################################

*******************************************************************************
*** RUNTIME MODEL ATTRIBUTES
***

CppFlavor       = *
__Heap_Handler  = DLMalloc
__SystemLibrary = DLib
__dlib_version  = 6


*******************************************************************************
*** HEAP SELECTION
***

The advanced heap was selected because the application calls memory
allocation functions outside of system library functions, and there
are calls to deallocation functions in the application.


*******************************************************************************
*** PLACEMENT SUMMARY
***

"A0":  place at 0x0 { ro section .intvec };
"P1":  place in [from 0x400 to 0x40f] { section FlashConfig };
"P2":  place in [from 0x0 to 0x3ff] |
                [from 0x410 to 0xf'ffff] |
                [from 0x1000'0000 to 0x1003'ffff] { ro };
define block CSTACK with size = 4K, alignment = 8 { };
define block HEAP with size = 36K, alignment = 8 { };
"P3":  place in [from 0x1fff'0000 to 0x1fff'ffff] |
                [from 0x2000'0000 to 0x2002'ffff] {
          rw, block CSTACK, block HEAP };
initialize by copy { rw };

No sections matched the following patterns:

  section .flex_ram  in "P4"


  Section            Kind         Address    Size  Object
  -------            ----         -------    ----  ------
"A0":                                       0x400
  .intvec            ro code          0x0   0x400  startup_MK66F18.o [1]
                                  - 0x400   0x400

"P1":                                        0x10
  FlashConfig        ro code        0x400    0x10  startup_MK66F18.o [1]
                                  - 0x410    0x10

"P2":                                      0x28e4
  .text              ro code        0x410   0xc16  xprintflarge_nomb.o [2]
  .text              ro code       0x1026    0x3a  zero_init3.o [4]
  .text              ro code       0x1060    0x16  strchr.o [4]
  .text              ro code       0x1076     0x2  startup_MK66F18.o [1]
  .text              ro code       0x1078    0x40  xfail_s.o [2]
  .text              ro code       0x10b8    0x36  strlen.o [4]
  .text              ro code       0x10ee     0x2  startup_MK66F18.o [1]
  .text              ro code       0x10f0    0x58  memchr.o [4]
  .text              ro code       0x1148   0x230  I64DivMod.o [4]
  .text              ro code       0x1378   0x1a2  DblMul.o [3]
  .text              ro code       0x151a     0x2  startup_MK66F18.o [1]
  .text              ro code       0x151c    0xa6  ABImemcpy.o [4]
  .text              ro code       0x15c2     0x2  startup_MK66F18.o [1]
  .text              ro code       0x15c4    0x70  frexp.o [3]
  .text              ro code       0x1634   0x246  DblDiv.o [3]
  .text              ro code       0x187a     0x2  startup_MK66F18.o [1]
  .text              ro code       0x187c    0x28  DblToU32.o [3]
  .text              ro code       0x18a4    0x1a  U32ToDbl.o [3]
  .text              ro code       0x18be     0x2  startup_MK66F18.o [1]
  .text              ro code       0x18c0    0xe2  DblSub.o [3]
  .text              ro code       0x19a2     0x2  startup_MK66F18.o [1]
  .text              ro code       0x19a4     0x8  xlocale_c.o [2]
  .text              ro code       0x19ac     0x6  abort.o [2]
  .text              ro code       0x19b4     0x2  I64DivZer.o [4]
  .text              ro code       0x19b8   0x16a  DblAdd.o [3]
  .text              ro code       0x1b24    0x14  exit.o [5]
  .text              ro code       0x1b38   0x314  MK60_FTM.o [1]
  .text              ro code       0x1e4c   0x1b8  MK60_UART.o [1]
  .text              ro code       0x2004   0x148  MK60_PLL.o [1]
  .text              ro code       0x214c   0x144  LQ_LED.o [1]
  .text              ro code       0x2290   0x120  MK60_GPIO.o [1]
  .text              ro code       0x23b0   0x118  MK60_SYSTICK.o [1]
  .text              ro code       0x24c8   0x10c  IRQ_Handler.o [1]
  .text              ro code       0x25d4    0x22  S32ToDbl.o [3]
  .text              ro code       0x25f8    0x68  DblToFlt.o [3]
  .text              ro code       0x2660    0x48  FltToDbl.o [3]
  .text              ro code       0x26a8    0x28  printf.o [2]
  .text              ro code       0x26d0   0x10c  main.o [1]
  .text              ro code       0x27dc    0x4c  MK60_ADC.o [1]
  .text              ro code       0x2828    0x6c  Longer_motor.o [1]
  .text              ro code       0x2894    0x50  ADC&DMA.o [1]
  .text              ro code       0x28e4    0x30  MK60_WDOG.o [1]
  .text              ro code       0x2914    0x2c  copy_init3.o [4]
  .text              ro code       0x2940    0x28  startup_MK66F18.o [1]
  .text              ro code       0x2968    0x28  data_init.o [4]
  .text              ro code       0x2990    0x22  fpinit_M.o [3]
  .iar.init_table    const         0x29b4    0x24  - Linker created -
  .text              ro code       0x29d8    0x1e  cmain.o [4]
  .text              ro code       0x29f6     0x4  low_level_init.o [2]
  .text              ro code       0x29fa     0x4  exit.o [2]
  .text              ro code       0x2a00     0xa  cexit.o [4]
  .text              ro code       0x2a0c    0x1a  start.o [1]
  .text              ro code       0x2a26    0x16  xprout.o [2]
  .text              ro code       0x2a3c     0xc  putchar.o [2]
  .rodata            const         0x2a48    0x14  IRQ_Handler.o [1]
  .rodata            const         0x2a5c     0xc  IRQ_Handler.o [1]
  .text              ro code       0x2a68     0xc  cstartup_M.o [4]
  .text              ro code       0x2a74     0x8  startup_MK66F18.o [1]
  .text              ro code       0x2a7c     0x8  startup_MK66F18.o [1]
  .text              ro code       0x2a84     0x8  startup_MK66F18.o [1]
  .text              ro code       0x2a8c     0x8  startup_MK66F18.o [1]
  .text              ro code       0x2a94     0x8  startup_MK66F18.o [1]
  .text              ro code       0x2a9c     0x8  startup_MK66F18.o [1]
  .text              ro code       0x2aa4     0x8  startup_MK66F18.o [1]
  .text              ro code       0x2aac     0x8  startup_MK66F18.o [1]
  .text              ro code       0x2ab4     0x8  startup_MK66F18.o [1]
  .text              ro code       0x2abc     0x8  startup_MK66F18.o [1]
  .text              ro code       0x2ac4     0x8  startup_MK66F18.o [1]
  .text              ro code       0x2acc     0x8  startup_MK66F18.o [1]
  .text              ro code       0x2ad4     0x8  startup_MK66F18.o [1]
  .text              ro code       0x2adc     0x8  startup_MK66F18.o [1]
  .text              ro code       0x2ae4     0x8  startup_MK66F18.o [1]
  .text              ro code       0x2aec     0x8  startup_MK66F18.o [1]
  .text              ro code       0x2af4     0x8  startup_MK66F18.o [1]
  .text              ro code       0x2afc     0x8  startup_MK66F18.o [1]
  .text              ro code       0x2b04     0x8  startup_MK66F18.o [1]
  .text              ro code       0x2b0c     0x8  startup_MK66F18.o [1]
  .text              ro code       0x2b14     0x8  startup_MK66F18.o [1]
  .text              ro code       0x2b1c     0x8  startup_MK66F18.o [1]
  .text              ro code       0x2b24     0x8  startup_MK66F18.o [1]
  .text              ro code       0x2b2c     0x8  startup_MK66F18.o [1]
  .text              ro code       0x2b34     0x8  startup_MK66F18.o [1]
  .text              ro code       0x2b3c     0x8  startup_MK66F18.o [1]
  .text              ro code       0x2b44     0x8  startup_MK66F18.o [1]
  .text              ro code       0x2b4c     0x8  startup_MK66F18.o [1]
  .text              ro code       0x2b54     0x8  startup_MK66F18.o [1]
  .text              ro code       0x2b5c     0x8  startup_MK66F18.o [1]
  .text              ro code       0x2b64     0x8  startup_MK66F18.o [1]
  .text              ro code       0x2b6c     0x8  startup_MK66F18.o [1]
  .text              ro code       0x2b74     0x8  startup_MK66F18.o [1]
  .text              ro code       0x2b7c     0x8  startup_MK66F18.o [1]
  .text              ro code       0x2b84     0x8  startup_MK66F18.o [1]
  .text              ro code       0x2b8c     0x8  startup_MK66F18.o [1]
  .text              ro code       0x2b94     0x8  startup_MK66F18.o [1]
  .text              ro code       0x2b9c     0x8  startup_MK66F18.o [1]
  .text              ro code       0x2ba4     0x8  startup_MK66F18.o [1]
  .text              ro code       0x2bac     0x8  startup_MK66F18.o [1]
  .text              ro code       0x2bb4     0x8  startup_MK66F18.o [1]
  .text              ro code       0x2bbc     0x8  startup_MK66F18.o [1]
  .text              ro code       0x2bc4     0x8  startup_MK66F18.o [1]
  .text              ro code       0x2bcc     0x8  startup_MK66F18.o [1]
  .text              ro code       0x2bd4     0x8  startup_MK66F18.o [1]
  .text              ro code       0x2bdc     0x8  startup_MK66F18.o [1]
  .text              ro code       0x2be4     0x8  startup_MK66F18.o [1]
  .text              ro code       0x2bec     0x8  startup_MK66F18.o [1]
  .text              ro code       0x2bf4     0x8  startup_MK66F18.o [1]
  .text              ro code       0x2bfc     0x8  startup_MK66F18.o [1]
  .text              ro code       0x2c04     0x8  startup_MK66F18.o [1]
  .text              ro code       0x2c0c     0x8  startup_MK66F18.o [1]
  .text              ro code       0x2c14     0x8  startup_MK66F18.o [1]
  .rodata            const         0x2c1c     0x4  xlocale_c.o [2]
  .text              ro code       0x2c20     0x4  startup_MK66F18.o [1]
  .rodata            const         0x2c24     0x0  zero_init3.o [4]
  .rodata            const         0x2c24     0x0  copy_init3.o [4]
  Initializer bytes  const         0x2c24    0xd0  <for P3 s0>
                                 - 0x2cf4  0x28e4

"P3", part 1 of 3:                           0xd0
  P3 s0                       0x1fff'0000    0xd0  <Init block>
    .data            inited   0x1fff'0000    0x48  xfiles.o [2]
    .data            inited   0x1fff'0048    0x38  xlocale_c.o [2]
    .data            inited   0x1fff'0080    0x14  MK60_GPIO.o [1]
    .data            inited   0x1fff'0094    0x14  MK60_GPIO.o [1]
    .data            inited   0x1fff'00a8    0x14  MK60_SYSTICK.o [1]
    .data            inited   0x1fff'00bc    0x14  MK60_UART.o [1]
                            - 0x1fff'00d0    0xd0

"P3", part 2 of 3:                           0x90
  .bss               zero     0x1fff'00d0    0x50  xfiles.o [2]
  .bss               zero     0x1fff'0120    0x20  MK60_SYSTICK.o [1]
  .bss               zero     0x1fff'0140    0x10  MK60_FTM.o [1]
  .bss               zero     0x1fff'0150     0x8  LQ_LED.o [1]
  .bss               zero     0x1fff'0158     0x4  xfail_s.o [2]
  .bss               zero     0x1fff'015c     0x2  IRQ_Handler.o [1]
  .bss               zero     0x1fff'015e     0x1  MK60_PLL.o [1]
  .bss               zero     0x1fff'015f     0x1  MK60_PLL.o [1]
                            - 0x1fff'0160    0x90

"P3", part 3 of 3:                         0x1000
  CSTACK                      0x1fff'0160  0x1000  <Block>
    CSTACK           uninit   0x1fff'0160  0x1000  <Block tail>
                            - 0x1fff'1160  0x1000

Unused ranges:

         From           To      Size
         ----           --      ----
       0x2cf4     0xf'ffff  0xf'd30c
  0x1000'0000  0x1003'ffff  0x4'0000
  0x1fff'1160  0x1fff'ffff    0xeea0
  0x2000'0000  0x2002'ffff  0x3'0000


*******************************************************************************
*** INIT TABLE
***

          Address      Size
          -------      ----
Zero (__iar_zero_init3)
    1 destination range, total size 0x90:
          0x1fff'00d0  0x90

Copy (__iar_copy_init3)
    1 source range, total size 0xd0:
               0x2c24  0xd0
    1 destination range, total size 0xd0:
          0x1fff'0000  0xd0



*******************************************************************************
*** MODULE SUMMARY
***

    Module               ro code  ro data  rw data
    ------               -------  -------  -------
command line/config:
    ----------------------------------------------
    Total:

D:\Longer\智能车赛\my_programs\MAX&FFT_K66\project\Debug\Obj: [1]
    ADC&DMA.o                 80
    IRQ_Handler.o            268       32        2
    LQ_LED.o                 324                 8
    Longer_motor.o           108
    MK60_ADC.o                76
    MK60_FTM.o               788                16
    MK60_GPIO.o              288       40       40
    MK60_PLL.o               328                 2
    MK60_SYSTICK.o           280       20       52
    MK60_UART.o              440       20       20
    MK60_WDOG.o               48
    main.o                   268
    start.o                   26
    startup_MK66F18.o      1 522
    ----------------------------------------------
    Total:                 4 844      112      140

dl7M_tlf.a: [2]
    abort.o                    6
    exit.o                     4
    low_level_init.o           4
    printf.o                  40
    putchar.o                 12
    xfail_s.o                 64                 4
    xfiles.o                           72      152
    xlocale_c.o                8       60       56
    xprintflarge_nomb.o    3 094
    xprout.o                  22
    ----------------------------------------------
    Total:                 3 254      132      212

m7M_tls.a: [3]
    DblAdd.o                 362
    DblDiv.o                 582
    DblMul.o                 418
    DblSub.o                 226
    DblToFlt.o               104
    DblToU32.o                40
    FltToDbl.o                72
    S32ToDbl.o                34
    U32ToDbl.o                26
    fpinit_M.o                34
    frexp.o                  112
    ----------------------------------------------
    Total:                 2 010

rt7M_tl.a: [4]
    ABImemcpy.o              166
    I64DivMod.o              560
    I64DivZer.o                2
    cexit.o                   10
    cmain.o                   30
    copy_init3.o              44
    cstartup_M.o              12
    data_init.o               40
    memchr.o                  88
    strchr.o                  22
    strlen.o                  54
    zero_init3.o              58
    ----------------------------------------------
    Total:                 1 086

shb_l.a: [5]
    exit.o                    20
    ----------------------------------------------
    Total:                    20

    Gaps                      12        2
    Linker created                     36    4 096
--------------------------------------------------
    Grand Total:          11 226      282    4 448


*******************************************************************************
*** ENTRY LIST
***

Entry                       Address   Size  Type      Object
-----                       -------   ----  ----      ------
.iar.init_table$$Base        0x29b4          --   Gb  - Linker created -
.iar.init_table$$Limit       0x29d8          --   Gb  - Linker created -
?main                        0x29d9         Code  Gb  cmain.o [4]
ADC_Init                     0x27dd   0x3a  Code  Gb  MK60_ADC.o [1]
CSTACK$$Base            0x1fff'0160          --   Gb  - Linker created -
CSTACK$$Limit           0x1fff'1160          --   Gb  - Linker created -
DMA4_IRQHandler              0x253f   0x16  Code  Gb  IRQ_Handler.o [1]
FTM_GetNum                   0x1bfb   0x2c  Code  Gb  MK60_FTM.o [1]
FTM_PinInit                  0x1c27  0x1ae  Code  Lc  MK60_FTM.o [1]
FTM_PwmInit                  0x1b39   0xc2  Code  Gb  MK60_FTM.o [1]
GPIOX                   0x1fff'0080   0x14  Data  Gb  MK60_GPIO.o [1]
GPIO_PinInit                 0x2291  0x114  Code  Gb  MK60_GPIO.o [1]
LED_Init                     0x214d   0x40  Code  Gb  LQ_LED.o [1]
LED_OFF                      0x21f1   0x64  Code  Gb  LQ_LED.o [1]
LED_ON                       0x218d   0x64  Code  Gb  LQ_LED.o [1]
LED_Reverse                  0x2255   0x36  Code  Gb  LQ_LED.o [1]
LED_Reverse::led_state  0x1fff'0150    0x8  Data  Lc  LQ_LED.o [1]
LPTMR0_IRQHandler            0x2571   0x28  Code  Gb  IRQ_Handler.o [1]
LPTMR0_IRQHandler::cnt  0x1fff'015c    0x2  Data  Lc  IRQ_Handler.o [1]
LPTMR_for_ADC_trigger        0x2895   0x36  Code  Gb  ADC&DMA.o [1]
LoadInt                       0x5b5   0x7a  Code  Lc  xprintflarge_nomb.o [2]
NMI_Handler                  0x2a25    0x2  Code  Gb  start.o [1]
NVIC_EncodePriority          0x2719   0x3c  Code  Lc  main.o [1]
NVIC_GetPriorityGrouping
                             0x26eb    0xa  Code  Lc  main.o [1]
NVIC_SetPriority             0x26f5   0x24  Code  Lc  main.o [1]
NVIC_SetPriority             0x23b1   0x24  Code  Lc  MK60_SYSTICK.o [1]
NVIC_SetPriorityGrouping
                             0x26d1   0x1a  Code  Lc  main.o [1]
PIT0_IRQHandler              0x24e1   0x3a  Code  Gb  IRQ_Handler.o [1]
PIT1_IRQHandler              0x251b    0xc  Code  Gb  IRQ_Handler.o [1]
PIT2_IRQHandler              0x2527    0xc  Code  Gb  IRQ_Handler.o [1]
PIT3_IRQHandler              0x2533    0xc  Code  Gb  IRQ_Handler.o [1]
PLL_Init                     0x2005  0x148  Code  Gb  MK60_PLL.o [1]
PORTA_IRQHandler             0x24c9    0x2  Code  Gb  IRQ_Handler.o [1]
PORTB_IRQHandler             0x24cb   0x16  Code  Gb  IRQ_Handler.o [1]
PORTX                   0x1fff'0094   0x14  Data  Gb  MK60_GPIO.o [1]
Region$$Table$$Base          0x29b4          --   Gb  - Linker created -
Region$$Table$$Limit         0x29d8          --   Gb  - Linker created -
Start                        0x2a0d   0x12  Code  Gb  start.o [1]
SysTick_Config               0x23d5   0x30  Code  Lc  MK60_SYSTICK.o [1]
SysTick_Handler              0x242d    0xc  Code  Gb  MK60_SYSTICK.o [1]
UART4_RX_TX_IRQHandler       0x2555   0x1c  Code  Gb  IRQ_Handler.o [1]
UARTN                   0x1fff'00bc   0x14  Data  Gb  MK60_UART.o [1]
UART_GetChar                 0x1f6f    0xa  Code  Gb  MK60_UART.o [1]
UART_GetNum                  0x1f79   0x36  Code  Gb  MK60_UART.o [1]
UART_Init                    0x1e5d  0x112  Code  Gb  MK60_UART.o [1]
WDOG_Disable                 0x28e5   0x14  Code  Gb  MK60_WDOG.o [1]
WDOG_Unlock                  0x28f9   0x14  Code  Gb  MK60_WDOG.o [1]
_GenldLargeNoMb               0xd45  0x24c  Code  Lc  xprintflarge_nomb.o [2]
_LdtobLargeNoMb               0xaeb  0x232  Code  Lc  xprintflarge_nomb.o [2]
_LitobLargeNoMb               0x99b  0x10a  Code  Lc  xprintflarge_nomb.o [2]
_Locale_lconv           0x1fff'0048   0x38  Data  Lc  xlocale_c.o [2]
_PrintfLargeNoMb              0x411  0x19e  Code  Gb  xprintflarge_nomb.o [2]
_Prout                       0x2a27   0x16  Code  Gb  xprout.o [2]
_PutcharsLargeNoMb            0xf91   0x2e  Code  Lc  xprintflarge_nomb.o [2]
_PutfldLargeNoMb              0x62f  0x260  Code  Lc  xprintflarge_nomb.o [2]
_PuttxtLargeNoMb              0x88f  0x10c  Code  Lc  xprintflarge_nomb.o [2]
__Vectors                       0x0          --   Gb  startup_MK66F18.o [1]
__Vectors_End                 0x400         Data  Gb  startup_MK66F18.o [1]
__Vectors_Size {Abs}          0x400          --   Gb  startup_MK66F18.o [1]
__aeabi_d2f                  0x25f9         Code  Gb  DblToFlt.o [3]
__aeabi_d2uiz                0x187d         Code  Gb  DblToU32.o [3]
__aeabi_ddiv                 0x1635         Code  Gb  DblDiv.o [3]
__aeabi_dmul                 0x1379         Code  Gb  DblMul.o [3]
__aeabi_dsub                 0x18c1         Code  Gb  DblSub.o [3]
__aeabi_f2d                  0x2661         Code  Gb  FltToDbl.o [3]
__aeabi_i2d                  0x25d5         Code  Gb  S32ToDbl.o [3]
__aeabi_ldiv0                0x19b5         Code  Gb  I64DivZer.o [4]
__aeabi_memcpy               0x151d         Code  Gb  ABImemcpy.o [4]
__aeabi_memcpy4              0x153d         Code  Gb  ABImemcpy.o [4]
__aeabi_memcpy8              0x153d         Code  Gb  ABImemcpy.o [4]
__aeabi_ui2d                 0x18a5         Code  Gb  U32ToDbl.o [3]
__aeabi_uldivmod             0x1149         Code  Gb  I64DivMod.o [4]
__cmain                      0x29d9         Code  Gb  cmain.o [4]
__exit                       0x1b25   0x14  Code  Gb  exit.o [5]
__iar_Fail_s                 0x1079   0x1c  Code  Gb  xfail_s.o [2]
__iar_Memchr                 0x10f1         Code  Gb  memchr.o [4]
__iar_Stdout            0x1fff'0000   0x48  Data  Gb  xfiles.o [2]
__iar_Strchr                 0x1061         Code  Gb  strchr.o [4]
__iar_copy_init3             0x2915   0x2c  Code  Gb  copy_init3.o [4]
__iar_dadd                   0x18d1         Code  Gb  DblSub.o [3]
__iar_data_init3             0x2969   0x28  Code  Gb  data_init.o [4]
__iar_dsub                   0x19b9         Code  Gb  DblAdd.o [3]
__iar_dsubStart              0x19cb         Code  Gb  DblAdd.o [3]
__iar_frexp                  0x15d1         Code  Gb  frexp.o [3]
__iar_frexpl                 0x15d1         Code  Gb  frexp.o [3]
__iar_init_vfp               0x2991         Code  Gb  fpinit_M.o [3]
__iar_program_start          0x2a69         Code  Gb  cstartup_M.o [4]
__iar_softfp___iar_frexp64
                             0x15c5         Code  Gb  frexp.o [3]
__iar_softfp_frexp           0x15c5         Code  Gb  frexp.o [3]
__iar_softfp_frexpl          0x15c5         Code  Gb  frexp.o [3]
__iar_zero_init3             0x1027   0x3a  Code  Gb  zero_init3.o [4]
__low_level_init             0x29f7    0x4  Code  Gb  low_level_init.o [2]
__vector_table                  0x0         Data  Gb  startup_MK66F18.o [1]
__vector_table_0x1c            0x1c         Data  Gb  startup_MK66F18.o [1]
_call_main                   0x29e5         Code  Gb  cmain.o [4]
_exit                        0x2a01         Code  Gb  cexit.o [4]
_main                        0x29f3         Code  Gb  cmain.o [4]
abort                        0x19ad    0x6  Code  Gb  abort.o [2]
bus_clk                 0x1fff'015f    0x1  Data  Gb  MK60_PLL.o [1]
core_clk                0x1fff'015e    0x1  Data  Gb  MK60_PLL.o [1]
delay_ms                     0x2497   0x12  Code  Lc  MK60_SYSTICK.o [1]
delay_us                     0x246f   0x28  Code  Lc  MK60_SYSTICK.o [1]
exit                         0x29fb    0x4  Code  Gb  exit.o [2]
fputc                        0x1e4d   0x10  Code  Gb  MK60_UART.o [1]
ftm_period              0x1fff'0140   0x10  Data  Lc  MK60_FTM.o [1]
get_current_time_ms          0x2439   0x12  Code  Lc  MK60_SYSTICK.o [1]
get_current_time_us          0x244b   0x24  Code  Lc  MK60_SYSTICK.o [1]
localeconv                   0x19a5    0x4  Code  Gb  xlocale_c.o [2]
main                         0x2755   0x64  Code  Gb  main.o [1]
memchr                       0x10f1         Code  Gb  memchr.o [4]
motor_init                   0x2829   0x68  Code  Gb  Longer_motor.o [1]
obuf                    0x1fff'00d0   0x50  Data  Lc  xfiles.o [2]
printf                       0x26a9   0x28  Code  Gb  printf.o [2]
putchar                      0x2a3d    0xc  Code  Gb  putchar.o [2]
scale                         0xaa5   0x46  Code  Lc  xprintflarge_nomb.o [2]
sec_hand                0x1fff'0158    0x4  Data  Lc  xfail_s.o [2]
strchr                       0x1061         Code  Gb  strchr.o [4]
strlen                       0x10b9         Code  Gb  strlen.o [4]
systime                 0x1fff'00a8   0x14  Data  Gb  MK60_SYSTICK.o [1]
systime_init                 0x2405   0x28  Code  Lc  MK60_SYSTICK.o [1]
timer                   0x1fff'0120   0x20  Data  Gb  MK60_SYSTICK.o [1]


[1] = D:\Longer\智能车赛\my_programs\MAX&FFT_K66\project\Debug\Obj
[2] = dl7M_tlf.a
[3] = m7M_tls.a
[4] = rt7M_tl.a
[5] = shb_l.a

  11 226 bytes of readonly  code memory
     282 bytes of readonly  data memory
   4 448 bytes of readwrite data memory

Errors: none
Warnings: none
