###############################################################################
#
# IAR ELF Linker V8.32.1.169/W32 for ARM                  30/Jul/2020  17:15:39
# Copyright 2007-2018 IAR Systems AB.
#
#    Output file  =  
#        D:\Longer\智能车赛\my_programs\MAX&FFT_K66\project\Debug\Exe\template.out
#    Map file     =  
#        D:\Longer\智能车赛\my_programs\MAX&FFT_K66\project\Debug\List\template.map
#    Command line =  
#        -f C:\Users\37157\AppData\Local\Temp\EW4B67.tmp
#        (D:\Longer\智能车赛\my_programs\MAX&FFT_K66\project\Debug\Obj\ADC&DMA.o
#        D:\Longer\智能车赛\my_programs\MAX&FFT_K66\project\Debug\Obj\ANO_DT.o
#        D:\Longer\智能车赛\my_programs\MAX&FFT_K66\project\Debug\Obj\FFT.o
#        D:\Longer\智能车赛\my_programs\MAX&FFT_K66\project\Debug\Obj\fsl_clock.o
#        D:\Longer\智能车赛\my_programs\MAX&FFT_K66\project\Debug\Obj\fsl_common.o
#        D:\Longer\智能车赛\my_programs\MAX&FFT_K66\project\Debug\Obj\IRQ_Handler.o
#        D:\Longer\智能车赛\my_programs\MAX&FFT_K66\project\Debug\Obj\LG_EncTPM.o
#        D:\Longer\智能车赛\my_programs\MAX&FFT_K66\project\Debug\Obj\Longer_motor.o
#        D:\Longer\智能车赛\my_programs\MAX&FFT_K66\project\Debug\Obj\LQ_LED.o
#        D:\Longer\智能车赛\my_programs\MAX&FFT_K66\project\Debug\Obj\main.o
#        D:\Longer\智能车赛\my_programs\MAX&FFT_K66\project\Debug\Obj\MK60_ADC.o
#        D:\Longer\智能车赛\my_programs\MAX&FFT_K66\project\Debug\Obj\MK60_CMT.o
#        D:\Longer\智能车赛\my_programs\MAX&FFT_K66\project\Debug\Obj\MK60_DMA.o
#        D:\Longer\智能车赛\my_programs\MAX&FFT_K66\project\Debug\Obj\MK60_FLASH.o
#        D:\Longer\智能车赛\my_programs\MAX&FFT_K66\project\Debug\Obj\MK60_FTM.o
#        D:\Longer\智能车赛\my_programs\MAX&FFT_K66\project\Debug\Obj\MK60_GPIO.o
#        D:\Longer\智能车赛\my_programs\MAX&FFT_K66\project\Debug\Obj\MK60_IIC.o
#        D:\Longer\智能车赛\my_programs\MAX&FFT_K66\project\Debug\Obj\MK60_LPTMR.o
#        D:\Longer\智能车赛\my_programs\MAX&FFT_K66\project\Debug\Obj\MK60_PIT.o
#        D:\Longer\智能车赛\my_programs\MAX&FFT_K66\project\Debug\Obj\MK60_PLL.o
#        D:\Longer\智能车赛\my_programs\MAX&FFT_K66\project\Debug\Obj\MK60_SYSTICK.o
#        D:\Longer\智能车赛\my_programs\MAX&FFT_K66\project\Debug\Obj\MK60_UART.o
#        D:\Longer\智能车赛\my_programs\MAX&FFT_K66\project\Debug\Obj\MK60_WDOG.o
#        D:\Longer\智能车赛\my_programs\MAX&FFT_K66\project\Debug\Obj\MK66_TPM.o
#        D:\Longer\智能车赛\my_programs\MAX&FFT_K66\project\Debug\Obj\Slide_average_filter.o
#        D:\Longer\智能车赛\my_programs\MAX&FFT_K66\project\Debug\Obj\start.o
#        D:\Longer\智能车赛\my_programs\MAX&FFT_K66\project\Debug\Obj\startup_MK66F18.o
#        D:\Longer\智能车赛\my_programs\MAX&FFT_K66\project\Debug\Obj\task_scheduler.o
#        --no_out_extension -o
#        D:\Longer\智能车赛\my_programs\MAX&FFT_K66\project\Debug\Exe\template.out
#        --map
#        D:\Longer\智能车赛\my_programs\MAX&FFT_K66\project\Debug\List\template.map
#        --config D:\Longer\IAR_ARM\arm\config\linker\NXP\MK66xX1M_18.icf
#        --semihosting --entry __iar_program_start --vfe --text_out locale)
#
###############################################################################

*******************************************************************************
*** RUNTIME MODEL ATTRIBUTES
***

CppFlavor       = *
__Heap_Handler  = DLMalloc
__SystemLibrary = DLib
__dlib_version  = 6


*******************************************************************************
*** HEAP SELECTION
***

The advanced heap was selected because the application calls memory
allocation functions outside of system library functions, and there
are calls to deallocation functions in the application.


*******************************************************************************
*** PLACEMENT SUMMARY
***

"A0":  place at 0x0 { ro section .intvec };
"P1":  place in [from 0x400 to 0x40f] { section FlashConfig };
"P2":  place in [from 0x0 to 0x3ff] |
                [from 0x410 to 0xf'ffff] |
                [from 0x1000'0000 to 0x1003'ffff] { ro };
define block CSTACK with size = 4K, alignment = 8 { };
define block HEAP with size = 36K, alignment = 8 { };
"P3":  place in [from 0x1fff'0000 to 0x1fff'ffff] |
                [from 0x2000'0000 to 0x2002'ffff] {
          rw, block CSTACK, block HEAP };
initialize by copy { rw };

No sections matched the following patterns:

  section .flex_ram  in "P4"


  Section            Kind         Address     Size  Object
  -------            ----         -------     ----  ------
"A0":                                        0x400
  .intvec            ro code          0x0    0x400  startup_MK66F18.o [1]
                                  - 0x400    0x400

"P1":                                         0x10
  FlashConfig        ro code        0x400     0x10  startup_MK66F18.o [1]
                                  - 0x410     0x10

"P2":                                      0x1491c
  .rodata            const          0x410   0x8000  FFT.o [1]
  .rodata            const         0x8410   0x8000  FFT.o [1]
  .text              ro code     0x1'0410   0x14e0  dlmalloc.o [2]
  .text              ro code     0x1'18f0      0x6  abort.o [2]
  .text              ro code     0x1'18f6     0x3a  zero_init3.o [4]
  .text              ro code     0x1'1930     0x2c  xgetmemchunk.o [2]
  .text              ro code     0x1'195c     0x14  exit.o [5]
  .text              ro code     0x1'1970    0x704  task_scheduler.o [1]
  .text              ro code     0x1'2074    0x144  LQ_LED.o [1]
  .text              ro code     0x1'21b8     0x28  printf.o [2]
  .text              ro code     0x1'21e0    0x598  ADC&DMA.o [1]
  .text              ro code     0x1'2778    0x56c  FFT.o [1]
  .text              ro code     0x1'2ce4     0x48  FltToDbl.o [3]
  .text              ro code     0x1'2d2c    0x1a2  DblMul.o [3]
  .text              ro code     0x1'2ece      0x2  startup_MK66F18.o [1]
  .text              ro code     0x1'2ed0    0x17a  DblAdd.o [3]
  .text              ro code     0x1'304a      0x2  startup_MK66F18.o [1]
  .text              ro code     0x1'304c     0x68  DblToFlt.o [3]
  .text              ro code     0x1'30b4    0x13c  ANO_DT.o [1]
  .text              ro code     0x1'31f0     0x6c  MK60_PIT.o [1]
  .text              ro code     0x1'325c     0x1a  U32ToDbl.o [3]
  .text              ro code     0x1'3276      0x2  startup_MK66F18.o [1]
  .text              ro code     0x1'3278    0x246  DblDiv.o [3]
  .text              ro code     0x1'34be      0x2  startup_MK66F18.o [1]
  .text              ro code     0x1'34c0     0x28  DblToU32.o [3]
  .text              ro code     0x1'34e8    0x120  MK60_GPIO.o [1]
  .text              ro code     0x1'3608    0x13e  xprintftiny.o [2]
  .text              ro code     0x1'3746      0x2  startup_MK66F18.o [1]
  .text              ro code     0x1'3748     0x4c  MK60_ADC.o [1]
  .text              ro code     0x1'3794     0x22  S32ToDbl.o [3]
  .text              ro code     0x1'37b6      0x2  startup_MK66F18.o [1]
  .text              ro code     0x1'37b8     0x12  math_wrappers64.o [3]
  .text              ro code     0x1'37ca      0x2  startup_MK66F18.o [1]
  .text              ro code     0x1'37cc     0x3a  DblToS32.o [3]
  .text              ro code     0x1'3806     0x16  vla_alloc.o [2]
  .text              ro code     0x1'381c     0xe2  DblSub.o [3]
  .text              ro code     0x1'3900    0x1e0  MK60_UART.o [1]
  .text              ro code     0x1'3ae0     0x36  strlen.o [4]
  .text              ro code     0x1'3b18    0x31e  logx64.o [3]
  .text              ro code     0x1'3e36      0x4  heaptramp0.o [2]
  .text              ro code     0x1'3e3c     0x70  frexp.o [3]
  .text              ro code     0x1'3eac     0x2e  DblCmpLe.o [3]
  .text              ro code     0x1'3edc    0x314  MK60_FTM.o [1]
  .text              ro code     0x1'41f0    0x158  IRQ_Handler.o [1]
  .text              ro code     0x1'4348    0x14c  main.o [1]
  .text              ro code     0x1'4494    0x148  MK60_PLL.o [1]
  .text              ro code     0x1'45dc     0x6c  Longer_motor.o [1]
  .text              ro code     0x1'4648    0x118  MK60_SYSTICK.o [1]
  .text              ro code     0x1'4760     0x30  MK60_WDOG.o [1]
  .text              ro code     0x1'4790     0x2c  copy_init3.o [4]
  .text              ro code     0x1'47bc     0x28  startup_MK66F18.o [1]
  .text              ro code     0x1'47e4     0x28  data_init.o [4]
  .rodata            const       0x1'480c     0x24  task_scheduler.o [1]
  .rodata            const       0x1'4830     0x24  task_scheduler.o [1]
  .rodata            const       0x1'4854     0x24  task_scheduler.o [1]
  .rodata            const       0x1'4878     0x24  task_scheduler.o [1]
  .rodata            const       0x1'489c     0x24  task_scheduler.o [1]
  .rodata            const       0x1'48c0     0x24  task_scheduler.o [1]
  .rodata            const       0x1'48e4     0x24  task_scheduler.o [1]
  .rodata            const       0x1'4908     0x24  task_scheduler.o [1]
  .rodata            const       0x1'492c     0x24  task_scheduler.o [1]
  .rodata            const       0x1'4950     0x24  task_scheduler.o [1]
  .text              ro code     0x1'4974     0x22  fpinit_M.o [3]
  .iar.init_table    const       0x1'4998     0x34  - Linker created -
  .text              ro code     0x1'49cc     0x1e  cmain.o [4]
  .text              ro code     0x1'49ea      0x4  low_level_init.o [2]
  .text              ro code     0x1'49ee      0x4  exit.o [2]
  .text              ro code     0x1'49f4      0xa  cexit.o [4]
  .rodata            const       0x1'4a00     0x1c  task_scheduler.o [1]
  .text              ro code     0x1'4a1c     0x1a  start.o [1]
  .text              ro code     0x1'4a36     0x16  xprout.o [2]
  .text              ro code     0x1'4a4c      0xc  putchar.o [2]
  .rodata            const       0x1'4a58     0x14  IRQ_Handler.o [1]
  .rodata            const       0x1'4a6c     0x14  task_scheduler.o [1]
  .rodata            const       0x1'4a80      0xc  task_scheduler.o [1]
  .text              ro code     0x1'4a8c      0xc  cstartup_M.o [4]
  .text              ro code     0x1'4a98      0x8  startup_MK66F18.o [1]
  .text              ro code     0x1'4aa0      0x8  startup_MK66F18.o [1]
  .text              ro code     0x1'4aa8      0x8  startup_MK66F18.o [1]
  .text              ro code     0x1'4ab0      0x8  startup_MK66F18.o [1]
  .text              ro code     0x1'4ab8      0x8  startup_MK66F18.o [1]
  .text              ro code     0x1'4ac0      0x8  startup_MK66F18.o [1]
  .text              ro code     0x1'4ac8      0x8  startup_MK66F18.o [1]
  .text              ro code     0x1'4ad0      0x8  startup_MK66F18.o [1]
  .text              ro code     0x1'4ad8      0x8  startup_MK66F18.o [1]
  .text              ro code     0x1'4ae0      0x8  startup_MK66F18.o [1]
  .text              ro code     0x1'4ae8      0x8  startup_MK66F18.o [1]
  .text              ro code     0x1'4af0      0x8  startup_MK66F18.o [1]
  .text              ro code     0x1'4af8      0x8  startup_MK66F18.o [1]
  .text              ro code     0x1'4b00      0x8  startup_MK66F18.o [1]
  .text              ro code     0x1'4b08      0x8  startup_MK66F18.o [1]
  .text              ro code     0x1'4b10      0x8  startup_MK66F18.o [1]
  .text              ro code     0x1'4b18      0x8  startup_MK66F18.o [1]
  .text              ro code     0x1'4b20      0x8  startup_MK66F18.o [1]
  .text              ro code     0x1'4b28      0x8  startup_MK66F18.o [1]
  .text              ro code     0x1'4b30      0x8  startup_MK66F18.o [1]
  .text              ro code     0x1'4b38      0x8  startup_MK66F18.o [1]
  .text              ro code     0x1'4b40      0x8  startup_MK66F18.o [1]
  .text              ro code     0x1'4b48      0x8  startup_MK66F18.o [1]
  .text              ro code     0x1'4b50      0x8  startup_MK66F18.o [1]
  .text              ro code     0x1'4b58      0x8  startup_MK66F18.o [1]
  .text              ro code     0x1'4b60      0x8  startup_MK66F18.o [1]
  .text              ro code     0x1'4b68      0x8  startup_MK66F18.o [1]
  .text              ro code     0x1'4b70      0x8  startup_MK66F18.o [1]
  .text              ro code     0x1'4b78      0x8  startup_MK66F18.o [1]
  .text              ro code     0x1'4b80      0x8  startup_MK66F18.o [1]
  .text              ro code     0x1'4b88      0x8  startup_MK66F18.o [1]
  .text              ro code     0x1'4b90      0x8  startup_MK66F18.o [1]
  .text              ro code     0x1'4b98      0x8  startup_MK66F18.o [1]
  .text              ro code     0x1'4ba0      0x8  startup_MK66F18.o [1]
  .text              ro code     0x1'4ba8      0x8  startup_MK66F18.o [1]
  .text              ro code     0x1'4bb0      0x8  startup_MK66F18.o [1]
  .text              ro code     0x1'4bb8      0x8  startup_MK66F18.o [1]
  .text              ro code     0x1'4bc0      0x8  startup_MK66F18.o [1]
  .text              ro code     0x1'4bc8      0x8  startup_MK66F18.o [1]
  .text              ro code     0x1'4bd0      0x8  startup_MK66F18.o [1]
  .text              ro code     0x1'4bd8      0x8  startup_MK66F18.o [1]
  .text              ro code     0x1'4be0      0x8  startup_MK66F18.o [1]
  .text              ro code     0x1'4be8      0x8  startup_MK66F18.o [1]
  .text              ro code     0x1'4bf0      0x8  startup_MK66F18.o [1]
  .text              ro code     0x1'4bf8      0x8  startup_MK66F18.o [1]
  .text              ro code     0x1'4c00      0x8  startup_MK66F18.o [1]
  .text              ro code     0x1'4c08      0x8  startup_MK66F18.o [1]
  .text              ro code     0x1'4c10      0x8  startup_MK66F18.o [1]
  .text              ro code     0x1'4c18      0x8  startup_MK66F18.o [1]
  .text              ro code     0x1'4c20      0x4  startup_MK66F18.o [1]
  .rodata            const       0x1'4c24      0x0  zero_init3.o [4]
  .rodata            const       0x1'4c24      0x0  copy_init3.o [4]
  Initializer bytes  const       0x1'4c24    0x108  <for P3 s0>
                               - 0x1'4d2c  0x1491c

"P3", part 1 of 5:                           0x108
  P3 s0                       0x1fff'0000    0x108  <Init block>
    .data            inited   0x1fff'0000     0x64  task_scheduler.o [1]
    .data            inited   0x1fff'0064     0x48  xfiles.o [2]
    .data            inited   0x1fff'00ac     0x14  MK60_GPIO.o [1]
    .data            inited   0x1fff'00c0     0x14  MK60_GPIO.o [1]
    .data            inited   0x1fff'00d4     0x14  MK60_SYSTICK.o [1]
    .data            inited   0x1fff'00e8     0x14  MK60_UART.o [1]
    .data            inited   0x1fff'00fc      0x4  task_scheduler.o [1]
    .data            inited   0x1fff'0100      0x4  task_scheduler.o [1]
    .data            inited   0x1fff'0104      0x2  ADC&DMA.o [1]
    .data            inited   0x1fff'0106      0x2  ADC&DMA.o [1]
                            - 0x1fff'0108    0x108

"P3", part 2 of 5:                           0x3c4
  .bss               zero     0x1fff'0108    0x1d8  dlmalloc.o [2]
  .bss               zero     0x1fff'02e0     0x50  xfiles.o [2]
  .bss               zero     0x1fff'0330     0x40  FFT.o [1]
  .bss               zero     0x1fff'0370     0x40  FFT.o [1]
  .bss               zero     0x1fff'03b0     0x34  ANO_DT.o [1]
  .bss               zero     0x1fff'03e4     0x14  task_scheduler.o [1]
  .bss               zero     0x1fff'03f8     0x20  MK60_SYSTICK.o [1]
  .bss               zero     0x1fff'0418     0x18  dlmalloc.o [2]
  .bss               zero     0x1fff'0430     0x14  task_scheduler.o [1]
  .bss               zero     0x1fff'0444     0x14  task_scheduler.o [1]
  .bss               zero     0x1fff'0458     0x14  task_scheduler.o [1]
  .bss               zero     0x1fff'046c     0x14  task_scheduler.o [1]
  .bss               zero     0x1fff'0480     0x14  task_scheduler.o [1]
  .bss               zero     0x1fff'0494     0x10  MK60_FTM.o [1]
  .bss               zero     0x1fff'04a4      0x8  LQ_LED.o [1]
  .bss               zero     0x1fff'04ac      0x4  FFT.o [1]
  .bss               zero     0x1fff'04b0      0x4  FFT.o [1]
  .bss               zero     0x1fff'04b4      0x4  FFT.o [1]
  .bss               zero     0x1fff'04b8      0x4  FFT.o [1]
  .bss               zero     0x1fff'04bc      0x4  xgetmemchunk.o [2]
  .bss               zero     0x1fff'04c0      0x2  task_scheduler.o [1]
  .bss               zero     0x1fff'04c2      0x2  task_scheduler.o [1]
  .bss               zero     0x1fff'04c4      0x1  ADC&DMA.o [1]
  .bss               zero     0x1fff'04c5      0x1  ADC&DMA.o [1]
  .bss               zero     0x1fff'04c6      0x1  MK60_PLL.o [1]
  .bss               zero     0x1fff'04c7      0x1  MK60_PLL.o [1]
  .bss               zero     0x1fff'04c8      0x1  task_scheduler.o [1]
  .bss               zero     0x1fff'04c9      0x1  task_scheduler.o [1]
  .bss               zero     0x1fff'04ca      0x1  task_scheduler.o [1]
  .bss               zero     0x1fff'04cb      0x1  task_scheduler.o [1]
                            - 0x1fff'04cc    0x3c4

"P3", part 3 of 5:                          0xa000
  CSTACK                      0x1fff'04d0   0x1000  <Block>
    CSTACK           uninit   0x1fff'04d0   0x1000  <Block tail>
  HEAP                        0x1fff'14d0   0x9000  <Block>
    HEAP             uninit   0x1fff'14d0   0x9000  <Block tail>
                            - 0x1fff'a4d0   0xa000

"P3", part 4 of 5:                         0x28000
  .bss               zero     0x2000'0000   0x8000  FFT.o [1]
  .bss               zero     0x2000'8000   0x8000  FFT.o [1]
  .bss               zero     0x2001'0000   0x8000  FFT.o [1]
  .bss               zero     0x2001'8000   0x8000  FFT.o [1]
  .bss               zero     0x2002'0000   0x8000  FFT.o [1]
                            - 0x2002'8000  0x28000

"P3", part 5 of 5:                          0x8000
  .bss               zero     0x2002'8000   0x8000  FFT.o [1]
                            - 0x2003'0000   0x8000

Unused ranges:

         From           To      Size
         ----           --      ----
     0x1'4d2c     0xf'ffff  0xe'b2d4
  0x1000'0000  0x1003'ffff  0x4'0000
  0x1fff'04cc  0x1fff'04cf       0x4
  0x1fff'a4d0  0x1fff'ffff    0x5b30


*******************************************************************************
*** INIT TABLE
***

          Address      Size
          -------      ----
Zero (__iar_zero_init3)
    3 destination ranges, total size 0x303c4:
          0x1fff'0108    0x3c4
          0x2000'0000  0x28000
          0x2002'8000   0x8000

Copy (__iar_copy_init3)
    1 source range, total size 0x108:
             0x1'4c24    0x108
    1 destination range, total size 0x108:
          0x1fff'0000    0x108



*******************************************************************************
*** MODULE SUMMARY
***

    Module             ro code  ro data  rw data
    ------             -------  -------  -------
command line/config:
    --------------------------------------------
    Total:

D:\Longer\智能车赛\my_programs\MAX&FFT_K66\project\Debug\Obj: [1]
    ADC&DMA.o            1 432        4        6
    ANO_DT.o               316                52
    FFT.o                1 388   65 536  196 752
    IRQ_Handler.o          344       20
    LQ_LED.o               324                 8
    Longer_motor.o         108
    MK60_ADC.o              76
    MK60_FTM.o             788                16
    MK60_GPIO.o            288       40       40
    MK60_PIT.o             108
    MK60_PLL.o             328                 2
    MK60_SYSTICK.o         280       20       52
    MK60_UART.o            480       20       20
    MK60_WDOG.o             48
    main.o                 332
    start.o                 26
    startup_MK66F18.o    1 490
    task_scheduler.o     1 796      528      236
    --------------------------------------------
    Total:               9 952   66 168  197 184

dl7M_tlf.a: [2]
    abort.o                  6
    dlmalloc.o           5 344               496
    exit.o                   4
    heaptramp0.o             4
    low_level_init.o         4
    printf.o                40
    putchar.o               12
    vla_alloc.o             22
    xfiles.o                         72      152
    xgetmemchunk.o          44                 4
    xprintftiny.o          318
    xprout.o                22
    --------------------------------------------
    Total:               5 820       72      652

m7M_tls.a: [3]
    DblAdd.o               378
    DblCmpLe.o              46
    DblDiv.o               582
    DblMul.o               418
    DblSub.o               226
    DblToFlt.o             104
    DblToS32.o              58
    DblToU32.o              40
    FltToDbl.o              72
    S32ToDbl.o              34
    U32ToDbl.o              26
    fpinit_M.o              34
    frexp.o                112
    logx64.o               798
    math_wrappers64.o       18
    --------------------------------------------
    Total:               2 946

rt7M_tl.a: [4]
    cexit.o                 10
    cmain.o                 30
    copy_init3.o            44
    cstartup_M.o            12
    data_init.o             40
    strlen.o                54
    zero_init3.o            58
    --------------------------------------------
    Total:                 248

shb_l.a: [5]
    exit.o                  20
    --------------------------------------------
    Total:                  20

    Gaps                    10        4
    Linker created                   52   40 960
------------------------------------------------
    Grand Total:        18 996   66 296  238 796


*******************************************************************************
*** ENTRY LIST
***

Entry                       Address    Size  Type      Object
-----                       -------    ----  ----      ------
.iar.init_table$$Base      0x1'4998           --   Gb  - Linker created -
.iar.init_table$$Limit     0x1'49cc           --   Gb  - Linker created -
?main                      0x1'49cd          Code  Gb  cmain.o [4]
ADC0_IRQHandler            0x1'433d     0xa  Code  Gb  IRQ_Handler.o [1]
ADC1_IRQHandler            0x1'4347     0x2  Code  Gb  IRQ_Handler.o [1]
ADC_Init                   0x1'3749    0x3a  Code  Gb  MK60_ADC.o [1]
ADC_conf_for_DMA           0x1'26a1    0x6a  Code  Lc  ADC&DMA.o [1]
ADC_in_DMA_mode_Init       0x1'23fd    0x3e  Code  Gb  ADC&DMA.o [1]
ADC_in_DMA_mode_instance_conf
                           0x1'21f7   0x170  Code  Gb  ADC&DMA.o [1]
ANO_DT_Send_Data           0x1'30b5    0x12  Code  Gb  ANO_DT.o [1]
ANO_DT_send_int16          0x1'30c7   0x120  Code  Gb  ANO_DT.o [1]
CSTACK$$Base            0x1fff'04d0           --   Gb  - Linker created -
CSTACK$$Limit           0x1fff'14d0           --   Gb  - Linker created -
DMA0_DMA16_IRQHandler      0x1'423f    0x2e  Code  Gb  IRQ_Handler.o [1]
DMA1_DMA17_IRQHandler      0x1'426d     0xc  Code  Gb  IRQ_Handler.o [1]
DMA2_DMA18_IRQHandler      0x1'4279    0x2e  Code  Gb  IRQ_Handler.o [1]
DMA3_DMA19_IRQHandler      0x1'42a7     0xc  Code  Gb  IRQ_Handler.o [1]
DMA4_IRQHandler            0x1'42b3    0x16  Code  Gb  IRQ_Handler.o [1]
DMA_Init_for_ADC           0x1'247f   0x116  Code  Lc  ADC&DMA.o [1]
DMA_set_channel_link       0x1'2595   0x10c  Code  Lc  ADC&DMA.o [1]
FFT                        0x1'287b    0xcc  Code  Gb  FFT.o [1]
FTM_GetNum                 0x1'3f9f    0x2c  Code  Gb  MK60_FTM.o [1]
FTM_PinInit                0x1'3fcb   0x1ae  Code  Lc  MK60_FTM.o [1]
FTM_PwmInit                0x1'3edd    0xc2  Code  Gb  MK60_FTM.o [1]
GPIOX                   0x1fff'00ac    0x14  Data  Gb  MK60_GPIO.o [1]
GPIO_PinInit               0x1'34e9   0x114  Code  Gb  MK60_GPIO.o [1]
HEAP$$Base              0x1fff'14d0           --   Gb  - Linker created -
HEAP$$Limit             0x1fff'a4d0           --   Gb  - Linker created -
IFFT                       0x1'2a13    0x4e  Code  Gb  FFT.o [1]
InvSqrt                    0x1'27e1    0x30  Code  Gb  FFT.o [1]
LED_Init                   0x1'2075    0x40  Code  Gb  LQ_LED.o [1]
LED_OFF                    0x1'2119    0x64  Code  Gb  LQ_LED.o [1]
LED_ON                     0x1'20b5    0x64  Code  Gb  LQ_LED.o [1]
LED_Reverse                0x1'217d    0x36  Code  Gb  LQ_LED.o [1]
LED_Reverse::led_state  0x1fff'04a4     0x8  Data  Lc  LQ_LED.o [1]
LPTMR0_IRQHandler          0x1'42e5    0x14  Code  Gb  IRQ_Handler.o [1]
LPTMR_for_ADC_trigger      0x1'243b    0x44  Code  Lc  ADC&DMA.o [1]
NIFFT                      0x1'2947    0xcc  Code  Gb  FFT.o [1]
NMI_Handler                0x1'4a35     0x2  Code  Gb  start.o [1]
NVIC_EnableIRQ             0x1'21e1    0x16  Code  Lc  ADC&DMA.o [1]
NVIC_EnableIRQ             0x1'1971    0x16  Code  Lc  task_scheduler.o [1]
NVIC_EncodePriority        0x1'4391    0x3c  Code  Lc  main.o [1]
NVIC_GetPriorityGrouping
                           0x1'4363     0xa  Code  Lc  main.o [1]
NVIC_SetPriority           0x1'436d    0x24  Code  Lc  main.o [1]
NVIC_SetPriority           0x1'4649    0x24  Code  Lc  MK60_SYSTICK.o [1]
NVIC_SetPriorityGrouping
                           0x1'4349    0x1a  Code  Lc  main.o [1]
PIT0_IRQHandler            0x1'4209    0x12  Code  Gb  IRQ_Handler.o [1]
PIT1_IRQHandler            0x1'421b     0xc  Code  Gb  IRQ_Handler.o [1]
PIT1_get_time              0x1'1f5d    0x56  Code  Lc  task_scheduler.o [1]
PIT1_start_count           0x1'1f2f    0x28  Code  Lc  task_scheduler.o [1]
PIT2_IRQHandler            0x1'4227     0xc  Code  Gb  IRQ_Handler.o [1]
PIT3_IRQHandler            0x1'4233     0xc  Code  Gb  IRQ_Handler.o [1]
PIT_Init                   0x1'31f1    0x5a  Code  Gb  MK60_PIT.o [1]
PLL_Init                   0x1'4495   0x148  Code  Gb  MK60_PLL.o [1]
PORTA_IRQHandler           0x1'41f1     0x2  Code  Gb  IRQ_Handler.o [1]
PORTB_IRQHandler           0x1'41f3    0x16  Code  Gb  IRQ_Handler.o [1]
PORTX                   0x1fff'00c0    0x14  Data  Gb  MK60_GPIO.o [1]
Region$$Table$$Base        0x1'4998           --   Gb  - Linker created -
Region$$Table$$Limit       0x1'49cc           --   Gb  - Linker created -
Start                      0x1'4a1d    0x12  Code  Gb  start.o [1]
SysTick_Config             0x1'466d    0x30  Code  Lc  MK60_SYSTICK.o [1]
SysTick_Handler            0x1'46c5     0xc  Code  Gb  MK60_SYSTICK.o [1]
UART4_RX_TX_IRQHandler     0x1'42c9    0x1c  Code  Gb  IRQ_Handler.o [1]
UARTN                   0x1fff'00e8    0x14  Data  Gb  MK60_UART.o [1]
UART_GetChar               0x1'3a4b     0xa  Code  Gb  MK60_UART.o [1]
UART_GetNum                0x1'3a55    0x36  Code  Gb  MK60_UART.o [1]
UART_Init                  0x1'3911   0x112  Code  Gb  MK60_UART.o [1]
UART_PutBuff               0x1'3a2d    0x1e  Code  Gb  MK60_UART.o [1]
UART_PutChar               0x1'3a23     0xa  Code  Gb  MK60_UART.o [1]
WDOG_Disable               0x1'4761    0x14  Code  Gb  MK60_WDOG.o [1]
WDOG_Unlock                0x1'4775    0x14  Code  Gb  MK60_WDOG.o [1]
_PrintfTiny                0x1'3621   0x126  Code  Gb  xprintftiny.o [2]
_Prout                     0x1'4a37    0x16  Code  Gb  xprout.o [2]
__Vectors                       0x0           --   Gb  startup_MK66F18.o [1]
__Vectors_End                 0x400          Data  Gb  startup_MK66F18.o [1]
__Vectors_Size {Abs}          0x400           --   Gb  startup_MK66F18.o [1]
__aeabi_cdcmple            0x1'3ead          Code  Gb  DblCmpLe.o [3]
__aeabi_d2f                0x1'304d          Code  Gb  DblToFlt.o [3]
__aeabi_d2iz               0x1'37cd          Code  Gb  DblToS32.o [3]
__aeabi_d2uiz              0x1'34c1          Code  Gb  DblToU32.o [3]
__aeabi_dadd               0x1'2ed1          Code  Gb  DblAdd.o [3]
__aeabi_ddiv               0x1'3279          Code  Gb  DblDiv.o [3]
__aeabi_dmul               0x1'2d2d          Code  Gb  DblMul.o [3]
__aeabi_dsub               0x1'381d          Code  Gb  DblSub.o [3]
__aeabi_f2d                0x1'2ce5          Code  Gb  FltToDbl.o [3]
__aeabi_i2d                0x1'3795          Code  Gb  S32ToDbl.o [3]
__aeabi_ui2d               0x1'325d          Code  Gb  U32ToDbl.o [3]
__cmain                    0x1'49cd          Code  Gb  cmain.o [4]
__data_GetMemChunk         0x1'1931    0x2c  Code  Gb  xgetmemchunk.o [2]
__data_GetMemChunk::start
                        0x1fff'04bc     0x4  Data  Lc  xgetmemchunk.o [2]
__exit                     0x1'195d    0x14  Code  Gb  exit.o [5]
__iar_Log64                0x1'3b19   0x280  Code  Lc  logx64.o [3]
__iar_Stdout            0x1fff'0064    0x48  Data  Gb  xfiles.o [2]
__iar_copy_init3           0x1'4791    0x2c  Code  Gb  copy_init3.o [4]
__iar_dadd                 0x1'382d          Code  Gb  DblSub.o [3]
__iar_data_init3           0x1'47e5    0x28  Code  Gb  data_init.o [4]
__iar_dlfree               0x1'13ef   0x4f6  Code  Gb  dlmalloc.o [2]
__iar_dlmalloc             0x1'1139   0x2b6  Code  Gb  dlmalloc.o [2]
__iar_dsub                 0x1'2ee1          Code  Gb  DblAdd.o [3]
__iar_dsubStart            0x1'2ef3          Code  Gb  DblAdd.o [3]
__iar_frexp                0x1'3e49          Code  Gb  frexp.o [3]
__iar_frexpl               0x1'3e49          Code  Gb  frexp.o [3]
__iar_init_vfp             0x1'4975          Code  Gb  fpinit_M.o [3]
__iar_log2_64              0x1'3e31     0x6  Code  Gb  logx64.o [3]
__iar_log2_medium          0x1'3e31     0x6  Code  Gb  logx64.o [3]
__iar_log2_medium64        0x1'3e31     0x6  Code  Gb  logx64.o [3]
__iar_log2_mediuml         0x1'3e31     0x6  Code  Gb  logx64.o [3]
__iar_program_start        0x1'4a8d          Code  Gb  cstartup_M.o [4]
__iar_softfp___iar_frexp64
                           0x1'3e3d          Code  Gb  frexp.o [3]
__iar_softfp_frexp         0x1'3e3d          Code  Gb  frexp.o [3]
__iar_softfp_frexpl        0x1'3e3d          Code  Gb  frexp.o [3]
__iar_vfp_log2             0x1'37bf     0xc  Code  Gb  math_wrappers64.o [3]
__iar_vla_alloc2           0x1'3807    0x12  Code  Gb  vla_alloc.o [2]
__iar_vla_dealloc2         0x1'3819     0x4  Code  Gb  vla_alloc.o [2]
__iar_zero_init3           0x1'18f7    0x3a  Code  Gb  zero_init3.o [4]
__low_level_init           0x1'49eb     0x4  Code  Gb  low_level_init.o [2]
__vector_table                  0x0          Data  Gb  startup_MK66F18.o [1]
__vector_table_0x1c            0x1c          Data  Gb  startup_MK66F18.o [1]
_call_main                 0x1'49d9          Code  Gb  cmain.o [4]
_exit                      0x1'49f5          Code  Gb  cexit.o [4]
_gm_                    0x1fff'0108   0x1d8  Data  Lc  dlmalloc.o [2]
_main                      0x1'49e7          Code  Gb  cmain.o [4]
abort                      0x1'18f1     0x6  Code  Gb  abort.o [2]
active_task_num         0x1fff'04c8     0x1  Data  Lc  task_scheduler.o [1]
add_segment                0x1'07d9   0x1f2  Code  Lc  dlmalloc.o [2]
amplitude_and_mean_process
                           0x1'2a61   0x164  Code  Gb  FFT.o [1]
amplitude_and_mean_process::amplitude
                        0x1fff'04b4     0x4  Data  Lc  FFT.o [1]
amplitude_and_mean_process::max
                        0x1fff'0330    0x40  Data  Lc  FFT.o [1]
amplitude_and_mean_process::mean_max
                        0x1fff'04ac     0x4  Data  Lc  FFT.o [1]
amplitude_and_mean_process::mean_min
                        0x1fff'04b0     0x4  Data  Lc  FFT.o [1]
amplitude_and_mean_process::mid
                        0x1fff'04b8     0x4  Data  Lc  FFT.o [1]
amplitude_and_mean_process::min
                        0x1fff'0370    0x40  Data  Lc  FFT.o [1]
bus_clk                 0x1fff'04c7     0x1  Data  Gb  MK60_PLL.o [1]
complex_add                0x1'278b    0x1a  Code  Gb  FFT.o [1]
complex_build              0x1'2779    0x12  Code  Gb  FFT.o [1]
complex_minus              0x1'27a5    0x1a  Code  Gb  FFT.o [1]
complex_mult               0x1'27bf    0x22  Code  Gb  FFT.o [1]
core_clk                0x1fff'04c6     0x1  Data  Gb  MK60_PLL.o [1]
data_reprocess             0x1'239f    0x5e  Code  Gb  ADC&DMA.o [1]
data_to_send            0x1fff'03b0    0x34  Data  Gb  ANO_DT.o [1]
data_type_trans            0x1'2367    0x38  Code  Gb  ADC&DMA.o [1]
delay_ms                   0x1'472f    0x12  Code  Lc  MK60_SYSTICK.o [1]
delay_us                   0x1'4707    0x28  Code  Lc  MK60_SYSTICK.o [1]
exit                       0x1'49ef     0x4  Code  Gb  exit.o [2]
fputc                      0x1'3901    0x10  Code  Gb  MK60_UART.o [1]
free                       0x1'3e37     0x4  Code  Gb  heaptramp0.o [2]
ftm_period              0x1fff'0494    0x10  Data  Lc  MK60_FTM.o [1]
g_ADC0_mux              0x1fff'0104     0x2  Data  Gb  ADC&DMA.o [1]
g_ADC1_mux              0x1fff'0106     0x2  Data  Gb  ADC&DMA.o [1]
get_current_time_ms        0x1'46d1    0x12  Code  Lc  MK60_SYSTICK.o [1]
get_current_time_us        0x1'46e3    0x24  Code  Lc  MK60_SYSTICK.o [1]
init_mparams               0x1'042b    0x32  Code  Lc  dlmalloc.o [2]
init_top                   0x1'045d    0x36  Code  Lc  dlmalloc.o [2]
inver                      0x1'2811    0x6a  Code  Lc  FFT.o [1]
kWnk_fft                      0x410  0x8000  Data  Gb  FFT.o [1]
kWnk_ifft                    0x8410  0x8000  Data  Gb  FFT.o [1]
log2                       0x1'3e31     0x6  Code  Gb  logx64.o [3]
log2l                      0x1'3e31     0x6  Code  Gb  logx64.o [3]
low_pass_filter            0x1'2bc5    0x4e  Code  Gb  FFT.o [1]
main                       0x1'43cd    0xa8  Code  Gb  main.o [1]
midst_filter               0x1'2c13    0xaa  Code  Gb  FFT.o [1]
motor_init                 0x1'45dd    0x68  Code  Gb  Longer_motor.o [1]
mparams                 0x1fff'0418    0x18  Data  Lc  dlmalloc.o [2]
obuf                    0x1fff'02e0    0x50  Data  Lc  xfiles.o [2]
out                        0x1'3609    0x18  Code  Lc  xprintftiny.o [2]
prepend_alloc              0x1'0493   0x346  Code  Lc  dlmalloc.o [2]
printf                     0x1'21b9    0x28  Code  Gb  printf.o [2]
putchar                    0x1'4a4d     0xc  Code  Gb  putchar.o [2]
sample_dx               0x2000'8000  0x8000  Data  Gb  FFT.o [1]
sample_dy               0x2001'8000  0x8000  Data  Gb  FFT.o [1]
sample_sx               0x2000'0000  0x8000  Data  Gb  FFT.o [1]
sample_sy               0x2001'0000  0x8000  Data  Gb  FFT.o [1]
segment_holding            0x1'0411    0x1a  Code  Lc  dlmalloc.o [2]
strlen                     0x1'3ae1          Code  Gb  strlen.o [4]
sys_alloc                  0x1'09d1   0x164  Code  Lc  dlmalloc.o [2]
sys_trim                   0x1'0b35    0x64  Code  Lc  dlmalloc.o [2]
systime                 0x1fff'00d4    0x14  Data  Gb  MK60_SYSTICK.o [1]
systime_init               0x1'469d    0x28  Code  Lc  MK60_SYSTICK.o [1]
t2wft1_can_xfft         0x1fff'03e4    0x14  Data  Lc  task_scheduler.o [1]
t3wft1_can_yfft         0x1fff'0430    0x14  Data  Lc  task_scheduler.o [1]
t4wft2_can_xUART        0x1fff'0444    0x14  Data  Lc  task_scheduler.o [1]
t4wft3_can_yUART        0x1fff'0458    0x14  Data  Lc  task_scheduler.o [1]
task0_entry                0x1'1987    0x12  Code  Gb  task_scheduler.o [1]
task1_entry                0x1'1999    0x6a  Code  Gb  task_scheduler.o [1]
task2_entry                0x1'1a05   0x202  Code  Gb  task_scheduler.o [1]
task2_entry::subtask_status
                        0x1fff'04c9     0x1  Data  Lc  task_scheduler.o [1]
task2_entry{1}{2}::max_now
                        0x1fff'04c0     0x2  Data  Lc  task_scheduler.o [1]
task2_entry{1}{2}::max_queue
                        0x1fff'046c    0x14  Data  Lc  task_scheduler.o [1]
task2_entry{1}{2}{4}{5}{6}::A
                        0x1fff'00fc     0x4  Data  Lc  task_scheduler.o [1]
task3_entry                0x1'1c0d   0x1e8  Code  Gb  task_scheduler.o [1]
task3_entry::subtask_status
                        0x1fff'04ca     0x1  Data  Lc  task_scheduler.o [1]
task3_entry{1}{2}::max_now
                        0x1fff'04c2     0x2  Data  Lc  task_scheduler.o [1]
task3_entry{1}{2}::max_queue
                        0x1fff'0480    0x14  Data  Lc  task_scheduler.o [1]
task3_entry{1}{2}{4}{5}{6}::A
                        0x1fff'0100     0x4  Data  Lc  task_scheduler.o [1]
task4_entry                0x1'1df5    0x82  Code  Gb  task_scheduler.o [1]
task4_entry::subtask_status
                        0x1fff'04cb     0x1  Data  Lc  task_scheduler.o [1]
task_process               0x1'1ed9    0x44  Code  Gb  task_scheduler.o [1]
task_rhythm                0x1'1e77    0x62  Code  Gb  task_scheduler.o [1]
task_rhythm_init           0x1'1f1d    0x12  Code  Gb  task_scheduler.o [1]
tasks                   0x1fff'0000    0x64  Data  Lc  task_scheduler.o [1]
timer                   0x1fff'03f8    0x20  Data  Gb  MK60_SYSTICK.o [1]
tmalloc_large              0x1'0ba5   0x386  Code  Lc  dlmalloc.o [2]
tmalloc_small              0x1'0f2b   0x200  Code  Lc  dlmalloc.o [2]
x_ready_for_fft         0x1fff'04c4     0x1  Data  Gb  ADC&DMA.o [1]
y_ready_for_fft         0x1fff'04c5     0x1  Data  Gb  ADC&DMA.o [1]
z_x                     0x2002'0000  0x8000  Data  Gb  FFT.o [1]
z_y                     0x2002'8000  0x8000  Data  Gb  FFT.o [1]


[1] = D:\Longer\智能车赛\my_programs\MAX&FFT_K66\project\Debug\Obj
[2] = dl7M_tlf.a
[3] = m7M_tls.a
[4] = rt7M_tl.a
[5] = shb_l.a

   18 996 bytes of readonly  code memory
   66 296 bytes of readonly  data memory
  238 796 bytes of readwrite data memory

Errors: none
Warnings: none
