###############################################################################
#
# IAR ELF Linker V8.32.1.169/W32 for ARM                  27/Jun/2020  01:51:52
# Copyright 2007-2018 IAR Systems AB.
#
#    Output file  =  
#        D:\Longer\智能车赛\my_programs\MAX&FFT_K66\project\Debug\Exe\template.out
#    Map file     =  
#        D:\Longer\智能车赛\my_programs\MAX&FFT_K66\project\Debug\List\template.map
#    Command line =  
#        -f C:\Users\37157\AppData\Local\Temp\EWCA62.tmp
#        (D:\Longer\智能车赛\my_programs\MAX&FFT_K66\project\Debug\Obj\ANO_DT.o
#        D:\Longer\智能车赛\my_programs\MAX&FFT_K66\project\Debug\Obj\FFT.o
#        D:\Longer\智能车赛\my_programs\MAX&FFT_K66\project\Debug\Obj\fsl_clock.o
#        D:\Longer\智能车赛\my_programs\MAX&FFT_K66\project\Debug\Obj\fsl_common.o
#        D:\Longer\智能车赛\my_programs\MAX&FFT_K66\project\Debug\Obj\IRQ_Handler.o
#        D:\Longer\智能车赛\my_programs\MAX&FFT_K66\project\Debug\Obj\LG_EncTPM.o
#        D:\Longer\智能车赛\my_programs\MAX&FFT_K66\project\Debug\Obj\Longer_motor.o
#        D:\Longer\智能车赛\my_programs\MAX&FFT_K66\project\Debug\Obj\LQ_12864.o
#        D:\Longer\智能车赛\my_programs\MAX&FFT_K66\project\Debug\Obj\LQ_9AX.o
#        D:\Longer\智能车赛\my_programs\MAX&FFT_K66\project\Debug\Obj\LQ_ADC.o
#        D:\Longer\智能车赛\my_programs\MAX&FFT_K66\project\Debug\Obj\LQ_CCD.o
#        D:\Longer\智能车赛\my_programs\MAX&FFT_K66\project\Debug\Obj\LQ_FLASH.o
#        D:\Longer\智能车赛\my_programs\MAX&FFT_K66\project\Debug\Obj\LQ_KEY.o
#        D:\Longer\智能车赛\my_programs\MAX&FFT_K66\project\Debug\Obj\LQ_LED.o
#        D:\Longer\智能车赛\my_programs\MAX&FFT_K66\project\Debug\Obj\LQ_LPTMR.o
#        D:\Longer\智能车赛\my_programs\MAX&FFT_K66\project\Debug\Obj\LQ_MOTOR.o
#        D:\Longer\智能车赛\my_programs\MAX&FFT_K66\project\Debug\Obj\LQ_MPU6050.o
#        D:\Longer\智能车赛\my_programs\MAX&FFT_K66\project\Debug\Obj\LQ_OV7725.o
#        D:\Longer\智能车赛\my_programs\MAX&FFT_K66\project\Debug\Obj\LQ_PIT.o
#        D:\Longer\智能车赛\my_programs\MAX&FFT_K66\project\Debug\Obj\LQ_SD5.o
#        D:\Longer\智能车赛\my_programs\MAX&FFT_K66\project\Debug\Obj\LQ_SGP18T.o
#        D:\Longer\智能车赛\my_programs\MAX&FFT_K66\project\Debug\Obj\LQ_SYSTICK.o
#        D:\Longer\智能车赛\my_programs\MAX&FFT_K66\project\Debug\Obj\LQ_UART.o
#        D:\Longer\智能车赛\my_programs\MAX&FFT_K66\project\Debug\Obj\LQ_Ultrasonic.o
#        D:\Longer\智能车赛\my_programs\MAX&FFT_K66\project\Debug\Obj\LQ_WDOG.o
#        D:\Longer\智能车赛\my_programs\MAX&FFT_K66\project\Debug\Obj\main.o
#        D:\Longer\智能车赛\my_programs\MAX&FFT_K66\project\Debug\Obj\MK60_ADC.o
#        D:\Longer\智能车赛\my_programs\MAX&FFT_K66\project\Debug\Obj\MK60_CMT.o
#        D:\Longer\智能车赛\my_programs\MAX&FFT_K66\project\Debug\Obj\MK60_DMA.o
#        D:\Longer\智能车赛\my_programs\MAX&FFT_K66\project\Debug\Obj\MK60_FLASH.o
#        D:\Longer\智能车赛\my_programs\MAX&FFT_K66\project\Debug\Obj\MK60_FTM.o
#        D:\Longer\智能车赛\my_programs\MAX&FFT_K66\project\Debug\Obj\MK60_GPIO.o
#        D:\Longer\智能车赛\my_programs\MAX&FFT_K66\project\Debug\Obj\MK60_IIC.o
#        D:\Longer\智能车赛\my_programs\MAX&FFT_K66\project\Debug\Obj\MK60_LPTMR.o
#        D:\Longer\智能车赛\my_programs\MAX&FFT_K66\project\Debug\Obj\MK60_PIT.o
#        D:\Longer\智能车赛\my_programs\MAX&FFT_K66\project\Debug\Obj\MK60_PLL.o
#        D:\Longer\智能车赛\my_programs\MAX&FFT_K66\project\Debug\Obj\MK60_SYSTICK.o
#        D:\Longer\智能车赛\my_programs\MAX&FFT_K66\project\Debug\Obj\MK60_UART.o
#        D:\Longer\智能车赛\my_programs\MAX&FFT_K66\project\Debug\Obj\MK60_WDOG.o
#        D:\Longer\智能车赛\my_programs\MAX&FFT_K66\project\Debug\Obj\MK66_TPM.o
#        D:\Longer\智能车赛\my_programs\MAX&FFT_K66\project\Debug\Obj\Slide_average_filter.o
#        D:\Longer\智能车赛\my_programs\MAX&FFT_K66\project\Debug\Obj\start.o
#        D:\Longer\智能车赛\my_programs\MAX&FFT_K66\project\Debug\Obj\startup_MK66F18.o
#        --no_out_extension -o
#        D:\Longer\智能车赛\my_programs\MAX&FFT_K66\project\Debug\Exe\template.out
#        --map
#        D:\Longer\智能车赛\my_programs\MAX&FFT_K66\project\Debug\List\template.map
#        --config D:\Longer\IAR_ARM\arm\config\linker\NXP\MK66xX1M_18.icf
#        --semihosting --entry __iar_program_start --vfe --text_out locale)
#
###############################################################################

*******************************************************************************
*** RUNTIME MODEL ATTRIBUTES
***

CppFlavor       = *
__Heap_Handler  = DLMalloc
__SystemLibrary = DLib
__dlib_version  = 6


*******************************************************************************
*** HEAP SELECTION
***

The advanced heap was selected because the application calls memory
allocation functions outside of system library functions, and there
are calls to deallocation functions in the application.


*******************************************************************************
*** PLACEMENT SUMMARY
***

"A0":  place at 0x0 { ro section .intvec };
"P1":  place in [from 0x400 to 0x40f] { section FlashConfig };
"P2":  place in [from 0x0 to 0x3ff] |
                [from 0x410 to 0xf'ffff] |
                [from 0x1000'0000 to 0x1003'ffff] { ro };
define block CSTACK with size = 4K, alignment = 8 { };
define block HEAP with size = 36K, alignment = 8 { };
"P3":  place in [from 0x1fff'0000 to 0x1fff'ffff] |
                [from 0x2000'0000 to 0x2002'ffff] {
          rw, block CSTACK, block HEAP };
initialize by copy { rw };

No sections matched the following patterns:

  section .flex_ram  in "P4"


  Section            Kind         Address     Size  Object
  -------            ----         -------     ----  ------
"A0":                                        0x400
  .intvec            ro code          0x0    0x400  startup_MK66F18.o [1]
                                  - 0x400    0x400

"P1":                                         0x10
  FlashConfig        ro code        0x400     0x10  startup_MK66F18.o [1]
                                  - 0x410     0x10

"P2":                                      0x15130
  .rodata            const          0x410   0x8000  FFT.o [1]
  .rodata            const         0x8410   0x8000  FFT.o [1]
  .text              ro code     0x1'0410   0x14e0  dlmalloc.o [2]
  .text              ro code     0x1'18f0      0x6  abort.o [2]
  .text              ro code     0x1'18f6     0x3a  zero_init3.o [4]
  .text              ro code     0x1'1930     0x2c  xgetmemchunk.o [2]
  .text              ro code     0x1'195c     0x14  exit.o [5]
  .text              ro code     0x1'1970    0xc16  xprintflarge_nomb.o [2]
  .text              ro code     0x1'2586      0x2  startup_MK66F18.o [1]
  .text              ro code     0x1'2588     0x16  strchr.o [4]
  .text              ro code     0x1'259e      0x2  startup_MK66F18.o [1]
  .text              ro code     0x1'25a0     0x40  xfail_s.o [2]
  .text              ro code     0x1'25e0     0x36  strlen.o [4]
  .text              ro code     0x1'2616      0x2  startup_MK66F18.o [1]
  .text              ro code     0x1'2618     0x58  memchr.o [4]
  .text              ro code     0x1'2670    0x230  I64DivMod.o [4]
  .text              ro code     0x1'28a0    0x1a2  DblMul.o [3]
  .text              ro code     0x1'2a42      0x2  startup_MK66F18.o [1]
  .text              ro code     0x1'2a44     0xa6  ABImemcpy.o [4]
  .text              ro code     0x1'2aea      0x2  startup_MK66F18.o [1]
  .text              ro code     0x1'2aec     0x70  frexp.o [3]
  .text              ro code     0x1'2b5c    0x246  DblDiv.o [3]
  .text              ro code     0x1'2da2      0x2  startup_MK66F18.o [1]
  .text              ro code     0x1'2da4     0x28  DblToU32.o [3]
  .text              ro code     0x1'2dcc     0x1a  U32ToDbl.o [3]
  .text              ro code     0x1'2de6      0x2  startup_MK66F18.o [1]
  .text              ro code     0x1'2de8     0xe2  DblSub.o [3]
  .text              ro code     0x1'2ecc      0x8  xlocale_c.o [2]
  .text              ro code     0x1'2ed4      0x2  I64DivZer.o [4]
  .text              ro code     0x1'2ed8    0x17a  DblAdd.o [3]
  .text              ro code     0x1'3054    0x7d8  FFT.o [1]
  .text              ro code     0x1'382c     0x22  S32ToDbl.o [3]
  .text              ro code     0x1'3850     0x12  math_wrappers64.o [3]
  .text              ro code     0x1'3864     0x3a  DblToS32.o [3]
  .text              ro code     0x1'38a0     0x48  FltToDbl.o [3]
  .text              ro code     0x1'38e8     0x68  DblToFlt.o [3]
  .text              ro code     0x1'3950    0x170  MK60_ADC.o [1]
  .text              ro code     0x1'3ac0    0x102  sqrt.o [3]
  .text              ro code     0x1'3bc2     0x16  vla_alloc.o [2]
  .text              ro code     0x1'3bd8    0x31e  logx64.o [3]
  .text              ro code     0x1'3ef6      0x4  heaptramp0.o [2]
  .text              ro code     0x1'3efc     0x2e  DblCmpLe.o [3]
  .text              ro code     0x1'3f2c    0x3c0  Longer_motor.o [1]
  .text              ro code     0x1'42ec    0x344  MK60_FTM.o [1]
  .text              ro code     0x1'4630    0x120  MK60_GPIO.o [1]
  .text              ro code     0x1'4750    0x23c  main.o [1]
  .text              ro code     0x1'498c    0x148  MK60_PLL.o [1]
  .text              ro code     0x1'4ad4     0x40  LQ_LED.o [1]
  .text              ro code     0x1'4b14     0x80  MK60_LPTMR.o [1]
  .text              ro code     0x1'4b94    0x1e0  MK60_UART.o [1]
  .text              ro code     0x1'4d74    0x13c  ANO_DT.o [1]
  .text              ro code     0x1'4eb0    0x12c  IRQ_Handler.o [1]
  .text              ro code     0x1'4fdc     0x28  printf.o [2]
  .text              ro code     0x1'5004    0x118  MK60_SYSTICK.o [1]
  .text              ro code     0x1'511c     0x30  MK60_WDOG.o [1]
  .text              ro code     0x1'514c     0x2c  copy_init3.o [4]
  .text              ro code     0x1'5178     0x28  startup_MK66F18.o [1]
  .text              ro code     0x1'51a0     0x28  data_init.o [4]
  .text              ro code     0x1'51c8     0x22  fpinit_M.o [3]
  .iar.init_table    const       0x1'51ec     0x2c  - Linker created -
  .text              ro code     0x1'5218     0x1e  cmain.o [4]
  .text              ro code     0x1'5236      0x4  low_level_init.o [2]
  .text              ro code     0x1'523a      0x4  exit.o [2]
  .text              ro code     0x1'5240      0xa  cexit.o [4]
  .text              ro code     0x1'524c     0x1a  start.o [1]
  .text              ro code     0x1'5266     0x16  xprout.o [2]
  .text              ro code     0x1'527c      0xc  putchar.o [2]
  .rodata            const       0x1'5288     0x14  IRQ_Handler.o [1]
  .rodata            const       0x1'529c      0xc  IRQ_Handler.o [1]
  .text              ro code     0x1'52a8      0xc  cstartup_M.o [4]
  .text              ro code     0x1'52b4      0x8  startup_MK66F18.o [1]
  .text              ro code     0x1'52bc      0x8  startup_MK66F18.o [1]
  .text              ro code     0x1'52c4      0x8  startup_MK66F18.o [1]
  .text              ro code     0x1'52cc      0x8  startup_MK66F18.o [1]
  .text              ro code     0x1'52d4      0x8  startup_MK66F18.o [1]
  .text              ro code     0x1'52dc      0x8  startup_MK66F18.o [1]
  .text              ro code     0x1'52e4      0x8  startup_MK66F18.o [1]
  .text              ro code     0x1'52ec      0x8  startup_MK66F18.o [1]
  .text              ro code     0x1'52f4      0x8  startup_MK66F18.o [1]
  .text              ro code     0x1'52fc      0x8  startup_MK66F18.o [1]
  .text              ro code     0x1'5304      0x8  startup_MK66F18.o [1]
  .text              ro code     0x1'530c      0x8  startup_MK66F18.o [1]
  .text              ro code     0x1'5314      0x8  startup_MK66F18.o [1]
  .text              ro code     0x1'531c      0x8  startup_MK66F18.o [1]
  .text              ro code     0x1'5324      0x8  startup_MK66F18.o [1]
  .text              ro code     0x1'532c      0x8  startup_MK66F18.o [1]
  .text              ro code     0x1'5334      0x8  startup_MK66F18.o [1]
  .text              ro code     0x1'533c      0x8  startup_MK66F18.o [1]
  .text              ro code     0x1'5344      0x8  startup_MK66F18.o [1]
  .text              ro code     0x1'534c      0x8  startup_MK66F18.o [1]
  .text              ro code     0x1'5354      0x8  startup_MK66F18.o [1]
  .text              ro code     0x1'535c      0x8  startup_MK66F18.o [1]
  .text              ro code     0x1'5364      0x8  startup_MK66F18.o [1]
  .text              ro code     0x1'536c      0x8  startup_MK66F18.o [1]
  .text              ro code     0x1'5374      0x8  startup_MK66F18.o [1]
  .text              ro code     0x1'537c      0x8  startup_MK66F18.o [1]
  .text              ro code     0x1'5384      0x8  startup_MK66F18.o [1]
  .text              ro code     0x1'538c      0x8  startup_MK66F18.o [1]
  .text              ro code     0x1'5394      0x8  startup_MK66F18.o [1]
  .text              ro code     0x1'539c      0x8  startup_MK66F18.o [1]
  .text              ro code     0x1'53a4      0x8  startup_MK66F18.o [1]
  .text              ro code     0x1'53ac      0x8  startup_MK66F18.o [1]
  .text              ro code     0x1'53b4      0x8  startup_MK66F18.o [1]
  .text              ro code     0x1'53bc      0x8  startup_MK66F18.o [1]
  .text              ro code     0x1'53c4      0x8  startup_MK66F18.o [1]
  .text              ro code     0x1'53cc      0x8  startup_MK66F18.o [1]
  .text              ro code     0x1'53d4      0x8  startup_MK66F18.o [1]
  .text              ro code     0x1'53dc      0x8  startup_MK66F18.o [1]
  .text              ro code     0x1'53e4      0x8  startup_MK66F18.o [1]
  .text              ro code     0x1'53ec      0x8  startup_MK66F18.o [1]
  .text              ro code     0x1'53f4      0x8  startup_MK66F18.o [1]
  .text              ro code     0x1'53fc      0x8  startup_MK66F18.o [1]
  .text              ro code     0x1'5404      0x8  startup_MK66F18.o [1]
  .text              ro code     0x1'540c      0x8  startup_MK66F18.o [1]
  .text              ro code     0x1'5414      0x8  startup_MK66F18.o [1]
  .text              ro code     0x1'541c      0x8  startup_MK66F18.o [1]
  .text              ro code     0x1'5424      0x8  startup_MK66F18.o [1]
  .text              ro code     0x1'542c      0x8  startup_MK66F18.o [1]
  .text              ro code     0x1'5434      0x8  startup_MK66F18.o [1]
  .text              ro code     0x1'543c      0x8  startup_MK66F18.o [1]
  .text              ro code     0x1'5444      0x8  startup_MK66F18.o [1]
  .text              ro code     0x1'544c      0x8  startup_MK66F18.o [1]
  .text              ro code     0x1'5454      0x8  startup_MK66F18.o [1]
  .rodata            const       0x1'545c      0x4  xlocale_c.o [2]
  .text              ro code     0x1'5460      0x4  startup_MK66F18.o [1]
  .rodata            const       0x1'5464      0x0  zero_init3.o [4]
  .rodata            const       0x1'5464      0x0  copy_init3.o [4]
  Initializer bytes  const       0x1'5464     0xdc  <for P3 s0>
                               - 0x1'5540  0x15130

"P3", part 1 of 4:                            0xdc
  P3 s0                       0x1fff'0000     0xdc  <Init block>
    .data            inited   0x1fff'0000     0x48  xfiles.o [2]
    .data            inited   0x1fff'0048     0x38  xlocale_c.o [2]
    .data            inited   0x1fff'0080     0x14  MK60_GPIO.o [1]
    .data            inited   0x1fff'0094     0x14  MK60_GPIO.o [1]
    .data            inited   0x1fff'00a8     0x14  MK60_SYSTICK.o [1]
    .data            inited   0x1fff'00bc     0x14  MK60_UART.o [1]
    .data            inited   0x1fff'00d0      0x4  FFT.o [1]
    .data            inited   0x1fff'00d4      0x4  Longer_motor.o [1]
    .data            inited   0x1fff'00d8      0x1  LQ_KEY.o [1]
                            - 0x1fff'00dc     0xdc

"P3", part 2 of 4:                           0x370
  .bss               zero     0x1fff'00dc    0x1d8  dlmalloc.o [2]
  .bss               zero     0x1fff'02b4     0x50  xfiles.o [2]
  .bss               zero     0x1fff'0304     0x40  FFT.o [1]
  .bss               zero     0x1fff'0344     0x40  FFT.o [1]
  .bss               zero     0x1fff'0384     0x34  ANO_DT.o [1]
  .bss               zero     0x1fff'03b8     0x14  FFT.o [1]
  .bss               zero     0x1fff'03d0     0x20  MK60_SYSTICK.o [1]
  .bss               zero     0x1fff'03f0     0x18  dlmalloc.o [2]
  .bss               zero     0x1fff'0408     0x10  Longer_motor.o [1]
  .bss               zero     0x1fff'0418     0x10  MK60_FTM.o [1]
  .bss               zero     0x1fff'0428      0x4  FFT.o [1]
  .bss               zero     0x1fff'042c      0x4  FFT.o [1]
  .bss               zero     0x1fff'0430      0x4  FFT.o [1]
  .bss               zero     0x1fff'0434      0x4  FFT.o [1]
  .bss               zero     0x1fff'0438      0x4  xgetmemchunk.o [2]
  .bss               zero     0x1fff'043c      0x4  xfail_s.o [2]
  .bss               zero     0x1fff'0440      0x2  FFT.o [1]
  .bss               zero     0x1fff'0442      0x2  FFT.o [1]
  .bss               zero     0x1fff'0444      0x1  LQ_PIT.o [1]
  .bss               zero     0x1fff'0445      0x1  LQ_PIT.o [1]
  .bss               zero     0x1fff'0446      0x1  LQ_PIT.o [1]
  .bss               zero     0x1fff'0447      0x1  LQ_PIT.o [1]
  .bss               zero     0x1fff'0448      0x1  MK60_PLL.o [1]
  .bss               zero     0x1fff'0449      0x1  MK60_PLL.o [1]
                            - 0x1fff'044a    0x36e

"P3", part 3 of 4:                          0xa000
  CSTACK                      0x1fff'0450   0x1000  <Block>
    CSTACK           uninit   0x1fff'0450   0x1000  <Block tail>
  HEAP                        0x1fff'1450   0x9000  <Block>
    HEAP             uninit   0x1fff'1450   0x9000  <Block tail>
                            - 0x1fff'a450   0xa000

"P3", part 4 of 4:                         0x28000
  .bss               zero     0x2000'0000   0x8000  main.o [1]
  .bss               zero     0x2000'8000   0x8000  main.o [1]
  .bss               zero     0x2001'0000   0x8000  main.o [1]
  .bss               zero     0x2001'8000   0x8000  main.o [1]
  .bss               zero     0x2002'0000   0x8000  main.o [1]
                            - 0x2002'8000  0x28000

Unused ranges:

         From           To      Size
         ----           --      ----
     0x1'5540     0xf'ffff  0xe'aac0
  0x1000'0000  0x1003'ffff  0x4'0000
  0x1fff'044c  0x1fff'044f       0x4
  0x1fff'a450  0x1fff'ffff    0x5bb0
  0x2002'8000  0x2002'ffff    0x8000


*******************************************************************************
*** INIT TABLE
***

          Address      Size
          -------      ----
Zero (__iar_zero_init3)
    2 destination ranges, total size 0x2836e:
          0x1fff'00dc    0x36e
          0x2000'0000  0x28000

Copy (__iar_copy_init3)
    1 source range, total size 0xdc (101% of destination):
             0x1'5464     0xdc
    1 destination range, total size 0xd9:
          0x1fff'0000     0xd9



*******************************************************************************
*** MODULE SUMMARY
***

    Module               ro code  ro data  rw data
    ------               -------  -------  -------
command line/config:
    ----------------------------------------------
    Total:

D:\Longer\智能车赛\my_programs\MAX&FFT_K66\project\Debug\Obj: [1]
    ANO_DT.o                 316                52
    FFT.o                  2 008   65 540      172
    IRQ_Handler.o            300       32
    LQ_KEY.o                            1        1
    LQ_LED.o                  64
    LQ_PIT.o                                     4
    Longer_motor.o           960        4       20
    MK60_ADC.o               368
    MK60_FTM.o               836                16
    MK60_GPIO.o              288       40       40
    MK60_LPTMR.o             128
    MK60_PLL.o               328                 2
    MK60_SYSTICK.o           280       20       52
    MK60_UART.o              480       20       20
    MK60_WDOG.o               48
    main.o                   572           163 840
    start.o                   26
    startup_MK66F18.o      1 522
    ----------------------------------------------
    Total:                 8 524   65 657  164 219

dl7M_tlf.a: [2]
    abort.o                    6
    dlmalloc.o             5 344               496
    exit.o                     4
    heaptramp0.o               4
    low_level_init.o           4
    printf.o                  40
    putchar.o                 12
    vla_alloc.o               22
    xfail_s.o                 64                 4
    xfiles.o                           72      152
    xgetmemchunk.o            44                 4
    xlocale_c.o                8       60       56
    xprintflarge_nomb.o    3 094
    xprout.o                  22
    ----------------------------------------------
    Total:                 8 668      132      712

m7M_tls.a: [3]
    DblAdd.o                 378
    DblCmpLe.o                46
    DblDiv.o                 582
    DblMul.o                 418
    DblSub.o                 226
    DblToFlt.o               104
    DblToS32.o                58
    DblToU32.o                40
    FltToDbl.o                72
    S32ToDbl.o                34
    U32ToDbl.o                26
    fpinit_M.o                34
    frexp.o                  112
    logx64.o                 798
    math_wrappers64.o         18
    sqrt.o                   258
    ----------------------------------------------
    Total:                 3 204

rt7M_tl.a: [4]
    ABImemcpy.o              166
    I64DivMod.o              560
    I64DivZer.o                2
    cexit.o                   10
    cmain.o                   30
    copy_init3.o              44
    cstartup_M.o              12
    data_init.o               40
    memchr.o                  88
    strchr.o                  22
    strlen.o                  54
    zero_init3.o              58
    ----------------------------------------------
    Total:                 1 086

shb_l.a: [5]
    exit.o                    20
    ----------------------------------------------
    Total:                    20

    Gaps                      20        2        4
    Linker created                     47   40 960
--------------------------------------------------
    Grand Total:          21 522   65 838  205 895


*******************************************************************************
*** ENTRY LIST
***

Entry                       Address    Size  Type      Object
-----                       -------    ----  ----      ------
.iar.init_table$$Base      0x1'51ec           --   Gb  - Linker created -
.iar.init_table$$Limit     0x1'5218           --   Gb  - Linker created -
?main                      0x1'5219          Code  Gb  cmain.o [4]
ADC_Init                   0x1'3951    0x3a  Code  Gb  MK60_ADC.o [1]
ADC_Mid                    0x1'3a4d    0x74  Code  Gb  MK60_ADC.o [1]
ADC_Once                   0x1'39db    0x44  Code  Gb  MK60_ADC.o [1]
ADC_Start                  0x1'398b    0x50  Code  Gb  MK60_ADC.o [1]
ANO_DT_Send_Data           0x1'4d75    0x12  Code  Gb  ANO_DT.o [1]
ANO_DT_send_int16          0x1'4d87   0x120  Code  Gb  ANO_DT.o [1]
CSTACK$$Base            0x1fff'0450           --   Gb  - Linker created -
CSTACK$$Limit           0x1fff'1450           --   Gb  - Linker created -
DMA4_IRQHandler            0x1'4f63    0x16  Code  Gb  IRQ_Handler.o [1]
FFT                        0x1'3127    0xcc  Code  Gb  FFT.o [1]
FTM_GetNum                 0x1'43df    0x2c  Code  Gb  MK60_FTM.o [1]
FTM_PinInit                0x1'440b   0x1ae  Code  Lc  MK60_FTM.o [1]
FTM_PwmDuty                0x1'43af    0x30  Code  Gb  MK60_FTM.o [1]
FTM_PwmInit                0x1'42ed    0xc2  Code  Gb  MK60_FTM.o [1]
GPIOX                   0x1fff'0080    0x14  Data  Gb  MK60_GPIO.o [1]
GPIO_PinInit               0x1'4631   0x114  Code  Gb  MK60_GPIO.o [1]
HEAP$$Base              0x1fff'1450           --   Gb  - Linker created -
HEAP$$Limit             0x1fff'a450           --   Gb  - Linker created -
IFFT                       0x1'32bf    0x4e  Code  Gb  FFT.o [1]
LED_Init                   0x1'4ad5    0x40  Code  Gb  LQ_LED.o [1]
LPTMR_PulseInit            0x1'4b15    0x68  Code  Gb  MK60_LPTMR.o [1]
LoadInt                    0x1'1b15    0x7a  Code  Lc  xprintflarge_nomb.o [2]
NIFFT                      0x1'31f3    0xcc  Code  Gb  FFT.o [1]
NMI_Handler                0x1'5265     0x2  Code  Gb  start.o [1]
NVIC_EncodePriority        0x1'4799    0x3c  Code  Lc  main.o [1]
NVIC_GetPriorityGrouping
                           0x1'476b     0xa  Code  Lc  main.o [1]
NVIC_SetPriority           0x1'4775    0x24  Code  Lc  main.o [1]
NVIC_SetPriority           0x1'5005    0x24  Code  Lc  MK60_SYSTICK.o [1]
NVIC_SetPriorityGrouping
                           0x1'4751    0x1a  Code  Lc  main.o [1]
PIT0_IRQHandler            0x1'4eed    0x40  Code  Gb  IRQ_Handler.o [1]
PIT1_IRQHandler            0x1'4f2d    0x12  Code  Gb  IRQ_Handler.o [1]
PIT2_IRQHandler            0x1'4f3f    0x12  Code  Gb  IRQ_Handler.o [1]
PIT3_IRQHandler            0x1'4f51    0x12  Code  Gb  IRQ_Handler.o [1]
PLL_Init                   0x1'498d   0x148  Code  Gb  MK60_PLL.o [1]
PORTA_IRQHandler           0x1'4eb1     0x2  Code  Gb  IRQ_Handler.o [1]
PORTB_IRQHandler           0x1'4eb3    0x3a  Code  Gb  IRQ_Handler.o [1]
PORTX                   0x1fff'0094    0x14  Data  Gb  MK60_GPIO.o [1]
Region$$Table$$Base        0x1'51ec           --   Gb  - Linker created -
Region$$Table$$Limit       0x1'5218           --   Gb  - Linker created -
Start                      0x1'524d    0x12  Code  Gb  start.o [1]
SysTick_Config             0x1'5029    0x30  Code  Lc  MK60_SYSTICK.o [1]
SysTick_Handler            0x1'5081     0xc  Code  Gb  MK60_SYSTICK.o [1]
UART4_RX_TX_IRQHandler     0x1'4f79    0x1c  Code  Gb  IRQ_Handler.o [1]
UARTN                   0x1fff'00bc    0x14  Data  Gb  MK60_UART.o [1]
UART_GetChar               0x1'4cdf     0xa  Code  Gb  MK60_UART.o [1]
UART_GetNum                0x1'4ce9    0x36  Code  Gb  MK60_UART.o [1]
UART_Init                  0x1'4ba5   0x112  Code  Gb  MK60_UART.o [1]
UART_PutBuff               0x1'4cc1    0x1e  Code  Gb  MK60_UART.o [1]
UART_PutChar               0x1'4cb7     0xa  Code  Gb  MK60_UART.o [1]
WDOG_Disable               0x1'511d    0x14  Code  Gb  MK60_WDOG.o [1]
WDOG_Unlock                0x1'5131    0x14  Code  Gb  MK60_WDOG.o [1]
_GenldLargeNoMb            0x1'22a5   0x24c  Code  Lc  xprintflarge_nomb.o [2]
_LdtobLargeNoMb            0x1'204b   0x232  Code  Lc  xprintflarge_nomb.o [2]
_LitobLargeNoMb            0x1'1efb   0x10a  Code  Lc  xprintflarge_nomb.o [2]
_Locale_lconv           0x1fff'0048    0x38  Data  Lc  xlocale_c.o [2]
_PrintfLargeNoMb           0x1'1971   0x19e  Code  Gb  xprintflarge_nomb.o [2]
_Prout                     0x1'5267    0x16  Code  Gb  xprout.o [2]
_PutcharsLargeNoMb         0x1'24f1    0x2e  Code  Lc  xprintflarge_nomb.o [2]
_PutfldLargeNoMb           0x1'1b8f   0x260  Code  Lc  xprintflarge_nomb.o [2]
_PuttxtLargeNoMb           0x1'1def   0x10c  Code  Lc  xprintflarge_nomb.o [2]
__Vectors                       0x0           --   Gb  startup_MK66F18.o [1]
__Vectors_End                 0x400          Data  Gb  startup_MK66F18.o [1]
__Vectors_Size {Abs}          0x400           --   Gb  startup_MK66F18.o [1]
__aeabi_cdcmple            0x1'3efd          Code  Gb  DblCmpLe.o [3]
__aeabi_d2f                0x1'38e9          Code  Gb  DblToFlt.o [3]
__aeabi_d2iz               0x1'3865          Code  Gb  DblToS32.o [3]
__aeabi_d2uiz              0x1'2da5          Code  Gb  DblToU32.o [3]
__aeabi_dadd               0x1'2ed9          Code  Gb  DblAdd.o [3]
__aeabi_ddiv               0x1'2b5d          Code  Gb  DblDiv.o [3]
__aeabi_dmul               0x1'28a1          Code  Gb  DblMul.o [3]
__aeabi_dsub               0x1'2de9          Code  Gb  DblSub.o [3]
__aeabi_f2d                0x1'38a1          Code  Gb  FltToDbl.o [3]
__aeabi_i2d                0x1'382d          Code  Gb  S32ToDbl.o [3]
__aeabi_ldiv0              0x1'2ed5          Code  Gb  I64DivZer.o [4]
__aeabi_memcpy             0x1'2a45          Code  Gb  ABImemcpy.o [4]
__aeabi_memcpy4            0x1'2a65          Code  Gb  ABImemcpy.o [4]
__aeabi_memcpy8            0x1'2a65          Code  Gb  ABImemcpy.o [4]
__aeabi_ui2d               0x1'2dcd          Code  Gb  U32ToDbl.o [3]
__aeabi_uldivmod           0x1'2671          Code  Gb  I64DivMod.o [4]
__cmain                    0x1'5219          Code  Gb  cmain.o [4]
__data_GetMemChunk         0x1'1931    0x2c  Code  Gb  xgetmemchunk.o [2]
__data_GetMemChunk::start
                        0x1fff'0438     0x4  Data  Lc  xgetmemchunk.o [2]
__exit                     0x1'195d    0x14  Code  Gb  exit.o [5]
__iar_Fail_s               0x1'25a1    0x1c  Code  Gb  xfail_s.o [2]
__iar_Log64                0x1'3bd9   0x280  Code  Lc  logx64.o [3]
__iar_Memchr               0x1'2619          Code  Gb  memchr.o [4]
__iar_Stdout            0x1fff'0000    0x48  Data  Gb  xfiles.o [2]
__iar_Strchr               0x1'2589          Code  Gb  strchr.o [4]
__iar_copy_init3           0x1'514d    0x2c  Code  Gb  copy_init3.o [4]
__iar_dadd                 0x1'2df9          Code  Gb  DblSub.o [3]
__iar_data_init3           0x1'51a1    0x28  Code  Gb  data_init.o [4]
__iar_dlfree               0x1'13ef   0x4f6  Code  Gb  dlmalloc.o [2]
__iar_dlmalloc             0x1'1139   0x2b6  Code  Gb  dlmalloc.o [2]
__iar_dsub                 0x1'2ee9          Code  Gb  DblAdd.o [3]
__iar_dsubStart            0x1'2efb          Code  Gb  DblAdd.o [3]
__iar_frexp                0x1'2af9          Code  Gb  frexp.o [3]
__iar_frexpl               0x1'2af9          Code  Gb  frexp.o [3]
__iar_init_vfp             0x1'51c9          Code  Gb  fpinit_M.o [3]
__iar_log2_64              0x1'3ef1     0x6  Code  Gb  logx64.o [3]
__iar_log2_medium          0x1'3ef1     0x6  Code  Gb  logx64.o [3]
__iar_log2_medium64        0x1'3ef1     0x6  Code  Gb  logx64.o [3]
__iar_log2_mediuml         0x1'3ef1     0x6  Code  Gb  logx64.o [3]
__iar_program_start        0x1'52a9          Code  Gb  cstartup_M.o [4]
__iar_softfp___iar_frexp64
                           0x1'2aed          Code  Gb  frexp.o [3]
__iar_softfp_frexp         0x1'2aed          Code  Gb  frexp.o [3]
__iar_softfp_frexpl        0x1'2aed          Code  Gb  frexp.o [3]
__iar_sqrt64               0x1'3ad1          Code  Gb  sqrt.o [3]
__iar_vfp___iar_sqrt64     0x1'3ac1          Code  Gb  sqrt.o [3]
__iar_vfp_log2             0x1'3857     0xc  Code  Gb  math_wrappers64.o [3]
__iar_vfp_sqrt             0x1'3ac1          Code  Gb  sqrt.o [3]
__iar_vfp_sqrtl            0x1'3ac1          Code  Gb  sqrt.o [3]
__iar_vla_alloc2           0x1'3bc3    0x12  Code  Gb  vla_alloc.o [2]
__iar_vla_dealloc2         0x1'3bd5     0x4  Code  Gb  vla_alloc.o [2]
__iar_zero_init3           0x1'18f7    0x3a  Code  Gb  zero_init3.o [4]
__low_level_init           0x1'5237     0x4  Code  Gb  low_level_init.o [2]
__vector_table                  0x0          Data  Gb  startup_MK66F18.o [1]
__vector_table_0x1c            0x1c          Data  Gb  startup_MK66F18.o [1]
_call_main                 0x1'5225          Code  Gb  cmain.o [4]
_exit                      0x1'5241          Code  Gb  cexit.o [4]
_gm_                    0x1fff'00dc   0x1d8  Data  Lc  dlmalloc.o [2]
_main                      0x1'5233          Code  Gb  cmain.o [4]
abort                      0x1'18f1     0x6  Code  Gb  abort.o [2]
add_segment                0x1'07d9   0x1f2  Code  Lc  dlmalloc.o [2]
amplitude_and_mean_process
                           0x1'3311   0x164  Code  Gb  FFT.o [1]
amplitude_and_mean_process::amplitude
                        0x1fff'0430     0x4  Data  Lc  FFT.o [1]
amplitude_and_mean_process::max
                        0x1fff'0304    0x40  Data  Lc  FFT.o [1]
amplitude_and_mean_process::mean_max
                        0x1fff'0428     0x4  Data  Lc  FFT.o [1]
amplitude_and_mean_process::mean_min
                        0x1fff'042c     0x4  Data  Lc  FFT.o [1]
amplitude_and_mean_process::mid
                        0x1fff'0434     0x4  Data  Lc  FFT.o [1]
amplitude_and_mean_process::min
                        0x1fff'0344    0x40  Data  Lc  FFT.o [1]
bus_clk                 0x1fff'0449     0x1  Data  Gb  MK60_PLL.o [1]
car_move                   0x1'3f95   0x33c  Code  Gb  Longer_motor.o [1]
car_move::gain          0x1fff'00d4     0x4  Data  Lc  Longer_motor.o [1]
car_move::wheel         0x1fff'0408    0x10  Data  Lc  Longer_motor.o [1]
complex_add                0x1'3067    0x1a  Code  Gb  FFT.o [1]
complex_build              0x1'3055    0x12  Code  Gb  FFT.o [1]
complex_minus              0x1'3081    0x1a  Code  Gb  FFT.o [1]
complex_mult               0x1'309b    0x22  Code  Gb  FFT.o [1]
core_clk                0x1fff'0448     0x1  Data  Gb  MK60_PLL.o [1]
data_to_send            0x1fff'0384    0x34  Data  Gb  ANO_DT.o [1]
delay_ms                   0x1'50eb    0x12  Code  Lc  MK60_SYSTICK.o [1]
delay_us                   0x1'50c3    0x28  Code  Lc  MK60_SYSTICK.o [1]
distance_difference        0x1'372f    0xb2  Code  Gb  FFT.o [1]
distance_difference::max_chosen
                        0x1fff'0442     0x2  Data  Lc  FFT.o [1]
distance_difference::max_now
                        0x1fff'0440     0x2  Data  Lc  FFT.o [1]
distance_difference::max_queue
                        0x1fff'03b8    0x14  Data  Lc  FFT.o [1]
exit                       0x1'523b     0x4  Code  Gb  exit.o [2]
fputc                      0x1'4b95    0x10  Code  Gb  MK60_UART.o [1]
free                       0x1'3ef7     0x4  Code  Gb  heaptramp0.o [2]
ftm_period              0x1fff'0418    0x10  Data  Lc  MK60_FTM.o [1]
get_current_time_ms        0x1'508d    0x12  Code  Lc  MK60_SYSTICK.o [1]
get_current_time_us        0x1'509f    0x24  Code  Lc  MK60_SYSTICK.o [1]
init_mparams               0x1'042b    0x32  Code  Lc  dlmalloc.o [2]
init_top                   0x1'045d    0x36  Code  Lc  dlmalloc.o [2]
inver                      0x1'30bd    0x6a  Code  Lc  FFT.o [1]
kWnk_fft                      0x410  0x8000  Data  Gb  FFT.o [1]
kWnk_ifft                    0x8410  0x8000  Data  Gb  FFT.o [1]
key_exti_flag           0x1fff'00d8     0x1  Data  Gb  LQ_KEY.o [1]
localeconv                 0x1'2ecd     0x4  Code  Gb  xlocale_c.o [2]
log2                       0x1'3ef1     0x6  Code  Gb  logx64.o [3]
log2l                      0x1'3ef1     0x6  Code  Gb  logx64.o [3]
low_pass_filter            0x1'3475    0x7a  Code  Lc  FFT.o [1]
main                       0x1'47d5   0x156  Code  Gb  main.o [1]
memchr                     0x1'2619          Code  Gb  memchr.o [4]
midst_filter               0x1'3685    0xaa  Code  Lc  FFT.o [1]
motor_init                 0x1'3f2d    0x68  Code  Gb  Longer_motor.o [1]
mparams                 0x1fff'03f0    0x18  Data  Lc  dlmalloc.o [2]
obuf                    0x1fff'02b4    0x50  Data  Lc  xfiles.o [2]
pit0_test_flag          0x1fff'0444     0x1  Data  Gb  LQ_PIT.o [1]
pit1_test_flag          0x1fff'0445     0x1  Data  Gb  LQ_PIT.o [1]
pit2_test_flag          0x1fff'0446     0x1  Data  Gb  LQ_PIT.o [1]
pit3_test_flag          0x1fff'0447     0x1  Data  Gb  LQ_PIT.o [1]
prepend_alloc              0x1'0493   0x346  Code  Lc  dlmalloc.o [2]
printf                     0x1'4fdd    0x28  Code  Gb  printf.o [2]
putchar                    0x1'527d     0xc  Code  Gb  putchar.o [2]
sample_dx               0x2000'8000  0x8000  Data  Gb  main.o [1]
sample_dy               0x2001'8000  0x8000  Data  Gb  main.o [1]
sample_sx               0x2000'0000  0x8000  Data  Gb  main.o [1]
sample_sy               0x2001'0000  0x8000  Data  Gb  main.o [1]
scale                      0x1'2005    0x46  Code  Lc  xprintflarge_nomb.o [2]
sec_hand                0x1fff'043c     0x4  Data  Lc  xfail_s.o [2]
segment_holding            0x1'0411    0x1a  Code  Lc  dlmalloc.o [2]
sqrt                       0x1'3ad1          Code  Gb  sqrt.o [3]
sqrtl                      0x1'3ad1          Code  Gb  sqrt.o [3]
strchr                     0x1'2589          Code  Gb  strchr.o [4]
strlen                     0x1'25e1          Code  Gb  strlen.o [4]
sys_alloc                  0x1'09d1   0x164  Code  Lc  dlmalloc.o [2]
sys_trim                   0x1'0b35    0x64  Code  Lc  dlmalloc.o [2]
systime                 0x1fff'00a8    0x14  Data  Gb  MK60_SYSTICK.o [1]
systime_init               0x1'5059    0x28  Code  Lc  MK60_SYSTICK.o [1]
timer                   0x1fff'03d0    0x20  Data  Gb  MK60_SYSTICK.o [1]
tmalloc_large              0x1'0ba5   0x386  Code  Lc  dlmalloc.o [2]
tmalloc_small              0x1'0f2b   0x200  Code  Lc  dlmalloc.o [2]
xcorr                      0x1'34ef   0x192  Code  Gb  FFT.o [1]
xcorr{7}{8}{9}::A       0x1fff'00d0     0x4  Data  Lc  FFT.o [1]
z                       0x2002'0000  0x8000  Data  Gb  main.o [1]


[1] = D:\Longer\智能车赛\my_programs\MAX&FFT_K66\project\Debug\Obj
[2] = dl7M_tlf.a
[3] = m7M_tls.a
[4] = rt7M_tl.a
[5] = shb_l.a

   21 522 bytes of readonly  code memory
   65 838 bytes of readonly  data memory
  205 895 bytes of readwrite data memory

Errors: none
Warnings: none
